Archive member included to satisfy reference by file (symbol)

../../../../../libopencm3//lib/libopencm3_stm32f4.a(gpio_common_all.o)
                              fancyblink.o (gpio_set)
../../../../../libopencm3//lib/libopencm3_stm32f4.a(gpio_common_f0234.o)
                              fancyblink.o (gpio_mode_setup)
../../../../../libopencm3//lib/libopencm3_stm32f4.a(rcc_common_all.o)
                              fancyblink.o (rcc_periph_clock_enable)
../../../../../libopencm3//lib/libopencm3_stm32f4.a(rcc.o)
                              fancyblink.o (rcc_clock_setup_pll)
../../../../../libopencm3//lib/libopencm3_stm32f4.a(vector.o)
                              (reset_handler)
../../../../../libopencm3//lib/libopencm3_stm32f4.a(flash_common_all.o)
                              ../../../../../libopencm3//lib/libopencm3_stm32f4.a(rcc.o) (flash_set_ws)
../../../../../libopencm3//lib/libopencm3_stm32f4.a(flash_common_idcache.o)
                              ../../../../../libopencm3//lib/libopencm3_stm32f4.a(rcc.o) (flash_dcache_enable)
../../../../../libopencm3//lib/libopencm3_stm32f4.a(pwr.o)
                              ../../../../../libopencm3//lib/libopencm3_stm32f4.a(rcc.o) (pwr_set_vos_scale)

Discarded input sections

 .group         0x0000000000000000        0xc fancyblink.o
 .group         0x0000000000000000        0xc fancyblink.o
 .group         0x0000000000000000        0xc fancyblink.o
 .group         0x0000000000000000        0xc fancyblink.o
 .group         0x0000000000000000        0xc fancyblink.o
 .group         0x0000000000000000        0xc fancyblink.o
 .group         0x0000000000000000        0xc fancyblink.o
 .group         0x0000000000000000        0xc fancyblink.o
 .group         0x0000000000000000        0xc fancyblink.o
 .group         0x0000000000000000        0xc fancyblink.o
 .group         0x0000000000000000        0xc fancyblink.o
 .group         0x0000000000000000        0xc fancyblink.o
 .group         0x0000000000000000        0xc fancyblink.o
 .text          0x0000000000000000        0x0 fancyblink.o
 .data          0x0000000000000000        0x0 fancyblink.o
 .bss           0x0000000000000000        0x0 fancyblink.o
 .group         0x0000000000000000        0xc ../../../../../libopencm3//lib/libopencm3_stm32f4.a(gpio_common_all.o)
 .group         0x0000000000000000        0xc ../../../../../libopencm3//lib/libopencm3_stm32f4.a(gpio_common_all.o)
 .group         0x0000000000000000        0xc ../../../../../libopencm3//lib/libopencm3_stm32f4.a(gpio_common_all.o)
 .group         0x0000000000000000        0xc ../../../../../libopencm3//lib/libopencm3_stm32f4.a(gpio_common_all.o)
 .group         0x0000000000000000        0xc ../../../../../libopencm3//lib/libopencm3_stm32f4.a(gpio_common_all.o)
 .group         0x0000000000000000        0xc ../../../../../libopencm3//lib/libopencm3_stm32f4.a(gpio_common_all.o)
 .group         0x0000000000000000        0xc ../../../../../libopencm3//lib/libopencm3_stm32f4.a(gpio_common_all.o)
 .group         0x0000000000000000        0xc ../../../../../libopencm3//lib/libopencm3_stm32f4.a(gpio_common_all.o)
 .group         0x0000000000000000        0xc ../../../../../libopencm3//lib/libopencm3_stm32f4.a(gpio_common_all.o)
 .group         0x0000000000000000        0xc ../../../../../libopencm3//lib/libopencm3_stm32f4.a(gpio_common_all.o)
 .text          0x0000000000000000        0x0 ../../../../../libopencm3//lib/libopencm3_stm32f4.a(gpio_common_all.o)
 .data          0x0000000000000000        0x0 ../../../../../libopencm3//lib/libopencm3_stm32f4.a(gpio_common_all.o)
 .bss           0x0000000000000000        0x0 ../../../../../libopencm3//lib/libopencm3_stm32f4.a(gpio_common_all.o)
 .text.gpio_get
                0x0000000000000000        0x6 ../../../../../libopencm3//lib/libopencm3_stm32f4.a(gpio_common_all.o)
 .text.gpio_toggle
                0x0000000000000000       0x12 ../../../../../libopencm3//lib/libopencm3_stm32f4.a(gpio_common_all.o)
 .text.gpio_port_read
                0x0000000000000000        0x6 ../../../../../libopencm3//lib/libopencm3_stm32f4.a(gpio_common_all.o)
 .text.gpio_port_write
                0x0000000000000000        0x4 ../../../../../libopencm3//lib/libopencm3_stm32f4.a(gpio_common_all.o)
 .text.gpio_port_config_lock
                0x0000000000000000       0x10 ../../../../../libopencm3//lib/libopencm3_stm32f4.a(gpio_common_all.o)
 .debug_macro   0x0000000000000000      0xa6c ../../../../../libopencm3//lib/libopencm3_stm32f4.a(gpio_common_all.o)
 .debug_macro   0x0000000000000000       0x1c ../../../../../libopencm3//lib/libopencm3_stm32f4.a(gpio_common_all.o)
 .debug_macro   0x0000000000000000      0x34e ../../../../../libopencm3//lib/libopencm3_stm32f4.a(gpio_common_all.o)
 .debug_macro   0x0000000000000000       0x22 ../../../../../libopencm3//lib/libopencm3_stm32f4.a(gpio_common_all.o)
 .debug_macro   0x0000000000000000       0xe8 ../../../../../libopencm3//lib/libopencm3_stm32f4.a(gpio_common_all.o)
 .debug_macro   0x0000000000000000       0x76 ../../../../../libopencm3//lib/libopencm3_stm32f4.a(gpio_common_all.o)
 .debug_macro   0x0000000000000000      0x280 ../../../../../libopencm3//lib/libopencm3_stm32f4.a(gpio_common_all.o)
 .debug_macro   0x0000000000000000       0x76 ../../../../../libopencm3//lib/libopencm3_stm32f4.a(gpio_common_all.o)
 .debug_macro   0x0000000000000000      0x37e ../../../../../libopencm3//lib/libopencm3_stm32f4.a(gpio_common_all.o)
 .debug_macro   0x0000000000000000       0xca ../../../../../libopencm3//lib/libopencm3_stm32f4.a(gpio_common_all.o)
 .group         0x0000000000000000        0xc ../../../../../libopencm3//lib/libopencm3_stm32f4.a(gpio_common_f0234.o)
 .group         0x0000000000000000        0xc ../../../../../libopencm3//lib/libopencm3_stm32f4.a(gpio_common_f0234.o)
 .group         0x0000000000000000        0xc ../../../../../libopencm3//lib/libopencm3_stm32f4.a(gpio_common_f0234.o)
 .group         0x0000000000000000        0xc ../../../../../libopencm3//lib/libopencm3_stm32f4.a(gpio_common_f0234.o)
 .group         0x0000000000000000        0xc ../../../../../libopencm3//lib/libopencm3_stm32f4.a(gpio_common_f0234.o)
 .group         0x0000000000000000        0xc ../../../../../libopencm3//lib/libopencm3_stm32f4.a(gpio_common_f0234.o)
 .group         0x0000000000000000        0xc ../../../../../libopencm3//lib/libopencm3_stm32f4.a(gpio_common_f0234.o)
 .group         0x0000000000000000        0xc ../../../../../libopencm3//lib/libopencm3_stm32f4.a(gpio_common_f0234.o)
 .group         0x0000000000000000        0xc ../../../../../libopencm3//lib/libopencm3_stm32f4.a(gpio_common_f0234.o)
 .group         0x0000000000000000        0xc ../../../../../libopencm3//lib/libopencm3_stm32f4.a(gpio_common_f0234.o)
 .text          0x0000000000000000        0x0 ../../../../../libopencm3//lib/libopencm3_stm32f4.a(gpio_common_f0234.o)
 .data          0x0000000000000000        0x0 ../../../../../libopencm3//lib/libopencm3_stm32f4.a(gpio_common_f0234.o)
 .bss           0x0000000000000000        0x0 ../../../../../libopencm3//lib/libopencm3_stm32f4.a(gpio_common_f0234.o)
 .text.gpio_set_output_options
                0x0000000000000000       0x36 ../../../../../libopencm3//lib/libopencm3_stm32f4.a(gpio_common_f0234.o)
 .text.gpio_set_af
                0x0000000000000000       0x58 ../../../../../libopencm3//lib/libopencm3_stm32f4.a(gpio_common_f0234.o)
 .debug_macro   0x0000000000000000      0xa6c ../../../../../libopencm3//lib/libopencm3_stm32f4.a(gpio_common_f0234.o)
 .debug_macro   0x0000000000000000       0x1c ../../../../../libopencm3//lib/libopencm3_stm32f4.a(gpio_common_f0234.o)
 .debug_macro   0x0000000000000000      0x34e ../../../../../libopencm3//lib/libopencm3_stm32f4.a(gpio_common_f0234.o)
 .debug_macro   0x0000000000000000       0x22 ../../../../../libopencm3//lib/libopencm3_stm32f4.a(gpio_common_f0234.o)
 .debug_macro   0x0000000000000000       0xe8 ../../../../../libopencm3//lib/libopencm3_stm32f4.a(gpio_common_f0234.o)
 .debug_macro   0x0000000000000000       0x76 ../../../../../libopencm3//lib/libopencm3_stm32f4.a(gpio_common_f0234.o)
 .debug_macro   0x0000000000000000      0x280 ../../../../../libopencm3//lib/libopencm3_stm32f4.a(gpio_common_f0234.o)
 .debug_macro   0x0000000000000000       0x76 ../../../../../libopencm3//lib/libopencm3_stm32f4.a(gpio_common_f0234.o)
 .debug_macro   0x0000000000000000      0x37e ../../../../../libopencm3//lib/libopencm3_stm32f4.a(gpio_common_f0234.o)
 .debug_macro   0x0000000000000000       0xca ../../../../../libopencm3//lib/libopencm3_stm32f4.a(gpio_common_f0234.o)
 .group         0x0000000000000000        0xc ../../../../../libopencm3//lib/libopencm3_stm32f4.a(rcc_common_all.o)
 .group         0x0000000000000000        0xc ../../../../../libopencm3//lib/libopencm3_stm32f4.a(rcc_common_all.o)
 .group         0x0000000000000000        0xc ../../../../../libopencm3//lib/libopencm3_stm32f4.a(rcc_common_all.o)
 .group         0x0000000000000000        0xc ../../../../../libopencm3//lib/libopencm3_stm32f4.a(rcc_common_all.o)
 .group         0x0000000000000000        0xc ../../../../../libopencm3//lib/libopencm3_stm32f4.a(rcc_common_all.o)
 .group         0x0000000000000000        0xc ../../../../../libopencm3//lib/libopencm3_stm32f4.a(rcc_common_all.o)
 .group         0x0000000000000000        0xc ../../../../../libopencm3//lib/libopencm3_stm32f4.a(rcc_common_all.o)
 .group         0x0000000000000000        0xc ../../../../../libopencm3//lib/libopencm3_stm32f4.a(rcc_common_all.o)
 .group         0x0000000000000000        0xc ../../../../../libopencm3//lib/libopencm3_stm32f4.a(rcc_common_all.o)
 .group         0x0000000000000000        0xc ../../../../../libopencm3//lib/libopencm3_stm32f4.a(rcc_common_all.o)
 .text          0x0000000000000000        0x0 ../../../../../libopencm3//lib/libopencm3_stm32f4.a(rcc_common_all.o)
 .data          0x0000000000000000        0x0 ../../../../../libopencm3//lib/libopencm3_stm32f4.a(rcc_common_all.o)
 .bss           0x0000000000000000        0x0 ../../../../../libopencm3//lib/libopencm3_stm32f4.a(rcc_common_all.o)
 .text.rcc_peripheral_enable_clock
                0x0000000000000000        0x8 ../../../../../libopencm3//lib/libopencm3_stm32f4.a(rcc_common_all.o)
 .text.rcc_peripheral_disable_clock
                0x0000000000000000        0xa ../../../../../libopencm3//lib/libopencm3_stm32f4.a(rcc_common_all.o)
 .text.rcc_peripheral_reset
                0x0000000000000000        0x8 ../../../../../libopencm3//lib/libopencm3_stm32f4.a(rcc_common_all.o)
 .text.rcc_peripheral_clear_reset
                0x0000000000000000        0xa ../../../../../libopencm3//lib/libopencm3_stm32f4.a(rcc_common_all.o)
 .text.rcc_periph_clock_disable
                0x0000000000000000       0x1e ../../../../../libopencm3//lib/libopencm3_stm32f4.a(rcc_common_all.o)
 .text.rcc_periph_reset_pulse
                0x0000000000000000       0x24 ../../../../../libopencm3//lib/libopencm3_stm32f4.a(rcc_common_all.o)
 .text.rcc_periph_reset_hold
                0x0000000000000000        0x4 ../../../../../libopencm3//lib/libopencm3_stm32f4.a(rcc_common_all.o)
 .text.rcc_periph_reset_release
                0x0000000000000000        0x4 ../../../../../libopencm3//lib/libopencm3_stm32f4.a(rcc_common_all.o)
 .text.rcc_set_mco
                0x0000000000000000       0x18 ../../../../../libopencm3//lib/libopencm3_stm32f4.a(rcc_common_all.o)
 .text.rcc_osc_bypass_enable
                0x0000000000000000       0x30 ../../../../../libopencm3//lib/libopencm3_stm32f4.a(rcc_common_all.o)
 .text.rcc_osc_bypass_disable
                0x0000000000000000       0x30 ../../../../../libopencm3//lib/libopencm3_stm32f4.a(rcc_common_all.o)
 .text.rcc_get_div_from_hpre
                0x0000000000000000       0x1c ../../../../../libopencm3//lib/libopencm3_stm32f4.a(rcc_common_all.o)
 .debug_macro   0x0000000000000000      0xa6c ../../../../../libopencm3//lib/libopencm3_stm32f4.a(rcc_common_all.o)
 .debug_macro   0x0000000000000000       0x1c ../../../../../libopencm3//lib/libopencm3_stm32f4.a(rcc_common_all.o)
 .debug_macro   0x0000000000000000      0x34e ../../../../../libopencm3//lib/libopencm3_stm32f4.a(rcc_common_all.o)
 .debug_macro   0x0000000000000000       0x22 ../../../../../libopencm3//lib/libopencm3_stm32f4.a(rcc_common_all.o)
 .debug_macro   0x0000000000000000       0xe8 ../../../../../libopencm3//lib/libopencm3_stm32f4.a(rcc_common_all.o)
 .debug_macro   0x0000000000000000       0x76 ../../../../../libopencm3//lib/libopencm3_stm32f4.a(rcc_common_all.o)
 .debug_macro   0x0000000000000000      0x280 ../../../../../libopencm3//lib/libopencm3_stm32f4.a(rcc_common_all.o)
 .debug_macro   0x0000000000000000       0x8e ../../../../../libopencm3//lib/libopencm3_stm32f4.a(rcc_common_all.o)
 .debug_macro   0x0000000000000000       0x46 ../../../../../libopencm3//lib/libopencm3_stm32f4.a(rcc_common_all.o)
 .debug_macro   0x0000000000000000      0xcea ../../../../../libopencm3//lib/libopencm3_stm32f4.a(rcc_common_all.o)
 .group         0x0000000000000000        0xc ../../../../../libopencm3//lib/libopencm3_stm32f4.a(rcc.o)
 .group         0x0000000000000000        0xc ../../../../../libopencm3//lib/libopencm3_stm32f4.a(rcc.o)
 .group         0x0000000000000000        0xc ../../../../../libopencm3//lib/libopencm3_stm32f4.a(rcc.o)
 .group         0x0000000000000000        0xc ../../../../../libopencm3//lib/libopencm3_stm32f4.a(rcc.o)
 .group         0x0000000000000000        0xc ../../../../../libopencm3//lib/libopencm3_stm32f4.a(rcc.o)
 .group         0x0000000000000000        0xc ../../../../../libopencm3//lib/libopencm3_stm32f4.a(rcc.o)
 .group         0x0000000000000000        0xc ../../../../../libopencm3//lib/libopencm3_stm32f4.a(rcc.o)
 .group         0x0000000000000000        0xc ../../../../../libopencm3//lib/libopencm3_stm32f4.a(rcc.o)
 .group         0x0000000000000000        0xc ../../../../../libopencm3//lib/libopencm3_stm32f4.a(rcc.o)
 .group         0x0000000000000000        0xc ../../../../../libopencm3//lib/libopencm3_stm32f4.a(rcc.o)
 .group         0x0000000000000000        0xc ../../../../../libopencm3//lib/libopencm3_stm32f4.a(rcc.o)
 .group         0x0000000000000000        0xc ../../../../../libopencm3//lib/libopencm3_stm32f4.a(rcc.o)
 .group         0x0000000000000000        0xc ../../../../../libopencm3//lib/libopencm3_stm32f4.a(rcc.o)
 .group         0x0000000000000000        0xc ../../../../../libopencm3//lib/libopencm3_stm32f4.a(rcc.o)
 .text          0x0000000000000000        0x0 ../../../../../libopencm3//lib/libopencm3_stm32f4.a(rcc.o)
 .data          0x0000000000000000        0x0 ../../../../../libopencm3//lib/libopencm3_stm32f4.a(rcc.o)
 .bss           0x0000000000000000        0x0 ../../../../../libopencm3//lib/libopencm3_stm32f4.a(rcc.o)
 .text.rcc_osc_ready_int_clear
                0x0000000000000000       0x6c ../../../../../libopencm3//lib/libopencm3_stm32f4.a(rcc.o)
 .text.rcc_osc_ready_int_enable
                0x0000000000000000       0x6c ../../../../../libopencm3//lib/libopencm3_stm32f4.a(rcc.o)
 .text.rcc_osc_ready_int_disable
                0x0000000000000000       0x6c ../../../../../libopencm3//lib/libopencm3_stm32f4.a(rcc.o)
 .text.rcc_osc_ready_int_flag
                0x0000000000000000       0x6c ../../../../../libopencm3//lib/libopencm3_stm32f4.a(rcc.o)
 .text.rcc_css_int_clear
                0x0000000000000000       0x14 ../../../../../libopencm3//lib/libopencm3_stm32f4.a(rcc.o)
 .text.rcc_css_int_flag
                0x0000000000000000       0x10 ../../../../../libopencm3//lib/libopencm3_stm32f4.a(rcc.o)
 .text.rcc_wait_for_sysclk_status
                0x0000000000000000       0x40 ../../../../../libopencm3//lib/libopencm3_stm32f4.a(rcc.o)
 .text.rcc_css_enable
                0x0000000000000000       0x14 ../../../../../libopencm3//lib/libopencm3_stm32f4.a(rcc.o)
 .text.rcc_css_disable
                0x0000000000000000       0x14 ../../../../../libopencm3//lib/libopencm3_stm32f4.a(rcc.o)
 .text.rcc_plli2s_config
                0x0000000000000000       0x1c ../../../../../libopencm3//lib/libopencm3_stm32f4.a(rcc.o)
 .text.rcc_pllsai_config
                0x0000000000000000       0x2c ../../../../../libopencm3//lib/libopencm3_stm32f4.a(rcc.o)
 .text.rcc_pllsai_postscalers
                0x0000000000000000       0x28 ../../../../../libopencm3//lib/libopencm3_stm32f4.a(rcc.o)
 .text.rcc_set_pll_source
                0x0000000000000000       0x18 ../../../../../libopencm3//lib/libopencm3_stm32f4.a(rcc.o)
 .text.rcc_set_rtcpre
                0x0000000000000000       0x18 ../../../../../libopencm3//lib/libopencm3_stm32f4.a(rcc.o)
 .text.rcc_system_clock_source
                0x0000000000000000       0x10 ../../../../../libopencm3//lib/libopencm3_stm32f4.a(rcc.o)
 .text.rcc_clock_setup_hse_3v3
                0x0000000000000000        0x4 ../../../../../libopencm3//lib/libopencm3_stm32f4.a(rcc.o)
 .text.rcc_get_usart_clk_freq
                0x0000000000000000       0x20 ../../../../../libopencm3//lib/libopencm3_stm32f4.a(rcc.o)
 .text.rcc_get_timer_clk_freq
                0x0000000000000000       0x34 ../../../../../libopencm3//lib/libopencm3_stm32f4.a(rcc.o)
 .text.rcc_get_i2c_clk_freq
                0x0000000000000000        0xc ../../../../../libopencm3//lib/libopencm3_stm32f4.a(rcc.o)
 .text.rcc_get_spi_clk_freq
                0x0000000000000000       0x20 ../../../../../libopencm3//lib/libopencm3_stm32f4.a(rcc.o)
 .rodata.rcc_hse_12mhz_3v3
                0x0000000000000000       0x70 ../../../../../libopencm3//lib/libopencm3_stm32f4.a(rcc.o)
 .rodata.rcc_hse_16mhz_3v3
                0x0000000000000000       0x70 ../../../../../libopencm3//lib/libopencm3_stm32f4.a(rcc.o)
 .rodata.rcc_hse_25mhz_3v3
                0x0000000000000000       0x70 ../../../../../libopencm3//lib/libopencm3_stm32f4.a(rcc.o)
 .rodata.rcc_hsi_configs
                0x0000000000000000       0x70 ../../../../../libopencm3//lib/libopencm3_stm32f4.a(rcc.o)
 .debug_macro   0x0000000000000000      0xa6c ../../../../../libopencm3//lib/libopencm3_stm32f4.a(rcc.o)
 .debug_macro   0x0000000000000000       0x1c ../../../../../libopencm3//lib/libopencm3_stm32f4.a(rcc.o)
 .debug_macro   0x0000000000000000      0x34e ../../../../../libopencm3//lib/libopencm3_stm32f4.a(rcc.o)
 .debug_macro   0x0000000000000000       0x22 ../../../../../libopencm3//lib/libopencm3_stm32f4.a(rcc.o)
 .debug_macro   0x0000000000000000       0xe8 ../../../../../libopencm3//lib/libopencm3_stm32f4.a(rcc.o)
 .debug_macro   0x0000000000000000       0x76 ../../../../../libopencm3//lib/libopencm3_stm32f4.a(rcc.o)
 .debug_macro   0x0000000000000000      0x280 ../../../../../libopencm3//lib/libopencm3_stm32f4.a(rcc.o)
 .debug_macro   0x0000000000000000       0x8e ../../../../../libopencm3//lib/libopencm3_stm32f4.a(rcc.o)
 .debug_macro   0x0000000000000000       0x46 ../../../../../libopencm3//lib/libopencm3_stm32f4.a(rcc.o)
 .debug_macro   0x0000000000000000      0xcea ../../../../../libopencm3//lib/libopencm3_stm32f4.a(rcc.o)
 .group         0x0000000000000000        0xc ../../../../../libopencm3//lib/libopencm3_stm32f4.a(vector.o)
 .group         0x0000000000000000        0xc ../../../../../libopencm3//lib/libopencm3_stm32f4.a(vector.o)
 .group         0x0000000000000000        0xc ../../../../../libopencm3//lib/libopencm3_stm32f4.a(vector.o)
 .group         0x0000000000000000        0xc ../../../../../libopencm3//lib/libopencm3_stm32f4.a(vector.o)
 .group         0x0000000000000000        0xc ../../../../../libopencm3//lib/libopencm3_stm32f4.a(vector.o)
 .group         0x0000000000000000        0xc ../../../../../libopencm3//lib/libopencm3_stm32f4.a(vector.o)
 .group         0x0000000000000000        0xc ../../../../../libopencm3//lib/libopencm3_stm32f4.a(vector.o)
 .group         0x0000000000000000        0xc ../../../../../libopencm3//lib/libopencm3_stm32f4.a(vector.o)
 .group         0x0000000000000000        0xc ../../../../../libopencm3//lib/libopencm3_stm32f4.a(vector.o)
 .text          0x0000000000000000        0x0 ../../../../../libopencm3//lib/libopencm3_stm32f4.a(vector.o)
 .data          0x0000000000000000        0x0 ../../../../../libopencm3//lib/libopencm3_stm32f4.a(vector.o)
 .bss           0x0000000000000000        0x0 ../../../../../libopencm3//lib/libopencm3_stm32f4.a(vector.o)
 .debug_macro   0x0000000000000000      0xa6c ../../../../../libopencm3//lib/libopencm3_stm32f4.a(vector.o)
 .debug_macro   0x0000000000000000       0x76 ../../../../../libopencm3//lib/libopencm3_stm32f4.a(vector.o)
 .debug_macro   0x0000000000000000       0x1c ../../../../../libopencm3//lib/libopencm3_stm32f4.a(vector.o)
 .debug_macro   0x0000000000000000      0x34e ../../../../../libopencm3//lib/libopencm3_stm32f4.a(vector.o)
 .debug_macro   0x0000000000000000       0x22 ../../../../../libopencm3//lib/libopencm3_stm32f4.a(vector.o)
 .debug_macro   0x0000000000000000       0xe8 ../../../../../libopencm3//lib/libopencm3_stm32f4.a(vector.o)
 .group         0x0000000000000000        0xc ../../../../../libopencm3//lib/libopencm3_stm32f4.a(flash_common_all.o)
 .group         0x0000000000000000        0xc ../../../../../libopencm3//lib/libopencm3_stm32f4.a(flash_common_all.o)
 .group         0x0000000000000000        0xc ../../../../../libopencm3//lib/libopencm3_stm32f4.a(flash_common_all.o)
 .group         0x0000000000000000        0xc ../../../../../libopencm3//lib/libopencm3_stm32f4.a(flash_common_all.o)
 .group         0x0000000000000000        0xc ../../../../../libopencm3//lib/libopencm3_stm32f4.a(flash_common_all.o)
 .group         0x0000000000000000        0xc ../../../../../libopencm3//lib/libopencm3_stm32f4.a(flash_common_all.o)
 .group         0x0000000000000000        0xc ../../../../../libopencm3//lib/libopencm3_stm32f4.a(flash_common_all.o)
 .group         0x0000000000000000        0xc ../../../../../libopencm3//lib/libopencm3_stm32f4.a(flash_common_all.o)
 .group         0x0000000000000000        0xc ../../../../../libopencm3//lib/libopencm3_stm32f4.a(flash_common_all.o)
 .group         0x0000000000000000        0xc ../../../../../libopencm3//lib/libopencm3_stm32f4.a(flash_common_all.o)
 .text          0x0000000000000000        0x0 ../../../../../libopencm3//lib/libopencm3_stm32f4.a(flash_common_all.o)
 .data          0x0000000000000000        0x0 ../../../../../libopencm3//lib/libopencm3_stm32f4.a(flash_common_all.o)
 .bss           0x0000000000000000        0x0 ../../../../../libopencm3//lib/libopencm3_stm32f4.a(flash_common_all.o)
 .text.flash_prefetch_enable
                0x0000000000000000       0x14 ../../../../../libopencm3//lib/libopencm3_stm32f4.a(flash_common_all.o)
 .text.flash_prefetch_disable
                0x0000000000000000       0x14 ../../../../../libopencm3//lib/libopencm3_stm32f4.a(flash_common_all.o)
 .text.flash_unlock_option_bytes
                0x0000000000000000       0x1c ../../../../../libopencm3//lib/libopencm3_stm32f4.a(flash_common_all.o)
 .debug_macro   0x0000000000000000      0xa6c ../../../../../libopencm3//lib/libopencm3_stm32f4.a(flash_common_all.o)
 .debug_macro   0x0000000000000000       0x1c ../../../../../libopencm3//lib/libopencm3_stm32f4.a(flash_common_all.o)
 .debug_macro   0x0000000000000000      0x34e ../../../../../libopencm3//lib/libopencm3_stm32f4.a(flash_common_all.o)
 .debug_macro   0x0000000000000000       0x22 ../../../../../libopencm3//lib/libopencm3_stm32f4.a(flash_common_all.o)
 .debug_macro   0x0000000000000000       0xe8 ../../../../../libopencm3//lib/libopencm3_stm32f4.a(flash_common_all.o)
 .debug_macro   0x0000000000000000       0x76 ../../../../../libopencm3//lib/libopencm3_stm32f4.a(flash_common_all.o)
 .debug_macro   0x0000000000000000      0x280 ../../../../../libopencm3//lib/libopencm3_stm32f4.a(flash_common_all.o)
 .debug_macro   0x0000000000000000       0x1c ../../../../../libopencm3//lib/libopencm3_stm32f4.a(flash_common_all.o)
 .debug_macro   0x0000000000000000      0x143 ../../../../../libopencm3//lib/libopencm3_stm32f4.a(flash_common_all.o)
 .debug_macro   0x0000000000000000       0x10 ../../../../../libopencm3//lib/libopencm3_stm32f4.a(flash_common_all.o)
 .group         0x0000000000000000        0xc ../../../../../libopencm3//lib/libopencm3_stm32f4.a(flash_common_idcache.o)
 .group         0x0000000000000000        0xc ../../../../../libopencm3//lib/libopencm3_stm32f4.a(flash_common_idcache.o)
 .group         0x0000000000000000        0xc ../../../../../libopencm3//lib/libopencm3_stm32f4.a(flash_common_idcache.o)
 .group         0x0000000000000000        0xc ../../../../../libopencm3//lib/libopencm3_stm32f4.a(flash_common_idcache.o)
 .group         0x0000000000000000        0xc ../../../../../libopencm3//lib/libopencm3_stm32f4.a(flash_common_idcache.o)
 .group         0x0000000000000000        0xc ../../../../../libopencm3//lib/libopencm3_stm32f4.a(flash_common_idcache.o)
 .group         0x0000000000000000        0xc ../../../../../libopencm3//lib/libopencm3_stm32f4.a(flash_common_idcache.o)
 .group         0x0000000000000000        0xc ../../../../../libopencm3//lib/libopencm3_stm32f4.a(flash_common_idcache.o)
 .group         0x0000000000000000        0xc ../../../../../libopencm3//lib/libopencm3_stm32f4.a(flash_common_idcache.o)
 .group         0x0000000000000000        0xc ../../../../../libopencm3//lib/libopencm3_stm32f4.a(flash_common_idcache.o)
 .text          0x0000000000000000        0x0 ../../../../../libopencm3//lib/libopencm3_stm32f4.a(flash_common_idcache.o)
 .data          0x0000000000000000        0x0 ../../../../../libopencm3//lib/libopencm3_stm32f4.a(flash_common_idcache.o)
 .bss           0x0000000000000000        0x0 ../../../../../libopencm3//lib/libopencm3_stm32f4.a(flash_common_idcache.o)
 .text.flash_dcache_reset
                0x0000000000000000       0x14 ../../../../../libopencm3//lib/libopencm3_stm32f4.a(flash_common_idcache.o)
 .text.flash_icache_reset
                0x0000000000000000       0x14 ../../../../../libopencm3//lib/libopencm3_stm32f4.a(flash_common_idcache.o)
 .debug_macro   0x0000000000000000      0xa6c ../../../../../libopencm3//lib/libopencm3_stm32f4.a(flash_common_idcache.o)
 .debug_macro   0x0000000000000000       0x1c ../../../../../libopencm3//lib/libopencm3_stm32f4.a(flash_common_idcache.o)
 .debug_macro   0x0000000000000000      0x34e ../../../../../libopencm3//lib/libopencm3_stm32f4.a(flash_common_idcache.o)
 .debug_macro   0x0000000000000000       0x22 ../../../../../libopencm3//lib/libopencm3_stm32f4.a(flash_common_idcache.o)
 .debug_macro   0x0000000000000000       0xe8 ../../../../../libopencm3//lib/libopencm3_stm32f4.a(flash_common_idcache.o)
 .debug_macro   0x0000000000000000       0x76 ../../../../../libopencm3//lib/libopencm3_stm32f4.a(flash_common_idcache.o)
 .debug_macro   0x0000000000000000      0x280 ../../../../../libopencm3//lib/libopencm3_stm32f4.a(flash_common_idcache.o)
 .debug_macro   0x0000000000000000       0x1c ../../../../../libopencm3//lib/libopencm3_stm32f4.a(flash_common_idcache.o)
 .debug_macro   0x0000000000000000      0x143 ../../../../../libopencm3//lib/libopencm3_stm32f4.a(flash_common_idcache.o)
 .debug_macro   0x0000000000000000       0x10 ../../../../../libopencm3//lib/libopencm3_stm32f4.a(flash_common_idcache.o)
 .group         0x0000000000000000        0xc ../../../../../libopencm3//lib/libopencm3_stm32f4.a(pwr.o)
 .group         0x0000000000000000        0xc ../../../../../libopencm3//lib/libopencm3_stm32f4.a(pwr.o)
 .group         0x0000000000000000        0xc ../../../../../libopencm3//lib/libopencm3_stm32f4.a(pwr.o)
 .group         0x0000000000000000        0xc ../../../../../libopencm3//lib/libopencm3_stm32f4.a(pwr.o)
 .group         0x0000000000000000        0xc ../../../../../libopencm3//lib/libopencm3_stm32f4.a(pwr.o)
 .group         0x0000000000000000        0xc ../../../../../libopencm3//lib/libopencm3_stm32f4.a(pwr.o)
 .group         0x0000000000000000        0xc ../../../../../libopencm3//lib/libopencm3_stm32f4.a(pwr.o)
 .group         0x0000000000000000        0xc ../../../../../libopencm3//lib/libopencm3_stm32f4.a(pwr.o)
 .group         0x0000000000000000        0xc ../../../../../libopencm3//lib/libopencm3_stm32f4.a(pwr.o)
 .text          0x0000000000000000        0x0 ../../../../../libopencm3//lib/libopencm3_stm32f4.a(pwr.o)
 .data          0x0000000000000000        0x0 ../../../../../libopencm3//lib/libopencm3_stm32f4.a(pwr.o)
 .bss           0x0000000000000000        0x0 ../../../../../libopencm3//lib/libopencm3_stm32f4.a(pwr.o)
 .debug_macro   0x0000000000000000      0xa6c ../../../../../libopencm3//lib/libopencm3_stm32f4.a(pwr.o)
 .debug_macro   0x0000000000000000       0x1c ../../../../../libopencm3//lib/libopencm3_stm32f4.a(pwr.o)
 .debug_macro   0x0000000000000000      0x34e ../../../../../libopencm3//lib/libopencm3_stm32f4.a(pwr.o)
 .debug_macro   0x0000000000000000       0x22 ../../../../../libopencm3//lib/libopencm3_stm32f4.a(pwr.o)
 .debug_macro   0x0000000000000000       0xe8 ../../../../../libopencm3//lib/libopencm3_stm32f4.a(pwr.o)
 .debug_macro   0x0000000000000000       0x76 ../../../../../libopencm3//lib/libopencm3_stm32f4.a(pwr.o)
 .debug_macro   0x0000000000000000      0x280 ../../../../../libopencm3//lib/libopencm3_stm32f4.a(pwr.o)
 .debug_macro   0x0000000000000000       0x8e ../../../../../libopencm3//lib/libopencm3_stm32f4.a(pwr.o)
 .debug_macro   0x0000000000000000       0x46 ../../../../../libopencm3//lib/libopencm3_stm32f4.a(pwr.o)

Memory Configuration

Name             Origin             Length             Attributes
rom              0x0000000008000000 0x0000000000200000 xr
ccm              0x0000000010000000 0x0000000000010000 xrw
ram              0x0000000020000000 0x0000000000030000 xrw
*default*        0x0000000000000000 0xffffffffffffffff

Linker script and memory map

LOAD fancyblink.o
LOAD ../../../../../libopencm3//lib/libopencm3_stm32f4.a
START GROUP
LOAD /usr/lib/gcc/arm-none-eabi/10.3.1/../../../arm-none-eabi/lib/thumb/v7e-m+fp/hard/libc.a
LOAD /usr/lib/gcc/arm-none-eabi/10.3.1/thumb/v7e-m+fp/hard/libgcc.a
LOAD /usr/lib/gcc/arm-none-eabi/10.3.1/../../../arm-none-eabi/lib/thumb/v7e-m+fp/hard/libnosys.a
END GROUP
START GROUP
LOAD /usr/lib/gcc/arm-none-eabi/10.3.1/thumb/v7e-m+fp/hard/libgcc.a
LOAD /usr/lib/gcc/arm-none-eabi/10.3.1/../../../arm-none-eabi/lib/thumb/v7e-m+fp/hard/libg.a
LOAD /usr/lib/gcc/arm-none-eabi/10.3.1/../../../arm-none-eabi/lib/thumb/v7e-m+fp/hard/libc.a
END GROUP

.text           0x0000000008000000      0x740
 *(.vectors)
 .vectors       0x0000000008000000      0x1ac ../../../../../libopencm3//lib/libopencm3_stm32f4.a(vector.o)
                0x0000000008000000                vector_table
 *(.text*)
 .text.startup.main
                0x00000000080001ac       0x70 fancyblink.o
                0x00000000080001ac                main
 .text.gpio_set
                0x000000000800021c        0x4 ../../../../../libopencm3//lib/libopencm3_stm32f4.a(gpio_common_all.o)
                0x000000000800021c                gpio_set
 .text.gpio_clear
                0x0000000008000220        0x6 ../../../../../libopencm3//lib/libopencm3_stm32f4.a(gpio_common_all.o)
                0x0000000008000220                gpio_clear
 .text.gpio_mode_setup
                0x0000000008000226       0x40 ../../../../../libopencm3//lib/libopencm3_stm32f4.a(gpio_common_f0234.o)
                0x0000000008000226                gpio_mode_setup
 .text.rcc_periph_clock_enable
                0x0000000008000266       0x1c ../../../../../libopencm3//lib/libopencm3_stm32f4.a(rcc_common_all.o)
                0x0000000008000266                rcc_periph_clock_enable
 *fill*         0x0000000008000282        0x2 
 .text.rcc_is_osc_ready
                0x0000000008000284       0x64 ../../../../../libopencm3//lib/libopencm3_stm32f4.a(rcc.o)
                0x0000000008000284                rcc_is_osc_ready
 .text.rcc_wait_for_osc_ready
                0x00000000080002e8       0x10 ../../../../../libopencm3//lib/libopencm3_stm32f4.a(rcc.o)
                0x00000000080002e8                rcc_wait_for_osc_ready
 .text.rcc_osc_on
                0x00000000080002f8       0x74 ../../../../../libopencm3//lib/libopencm3_stm32f4.a(rcc.o)
                0x00000000080002f8                rcc_osc_on
 .text.rcc_osc_off
                0x000000000800036c       0x74 ../../../../../libopencm3//lib/libopencm3_stm32f4.a(rcc.o)
                0x000000000800036c                rcc_osc_off
 .text.rcc_set_sysclk_source
                0x00000000080003e0       0x18 ../../../../../libopencm3//lib/libopencm3_stm32f4.a(rcc.o)
                0x00000000080003e0                rcc_set_sysclk_source
 .text.rcc_set_ppre2
                0x00000000080003f8       0x18 ../../../../../libopencm3//lib/libopencm3_stm32f4.a(rcc.o)
                0x00000000080003f8                rcc_set_ppre2
 .text.rcc_set_ppre1
                0x0000000008000410       0x18 ../../../../../libopencm3//lib/libopencm3_stm32f4.a(rcc.o)
                0x0000000008000410                rcc_set_ppre1
 .text.rcc_set_hpre
                0x0000000008000428       0x18 ../../../../../libopencm3//lib/libopencm3_stm32f4.a(rcc.o)
                0x0000000008000428                rcc_set_hpre
 .text.rcc_set_main_pll_hsi
                0x0000000008000440       0x44 ../../../../../libopencm3//lib/libopencm3_stm32f4.a(rcc.o)
                0x0000000008000440                rcc_set_main_pll_hsi
 .text.rcc_set_main_pll_hse
                0x0000000008000484       0x44 ../../../../../libopencm3//lib/libopencm3_stm32f4.a(rcc.o)
                0x0000000008000484                rcc_set_main_pll_hse
 .text.rcc_clock_setup_pll
                0x00000000080004c8       0xe4 ../../../../../libopencm3//lib/libopencm3_stm32f4.a(rcc.o)
                0x00000000080004c8                rcc_clock_setup_pll
 .text.blocking_handler
                0x00000000080005ac        0x2 ../../../../../libopencm3//lib/libopencm3_stm32f4.a(vector.o)
                0x00000000080005ac                dma2_stream1_isr
                0x00000000080005ac                tim8_brk_tim12_isr
                0x00000000080005ac                dma1_stream7_isr
                0x00000000080005ac                usart3_isr
                0x00000000080005ac                tim7_isr
                0x00000000080005ac                dma2d_isr
                0x00000000080005ac                uart8_isr
                0x00000000080005ac                dma1_stream2_isr
                0x00000000080005ac                otg_hs_isr
                0x00000000080005ac                blocking_handler
                0x00000000080005ac                tim5_isr
                0x00000000080005ac                rtc_wkup_isr
                0x00000000080005ac                otg_fs_isr
                0x00000000080005ac                spi1_isr
                0x00000000080005ac                i2c3_er_isr
                0x00000000080005ac                exti2_isr
                0x00000000080005ac                spi5_isr
                0x00000000080005ac                usb_fs_wkup_isr
                0x00000000080005ac                tamp_stamp_isr
                0x00000000080005ac                can1_rx1_isr
                0x00000000080005ac                dma2_stream0_isr
                0x00000000080005ac                usart1_isr
                0x00000000080005ac                i2c3_ev_isr
                0x00000000080005ac                usage_fault_handler
                0x00000000080005ac                can2_rx0_isr
                0x00000000080005ac                dma1_stream6_isr
                0x00000000080005ac                can2_rx1_isr
                0x00000000080005ac                can1_sce_isr
                0x00000000080005ac                tim1_cc_isr
                0x00000000080005ac                can1_tx_isr
                0x00000000080005ac                tim1_up_tim10_isr
                0x00000000080005ac                sdio_isr
                0x00000000080005ac                eth_isr
                0x00000000080005ac                spi6_isr
                0x00000000080005ac                dma2_stream5_isr
                0x00000000080005ac                pvd_isr
                0x00000000080005ac                can1_rx0_isr
                0x00000000080005ac                rcc_isr
                0x00000000080005ac                dma2_stream3_isr
                0x00000000080005ac                flash_isr
                0x00000000080005ac                uart4_isr
                0x00000000080005ac                lcd_tft_isr
                0x00000000080005ac                rtc_alarm_isr
                0x00000000080005ac                exti15_10_isr
                0x00000000080005ac                hash_rng_isr
                0x00000000080005ac                tim1_trg_com_tim11_isr
                0x00000000080005ac                hard_fault_handler
                0x00000000080005ac                exti1_isr
                0x00000000080005ac                i2c1_ev_isr
                0x00000000080005ac                usart6_isr
                0x00000000080005ac                spi2_isr
                0x00000000080005ac                cryp_isr
                0x00000000080005ac                nvic_wwdg_isr
                0x00000000080005ac                dma1_stream1_isr
                0x00000000080005ac                dma2_stream4_isr
                0x00000000080005ac                exti3_isr
                0x00000000080005ac                tim3_isr
                0x00000000080005ac                usart2_isr
                0x00000000080005ac                sai1_isr
                0x00000000080005ac                fpu_isr
                0x00000000080005ac                dma1_stream4_isr
                0x00000000080005ac                i2c2_er_isr
                0x00000000080005ac                i2c2_ev_isr
                0x00000000080005ac                uart5_isr
                0x00000000080005ac                dma2_stream6_isr
                0x00000000080005ac                spi4_isr
                0x00000000080005ac                adc_isr
                0x00000000080005ac                dma2_stream7_isr
                0x00000000080005ac                tim8_up_tim13_isr
                0x00000000080005ac                fsmc_isr
                0x00000000080005ac                exti4_isr
                0x00000000080005ac                tim6_dac_isr
                0x00000000080005ac                dma1_stream3_isr
                0x00000000080005ac                tim8_trg_com_tim14_isr
                0x00000000080005ac                mem_manage_handler
                0x00000000080005ac                lcd_tft_err_isr
                0x00000000080005ac                can2_tx_isr
                0x00000000080005ac                exti9_5_isr
                0x00000000080005ac                tim1_brk_tim9_isr
                0x00000000080005ac                uart7_isr
                0x00000000080005ac                can2_sce_isr
                0x00000000080005ac                tim4_isr
                0x00000000080005ac                otg_hs_wkup_isr
                0x00000000080005ac                i2c1_er_isr
                0x00000000080005ac                dma1_stream0_isr
                0x00000000080005ac                tim8_cc_isr
                0x00000000080005ac                dcmi_isr
                0x00000000080005ac                dma2_stream2_isr
                0x00000000080005ac                eth_wkup_isr
                0x00000000080005ac                bus_fault_handler
                0x00000000080005ac                otg_hs_ep1_out_isr
                0x00000000080005ac                spi3_isr
                0x00000000080005ac                dma1_stream5_isr
                0x00000000080005ac                otg_hs_ep1_in_isr
                0x00000000080005ac                tim2_isr
                0x00000000080005ac                exti0_isr
 .text.null_handler
                0x00000000080005ae        0x2 ../../../../../libopencm3//lib/libopencm3_stm32f4.a(vector.o)
                0x00000000080005ae                null_handler
                0x00000000080005ae                sv_call_handler
                0x00000000080005ae                pend_sv_handler
                0x00000000080005ae                debug_monitor_handler
                0x00000000080005ae                sys_tick_handler
                0x00000000080005ae                nmi_handler
 .text.reset_handler
                0x00000000080005b0       0xa0 ../../../../../libopencm3//lib/libopencm3_stm32f4.a(vector.o)
                0x00000000080005b0                reset_handler
 .text.flash_set_ws
                0x0000000008000650       0x18 ../../../../../libopencm3//lib/libopencm3_stm32f4.a(flash_common_all.o)
                0x0000000008000650                flash_set_ws
 .text.flash_dcache_enable
                0x0000000008000668       0x14 ../../../../../libopencm3//lib/libopencm3_stm32f4.a(flash_common_idcache.o)
                0x0000000008000668                flash_dcache_enable
 .text.flash_dcache_disable
                0x000000000800067c       0x14 ../../../../../libopencm3//lib/libopencm3_stm32f4.a(flash_common_idcache.o)
                0x000000000800067c                flash_dcache_disable
 .text.flash_icache_enable
                0x0000000008000690       0x14 ../../../../../libopencm3//lib/libopencm3_stm32f4.a(flash_common_idcache.o)
                0x0000000008000690                flash_icache_enable
 .text.flash_icache_disable
                0x00000000080006a4       0x14 ../../../../../libopencm3//lib/libopencm3_stm32f4.a(flash_common_idcache.o)
                0x00000000080006a4                flash_icache_disable
 .text.pwr_set_vos_scale
                0x00000000080006b8       0x18 ../../../../../libopencm3//lib/libopencm3_stm32f4.a(pwr.o)
                0x00000000080006b8                pwr_set_vos_scale
                0x00000000080006d0                . = ALIGN (0x4)
 *(.rodata*)
 .rodata.rcc_hse_8mhz_3v3
                0x00000000080006d0       0x70 ../../../../../libopencm3//lib/libopencm3_stm32f4.a(rcc.o)
                0x00000000080006d0                rcc_hse_8mhz_3v3
                0x0000000008000740                . = ALIGN (0x4)

.glue_7         0x0000000008000740        0x0
 .glue_7        0x0000000008000740        0x0 linker stubs

.glue_7t        0x0000000008000740        0x0
 .glue_7t       0x0000000008000740        0x0 linker stubs

.vfp11_veneer   0x0000000008000740        0x0
 .vfp11_veneer  0x0000000008000740        0x0 linker stubs

.v4_bx          0x0000000008000740        0x0
 .v4_bx         0x0000000008000740        0x0 linker stubs

.iplt           0x0000000008000740        0x0
 .iplt          0x0000000008000740        0x0 fancyblink.o

.rel.dyn        0x0000000008000740        0x0
 .rel.iplt      0x0000000008000740        0x0 fancyblink.o

.preinit_array  0x0000000008000740        0x0
                0x0000000008000740                . = ALIGN (0x4)
                0x0000000008000740                __preinit_array_start = .
 *(.preinit_array)
                0x0000000008000740                __preinit_array_end = .

.init_array     0x0000000008000740        0x0
                0x0000000008000740                . = ALIGN (0x4)
                0x0000000008000740                __init_array_start = .
 *(SORT_BY_NAME(.init_array.*))
 *(.init_array)
                0x0000000008000740                __init_array_end = .

.fini_array     0x0000000008000740        0x0
                0x0000000008000740                . = ALIGN (0x4)
                0x0000000008000740                __fini_array_start = .
 *(.fini_array)
 *(SORT_BY_NAME(.fini_array.*))
                0x0000000008000740                __fini_array_end = .

.ARM.extab
 *(.ARM.extab*)

.ARM.exidx      0x0000000008000740        0x0
                0x0000000008000740                __exidx_start = .
 *(.ARM.exidx*)
                0x0000000008000740                __exidx_end = .
                0x0000000008000740                . = ALIGN (0x4)
                0x0000000008000740                _etext = .

.noinit
 *(.noinit*)
                0x0000000008000740                . = ALIGN (0x4)

.data           0x0000000020000000        0xc load address 0x0000000008000740
                0x0000000020000000                _data = .
 *(.data*)
 .data.rcc_ahb_frequency
                0x0000000020000000        0x4 ../../../../../libopencm3//lib/libopencm3_stm32f4.a(rcc.o)
                0x0000000020000000                rcc_ahb_frequency
 .data.rcc_apb1_frequency
                0x0000000020000004        0x4 ../../../../../libopencm3//lib/libopencm3_stm32f4.a(rcc.o)
                0x0000000020000004                rcc_apb1_frequency
 .data.rcc_apb2_frequency
                0x0000000020000008        0x4 ../../../../../libopencm3//lib/libopencm3_stm32f4.a(rcc.o)
                0x0000000020000008                rcc_apb2_frequency
 *(.ramtext*)
                0x000000002000000c                . = ALIGN (0x4)
                0x000000002000000c                _edata = .
                0x0000000008000740                _data_loadaddr = LOADADDR (.data)

.igot.plt       0x000000002000000c        0x0 load address 0x000000000800074c
 .igot.plt      0x000000002000000c        0x0 fancyblink.o

.bss            0x000000002000000c        0x0 load address 0x000000000800074c
 *(.bss*)
 *(COMMON)
                0x000000002000000c                . = ALIGN (0x4)
                0x000000002000000c                _ebss = .

/DISCARD/
 *(.eh_frame)
                0x000000002000000c                . = ALIGN (0x4)
                0x000000002000000c                end = .
                0x0000000020030000                PROVIDE (_stack = (ORIGIN (ram) + LENGTH (ram)))
OUTPUT(fancyblink.elf elf32-littlearm)
LOAD linker stubs

.debug_info     0x0000000000000000     0x2b08
 .debug_info    0x0000000000000000      0x79a fancyblink.o
 .debug_info    0x000000000000079a      0x24e ../../../../../libopencm3//lib/libopencm3_stm32f4.a(gpio_common_all.o)
 .debug_info    0x00000000000009e8      0x20f ../../../../../libopencm3//lib/libopencm3_stm32f4.a(gpio_common_f0234.o)
 .debug_info    0x0000000000000bf7      0x950 ../../../../../libopencm3//lib/libopencm3_stm32f4.a(rcc_common_all.o)
 .debug_info    0x0000000000001547     0x1027 ../../../../../libopencm3//lib/libopencm3_stm32f4.a(rcc.o)
 .debug_info    0x000000000000256e      0x2e6 ../../../../../libopencm3//lib/libopencm3_stm32f4.a(vector.o)
 .debug_info    0x0000000000002854       0xf0 ../../../../../libopencm3//lib/libopencm3_stm32f4.a(flash_common_all.o)
 .debug_info    0x0000000000002944       0xe8 ../../../../../libopencm3//lib/libopencm3_stm32f4.a(flash_common_idcache.o)
 .debug_info    0x0000000000002a2c       0xdc ../../../../../libopencm3//lib/libopencm3_stm32f4.a(pwr.o)

.debug_abbrev   0x0000000000000000      0xa79
 .debug_abbrev  0x0000000000000000      0x18c fancyblink.o
 .debug_abbrev  0x000000000000018c      0x116 ../../../../../libopencm3//lib/libopencm3_stm32f4.a(gpio_common_all.o)
 .debug_abbrev  0x00000000000002a2       0xbf ../../../../../libopencm3//lib/libopencm3_stm32f4.a(gpio_common_f0234.o)
 .debug_abbrev  0x0000000000000361      0x177 ../../../../../libopencm3//lib/libopencm3_stm32f4.a(rcc_common_all.o)
 .debug_abbrev  0x00000000000004d8      0x2ba ../../../../../libopencm3//lib/libopencm3_stm32f4.a(rcc.o)
 .debug_abbrev  0x0000000000000792      0x15b ../../../../../libopencm3//lib/libopencm3_stm32f4.a(vector.o)
 .debug_abbrev  0x00000000000008ed       0x9a ../../../../../libopencm3//lib/libopencm3_stm32f4.a(flash_common_all.o)
 .debug_abbrev  0x0000000000000987       0x56 ../../../../../libopencm3//lib/libopencm3_stm32f4.a(flash_common_idcache.o)
 .debug_abbrev  0x00000000000009dd       0x9c ../../../../../libopencm3//lib/libopencm3_stm32f4.a(pwr.o)

.debug_loc      0x0000000000000000      0xdec
 .debug_loc     0x0000000000000000       0xa2 fancyblink.o
 .debug_loc     0x00000000000000a2       0xbe ../../../../../libopencm3//lib/libopencm3_stm32f4.a(gpio_common_all.o)
 .debug_loc     0x0000000000000160      0x14f ../../../../../libopencm3//lib/libopencm3_stm32f4.a(gpio_common_f0234.o)
 .debug_loc     0x00000000000002af      0x120 ../../../../../libopencm3//lib/libopencm3_stm32f4.a(rcc_common_all.o)
 .debug_loc     0x00000000000003cf      0x867 ../../../../../libopencm3//lib/libopencm3_stm32f4.a(rcc.o)
 .debug_loc     0x0000000000000c36      0x128 ../../../../../libopencm3//lib/libopencm3_stm32f4.a(vector.o)
 .debug_loc     0x0000000000000d5e       0x47 ../../../../../libopencm3//lib/libopencm3_stm32f4.a(flash_common_all.o)
 .debug_loc     0x0000000000000da5       0x47 ../../../../../libopencm3//lib/libopencm3_stm32f4.a(pwr.o)

.debug_aranges  0x0000000000000000      0x2e0
 .debug_aranges
                0x0000000000000000       0x20 fancyblink.o
 .debug_aranges
                0x0000000000000020       0x50 ../../../../../libopencm3//lib/libopencm3_stm32f4.a(gpio_common_all.o)
 .debug_aranges
                0x0000000000000070       0x30 ../../../../../libopencm3//lib/libopencm3_stm32f4.a(gpio_common_f0234.o)
 .debug_aranges
                0x00000000000000a0       0x60 ../../../../../libopencm3//lib/libopencm3_stm32f4.a(rcc_common_all.o)
 .debug_aranges
                0x0000000000000100      0x110 ../../../../../libopencm3//lib/libopencm3_stm32f4.a(rcc.o)
 .debug_aranges
                0x0000000000000210       0x30 ../../../../../libopencm3//lib/libopencm3_stm32f4.a(vector.o)
 .debug_aranges
                0x0000000000000240       0x38 ../../../../../libopencm3//lib/libopencm3_stm32f4.a(flash_common_all.o)
 .debug_aranges
                0x0000000000000278       0x48 ../../../../../libopencm3//lib/libopencm3_stm32f4.a(flash_common_idcache.o)
 .debug_aranges
                0x00000000000002c0       0x20 ../../../../../libopencm3//lib/libopencm3_stm32f4.a(pwr.o)

.debug_ranges   0x0000000000000000      0x2b8
 .debug_ranges  0x0000000000000000       0x30 fancyblink.o
 .debug_ranges  0x0000000000000030       0x40 ../../../../../libopencm3//lib/libopencm3_stm32f4.a(gpio_common_all.o)
 .debug_ranges  0x0000000000000070       0x20 ../../../../../libopencm3//lib/libopencm3_stm32f4.a(gpio_common_f0234.o)
 .debug_ranges  0x0000000000000090       0x50 ../../../../../libopencm3//lib/libopencm3_stm32f4.a(rcc_common_all.o)
 .debug_ranges  0x00000000000000e0      0x148 ../../../../../libopencm3//lib/libopencm3_stm32f4.a(rcc.o)
 .debug_ranges  0x0000000000000228       0x20 ../../../../../libopencm3//lib/libopencm3_stm32f4.a(vector.o)
 .debug_ranges  0x0000000000000248       0x28 ../../../../../libopencm3//lib/libopencm3_stm32f4.a(flash_common_all.o)
 .debug_ranges  0x0000000000000270       0x38 ../../../../../libopencm3//lib/libopencm3_stm32f4.a(flash_common_idcache.o)
 .debug_ranges  0x00000000000002a8       0x10 ../../../../../libopencm3//lib/libopencm3_stm32f4.a(pwr.o)

.debug_macro    0x0000000000000000     0x322c
 .debug_macro   0x0000000000000000       0xc2 fancyblink.o
 .debug_macro   0x00000000000000c2      0xa6c fancyblink.o
 .debug_macro   0x0000000000000b2e       0x1c fancyblink.o
 .debug_macro   0x0000000000000b4a      0x34e fancyblink.o
 .debug_macro   0x0000000000000e98       0x22 fancyblink.o
 .debug_macro   0x0000000000000eba       0xe8 fancyblink.o
 .debug_macro   0x0000000000000fa2       0x76 fancyblink.o
 .debug_macro   0x0000000000001018      0x280 fancyblink.o
 .debug_macro   0x0000000000001298       0x8e fancyblink.o
 .debug_macro   0x0000000000001326       0x46 fancyblink.o
 .debug_macro   0x000000000000136c      0xcea fancyblink.o
 .debug_macro   0x0000000000002056       0x76 fancyblink.o
 .debug_macro   0x00000000000020cc      0x37e fancyblink.o
 .debug_macro   0x000000000000244a       0xca fancyblink.o
 .debug_macro   0x0000000000002514       0x88 ../../../../../libopencm3//lib/libopencm3_stm32f4.a(gpio_common_all.o)
 .debug_macro   0x000000000000259c       0x88 ../../../../../libopencm3//lib/libopencm3_stm32f4.a(gpio_common_f0234.o)
 .debug_macro   0x0000000000002624       0xa7 ../../../../../libopencm3//lib/libopencm3_stm32f4.a(rcc_common_all.o)
 .debug_macro   0x00000000000026cb       0xdb ../../../../../libopencm3//lib/libopencm3_stm32f4.a(rcc.o)
 .debug_macro   0x00000000000027a6       0x16 ../../../../../libopencm3//lib/libopencm3_stm32f4.a(rcc.o)
 .debug_macro   0x00000000000027bc       0x1c ../../../../../libopencm3//lib/libopencm3_stm32f4.a(rcc.o)
 .debug_macro   0x00000000000027d8      0x143 ../../../../../libopencm3//lib/libopencm3_stm32f4.a(rcc.o)
 .debug_macro   0x000000000000291b       0x10 ../../../../../libopencm3//lib/libopencm3_stm32f4.a(rcc.o)
 .debug_macro   0x000000000000292b       0x8a ../../../../../libopencm3//lib/libopencm3_stm32f4.a(vector.o)
 .debug_macro   0x00000000000029b5      0x452 ../../../../../libopencm3//lib/libopencm3_stm32f4.a(vector.o)
 .debug_macro   0x0000000000002e07       0x6e ../../../../../libopencm3//lib/libopencm3_stm32f4.a(vector.o)
 .debug_macro   0x0000000000002e75      0x22c ../../../../../libopencm3//lib/libopencm3_stm32f4.a(vector.o)
 .debug_macro   0x00000000000030a1       0x8e ../../../../../libopencm3//lib/libopencm3_stm32f4.a(flash_common_all.o)
 .debug_macro   0x000000000000312f       0x8e ../../../../../libopencm3//lib/libopencm3_stm32f4.a(flash_common_idcache.o)
 .debug_macro   0x00000000000031bd       0x6f ../../../../../libopencm3//lib/libopencm3_stm32f4.a(pwr.o)

.debug_line     0x0000000000000000     0x1ee8
 .debug_line    0x0000000000000000      0x2ca fancyblink.o
 .debug_line    0x00000000000002ca      0x2a6 ../../../../../libopencm3//lib/libopencm3_stm32f4.a(gpio_common_all.o)
 .debug_line    0x0000000000000570      0x38e ../../../../../libopencm3//lib/libopencm3_stm32f4.a(gpio_common_f0234.o)
 .debug_line    0x00000000000008fe      0x305 ../../../../../libopencm3//lib/libopencm3_stm32f4.a(rcc_common_all.o)
 .debug_line    0x0000000000000c03      0x992 ../../../../../libopencm3//lib/libopencm3_stm32f4.a(rcc.o)
 .debug_line    0x0000000000001595      0x322 ../../../../../libopencm3//lib/libopencm3_stm32f4.a(vector.o)
 .debug_line    0x00000000000018b7      0x246 ../../../../../libopencm3//lib/libopencm3_stm32f4.a(flash_common_all.o)
 .debug_line    0x0000000000001afd      0x25f ../../../../../libopencm3//lib/libopencm3_stm32f4.a(flash_common_idcache.o)
 .debug_line    0x0000000000001d5c      0x18c ../../../../../libopencm3//lib/libopencm3_stm32f4.a(pwr.o)

.debug_str      0x0000000000000000     0xe3ec
 .debug_str     0x0000000000000000     0xa461 fancyblink.o
                                       0xa611 (size before relaxing)
 .debug_str     0x000000000000a461      0x183 ../../../../../libopencm3//lib/libopencm3_stm32f4.a(gpio_common_all.o)
                                       0x619a (size before relaxing)
 .debug_str     0x000000000000a5e4       0x8a ../../../../../libopencm3//lib/libopencm3_stm32f4.a(gpio_common_f0234.o)
                                       0x61b2 (size before relaxing)
 .debug_str     0x000000000000a66e      0x475 ../../../../../libopencm3//lib/libopencm3_stm32f4.a(rcc_common_all.o)
                                       0x954f (size before relaxing)
 .debug_str     0x000000000000aae3      0xb51 ../../../../../libopencm3//lib/libopencm3_stm32f4.a(rcc.o)
                                       0x9dc4 (size before relaxing)
 .debug_str     0x000000000000b634     0x2d07 ../../../../../libopencm3//lib/libopencm3_stm32f4.a(vector.o)
                                       0x6a5a (size before relaxing)
 .debug_str     0x000000000000e33b       0x64 ../../../../../libopencm3//lib/libopencm3_stm32f4.a(flash_common_all.o)
                                       0x54fc (size before relaxing)
 .debug_str     0x000000000000e39f       0x47 ../../../../../libopencm3//lib/libopencm3_stm32f4.a(flash_common_idcache.o)
                                       0x551e (size before relaxing)
 .debug_str     0x000000000000e3e6        0x6 ../../../../../libopencm3//lib/libopencm3_stm32f4.a(pwr.o)
                                       0x5178 (size before relaxing)

.comment        0x0000000000000000       0x33
 .comment       0x0000000000000000       0x33 fancyblink.o
                                         0x34 (size before relaxing)
 .comment       0x0000000000000033       0x34 ../../../../../libopencm3//lib/libopencm3_stm32f4.a(gpio_common_all.o)
 .comment       0x0000000000000033       0x34 ../../../../../libopencm3//lib/libopencm3_stm32f4.a(gpio_common_f0234.o)
 .comment       0x0000000000000033       0x34 ../../../../../libopencm3//lib/libopencm3_stm32f4.a(rcc_common_all.o)
 .comment       0x0000000000000033       0x34 ../../../../../libopencm3//lib/libopencm3_stm32f4.a(rcc.o)
 .comment       0x0000000000000033       0x34 ../../../../../libopencm3//lib/libopencm3_stm32f4.a(vector.o)
 .comment       0x0000000000000033       0x34 ../../../../../libopencm3//lib/libopencm3_stm32f4.a(flash_common_all.o)
 .comment       0x0000000000000033       0x34 ../../../../../libopencm3//lib/libopencm3_stm32f4.a(flash_common_idcache.o)
 .comment       0x0000000000000033       0x34 ../../../../../libopencm3//lib/libopencm3_stm32f4.a(pwr.o)

.ARM.attributes
                0x0000000000000000       0x34
 .ARM.attributes
                0x0000000000000000       0x34 fancyblink.o
 .ARM.attributes
                0x0000000000000034       0x34 ../../../../../libopencm3//lib/libopencm3_stm32f4.a(gpio_common_all.o)
 .ARM.attributes
                0x0000000000000068       0x34 ../../../../../libopencm3//lib/libopencm3_stm32f4.a(gpio_common_f0234.o)
 .ARM.attributes
                0x000000000000009c       0x34 ../../../../../libopencm3//lib/libopencm3_stm32f4.a(rcc_common_all.o)
 .ARM.attributes
                0x00000000000000d0       0x34 ../../../../../libopencm3//lib/libopencm3_stm32f4.a(rcc.o)
 .ARM.attributes
                0x0000000000000104       0x34 ../../../../../libopencm3//lib/libopencm3_stm32f4.a(vector.o)
 .ARM.attributes
                0x0000000000000138       0x34 ../../../../../libopencm3//lib/libopencm3_stm32f4.a(flash_common_all.o)
 .ARM.attributes
                0x000000000000016c       0x34 ../../../../../libopencm3//lib/libopencm3_stm32f4.a(flash_common_idcache.o)
 .ARM.attributes
                0x00000000000001a0       0x34 ../../../../../libopencm3//lib/libopencm3_stm32f4.a(pwr.o)

.debug_frame    0x0000000000000000      0x558
 .debug_frame   0x0000000000000000       0x28 fancyblink.o
 .debug_frame   0x0000000000000028       0x80 ../../../../../libopencm3//lib/libopencm3_stm32f4.a(gpio_common_all.o)
 .debug_frame   0x00000000000000a8       0x70 ../../../../../libopencm3//lib/libopencm3_stm32f4.a(gpio_common_f0234.o)
 .debug_frame   0x0000000000000118       0xe0 ../../../../../libopencm3//lib/libopencm3_stm32f4.a(rcc_common_all.o)
 .debug_frame   0x00000000000001f8      0x234 ../../../../../libopencm3//lib/libopencm3_stm32f4.a(rcc.o)
 .debug_frame   0x000000000000042c       0x4c ../../../../../libopencm3//lib/libopencm3_stm32f4.a(vector.o)
 .debug_frame   0x0000000000000478       0x50 ../../../../../libopencm3//lib/libopencm3_stm32f4.a(flash_common_all.o)
 .debug_frame   0x00000000000004c8       0x70 ../../../../../libopencm3//lib/libopencm3_stm32f4.a(flash_common_idcache.o)
 .debug_frame   0x0000000000000538       0x20 ../../../../../libopencm3//lib/libopencm3_stm32f4.a(pwr.o)

Cross Reference Table

Symbol                                            File
__fini_array_end                                  ../../../../../libopencm3//lib/libopencm3_stm32f4.a(vector.o)
__fini_array_start                                ../../../../../libopencm3//lib/libopencm3_stm32f4.a(vector.o)
__init_array_end                                  ../../../../../libopencm3//lib/libopencm3_stm32f4.a(vector.o)
__init_array_start                                ../../../../../libopencm3//lib/libopencm3_stm32f4.a(vector.o)
__preinit_array_end                               ../../../../../libopencm3//lib/libopencm3_stm32f4.a(vector.o)
__preinit_array_start                             ../../../../../libopencm3//lib/libopencm3_stm32f4.a(vector.o)
_data                                             ../../../../../libopencm3//lib/libopencm3_stm32f4.a(vector.o)
_data_loadaddr                                    ../../../../../libopencm3//lib/libopencm3_stm32f4.a(vector.o)
_ebss                                             ../../../../../libopencm3//lib/libopencm3_stm32f4.a(vector.o)
_edata                                            ../../../../../libopencm3//lib/libopencm3_stm32f4.a(vector.o)
_stack                                            ../../../../../libopencm3//lib/libopencm3_stm32f4.a(vector.o)
adc_isr                                           ../../../../../libopencm3//lib/libopencm3_stm32f4.a(vector.o)
blocking_handler                                  ../../../../../libopencm3//lib/libopencm3_stm32f4.a(vector.o)
bus_fault_handler                                 ../../../../../libopencm3//lib/libopencm3_stm32f4.a(vector.o)
can1_rx0_isr                                      ../../../../../libopencm3//lib/libopencm3_stm32f4.a(vector.o)
can1_rx1_isr                                      ../../../../../libopencm3//lib/libopencm3_stm32f4.a(vector.o)
can1_sce_isr                                      ../../../../../libopencm3//lib/libopencm3_stm32f4.a(vector.o)
can1_tx_isr                                       ../../../../../libopencm3//lib/libopencm3_stm32f4.a(vector.o)
can2_rx0_isr                                      ../../../../../libopencm3//lib/libopencm3_stm32f4.a(vector.o)
can2_rx1_isr                                      ../../../../../libopencm3//lib/libopencm3_stm32f4.a(vector.o)
can2_sce_isr                                      ../../../../../libopencm3//lib/libopencm3_stm32f4.a(vector.o)
can2_tx_isr                                       ../../../../../libopencm3//lib/libopencm3_stm32f4.a(vector.o)
cryp_isr                                          ../../../../../libopencm3//lib/libopencm3_stm32f4.a(vector.o)
dcmi_isr                                          ../../../../../libopencm3//lib/libopencm3_stm32f4.a(vector.o)
debug_monitor_handler                             ../../../../../libopencm3//lib/libopencm3_stm32f4.a(vector.o)
dma1_stream0_isr                                  ../../../../../libopencm3//lib/libopencm3_stm32f4.a(vector.o)
dma1_stream1_isr                                  ../../../../../libopencm3//lib/libopencm3_stm32f4.a(vector.o)
dma1_stream2_isr                                  ../../../../../libopencm3//lib/libopencm3_stm32f4.a(vector.o)
dma1_stream3_isr                                  ../../../../../libopencm3//lib/libopencm3_stm32f4.a(vector.o)
dma1_stream4_isr                                  ../../../../../libopencm3//lib/libopencm3_stm32f4.a(vector.o)
dma1_stream5_isr                                  ../../../../../libopencm3//lib/libopencm3_stm32f4.a(vector.o)
dma1_stream6_isr                                  ../../../../../libopencm3//lib/libopencm3_stm32f4.a(vector.o)
dma1_stream7_isr                                  ../../../../../libopencm3//lib/libopencm3_stm32f4.a(vector.o)
dma2_stream0_isr                                  ../../../../../libopencm3//lib/libopencm3_stm32f4.a(vector.o)
dma2_stream1_isr                                  ../../../../../libopencm3//lib/libopencm3_stm32f4.a(vector.o)
dma2_stream2_isr                                  ../../../../../libopencm3//lib/libopencm3_stm32f4.a(vector.o)
dma2_stream3_isr                                  ../../../../../libopencm3//lib/libopencm3_stm32f4.a(vector.o)
dma2_stream4_isr                                  ../../../../../libopencm3//lib/libopencm3_stm32f4.a(vector.o)
dma2_stream5_isr                                  ../../../../../libopencm3//lib/libopencm3_stm32f4.a(vector.o)
dma2_stream6_isr                                  ../../../../../libopencm3//lib/libopencm3_stm32f4.a(vector.o)
dma2_stream7_isr                                  ../../../../../libopencm3//lib/libopencm3_stm32f4.a(vector.o)
dma2d_isr                                         ../../../../../libopencm3//lib/libopencm3_stm32f4.a(vector.o)
eth_isr                                           ../../../../../libopencm3//lib/libopencm3_stm32f4.a(vector.o)
eth_wkup_isr                                      ../../../../../libopencm3//lib/libopencm3_stm32f4.a(vector.o)
exti0_isr                                         ../../../../../libopencm3//lib/libopencm3_stm32f4.a(vector.o)
exti15_10_isr                                     ../../../../../libopencm3//lib/libopencm3_stm32f4.a(vector.o)
exti1_isr                                         ../../../../../libopencm3//lib/libopencm3_stm32f4.a(vector.o)
exti2_isr                                         ../../../../../libopencm3//lib/libopencm3_stm32f4.a(vector.o)
exti3_isr                                         ../../../../../libopencm3//lib/libopencm3_stm32f4.a(vector.o)
exti4_isr                                         ../../../../../libopencm3//lib/libopencm3_stm32f4.a(vector.o)
exti9_5_isr                                       ../../../../../libopencm3//lib/libopencm3_stm32f4.a(vector.o)
flash_dcache_disable                              ../../../../../libopencm3//lib/libopencm3_stm32f4.a(flash_common_idcache.o)
                                                  ../../../../../libopencm3//lib/libopencm3_stm32f4.a(rcc.o)
flash_dcache_enable                               ../../../../../libopencm3//lib/libopencm3_stm32f4.a(flash_common_idcache.o)
                                                  ../../../../../libopencm3//lib/libopencm3_stm32f4.a(rcc.o)
flash_dcache_reset                                ../../../../../libopencm3//lib/libopencm3_stm32f4.a(flash_common_idcache.o)
flash_icache_disable                              ../../../../../libopencm3//lib/libopencm3_stm32f4.a(flash_common_idcache.o)
                                                  ../../../../../libopencm3//lib/libopencm3_stm32f4.a(rcc.o)
flash_icache_enable                               ../../../../../libopencm3//lib/libopencm3_stm32f4.a(flash_common_idcache.o)
                                                  ../../../../../libopencm3//lib/libopencm3_stm32f4.a(rcc.o)
flash_icache_reset                                ../../../../../libopencm3//lib/libopencm3_stm32f4.a(flash_common_idcache.o)
flash_isr                                         ../../../../../libopencm3//lib/libopencm3_stm32f4.a(vector.o)
flash_prefetch_disable                            ../../../../../libopencm3//lib/libopencm3_stm32f4.a(flash_common_all.o)
flash_prefetch_enable                             ../../../../../libopencm3//lib/libopencm3_stm32f4.a(flash_common_all.o)
flash_set_ws                                      ../../../../../libopencm3//lib/libopencm3_stm32f4.a(flash_common_all.o)
                                                  ../../../../../libopencm3//lib/libopencm3_stm32f4.a(rcc.o)
flash_unlock_option_bytes                         ../../../../../libopencm3//lib/libopencm3_stm32f4.a(flash_common_all.o)
fpu_isr                                           ../../../../../libopencm3//lib/libopencm3_stm32f4.a(vector.o)
fsmc_isr                                          ../../../../../libopencm3//lib/libopencm3_stm32f4.a(vector.o)
gpio_clear                                        ../../../../../libopencm3//lib/libopencm3_stm32f4.a(gpio_common_all.o)
                                                  fancyblink.o
gpio_get                                          ../../../../../libopencm3//lib/libopencm3_stm32f4.a(gpio_common_all.o)
gpio_mode_setup                                   ../../../../../libopencm3//lib/libopencm3_stm32f4.a(gpio_common_f0234.o)
                                                  fancyblink.o
gpio_port_config_lock                             ../../../../../libopencm3//lib/libopencm3_stm32f4.a(gpio_common_all.o)
gpio_port_read                                    ../../../../../libopencm3//lib/libopencm3_stm32f4.a(gpio_common_all.o)
gpio_port_write                                   ../../../../../libopencm3//lib/libopencm3_stm32f4.a(gpio_common_all.o)
gpio_set                                          ../../../../../libopencm3//lib/libopencm3_stm32f4.a(gpio_common_all.o)
                                                  fancyblink.o
gpio_set_af                                       ../../../../../libopencm3//lib/libopencm3_stm32f4.a(gpio_common_f0234.o)
gpio_set_output_options                           ../../../../../libopencm3//lib/libopencm3_stm32f4.a(gpio_common_f0234.o)
gpio_toggle                                       ../../../../../libopencm3//lib/libopencm3_stm32f4.a(gpio_common_all.o)
hard_fault_handler                                ../../../../../libopencm3//lib/libopencm3_stm32f4.a(vector.o)
hash_rng_isr                                      ../../../../../libopencm3//lib/libopencm3_stm32f4.a(vector.o)
i2c1_er_isr                                       ../../../../../libopencm3//lib/libopencm3_stm32f4.a(vector.o)
i2c1_ev_isr                                       ../../../../../libopencm3//lib/libopencm3_stm32f4.a(vector.o)
i2c2_er_isr                                       ../../../../../libopencm3//lib/libopencm3_stm32f4.a(vector.o)
i2c2_ev_isr                                       ../../../../../libopencm3//lib/libopencm3_stm32f4.a(vector.o)
i2c3_er_isr                                       ../../../../../libopencm3//lib/libopencm3_stm32f4.a(vector.o)
i2c3_ev_isr                                       ../../../../../libopencm3//lib/libopencm3_stm32f4.a(vector.o)
lcd_tft_err_isr                                   ../../../../../libopencm3//lib/libopencm3_stm32f4.a(vector.o)
lcd_tft_isr                                       ../../../../../libopencm3//lib/libopencm3_stm32f4.a(vector.o)
main                                              fancyblink.o
                                                  ../../../../../libopencm3//lib/libopencm3_stm32f4.a(vector.o)
mem_manage_handler                                ../../../../../libopencm3//lib/libopencm3_stm32f4.a(vector.o)
nmi_handler                                       ../../../../../libopencm3//lib/libopencm3_stm32f4.a(vector.o)
null_handler                                      ../../../../../libopencm3//lib/libopencm3_stm32f4.a(vector.o)
nvic_wwdg_isr                                     ../../../../../libopencm3//lib/libopencm3_stm32f4.a(vector.o)
otg_fs_isr                                        ../../../../../libopencm3//lib/libopencm3_stm32f4.a(vector.o)
otg_hs_ep1_in_isr                                 ../../../../../libopencm3//lib/libopencm3_stm32f4.a(vector.o)
otg_hs_ep1_out_isr                                ../../../../../libopencm3//lib/libopencm3_stm32f4.a(vector.o)
otg_hs_isr                                        ../../../../../libopencm3//lib/libopencm3_stm32f4.a(vector.o)
otg_hs_wkup_isr                                   ../../../../../libopencm3//lib/libopencm3_stm32f4.a(vector.o)
pend_sv_handler                                   ../../../../../libopencm3//lib/libopencm3_stm32f4.a(vector.o)
pvd_isr                                           ../../../../../libopencm3//lib/libopencm3_stm32f4.a(vector.o)
pwr_set_vos_scale                                 ../../../../../libopencm3//lib/libopencm3_stm32f4.a(pwr.o)
                                                  ../../../../../libopencm3//lib/libopencm3_stm32f4.a(rcc.o)
rcc_ahb_frequency                                 ../../../../../libopencm3//lib/libopencm3_stm32f4.a(rcc.o)
rcc_apb1_frequency                                ../../../../../libopencm3//lib/libopencm3_stm32f4.a(rcc.o)
rcc_apb2_frequency                                ../../../../../libopencm3//lib/libopencm3_stm32f4.a(rcc.o)
rcc_clock_setup_hse_3v3                           ../../../../../libopencm3//lib/libopencm3_stm32f4.a(rcc.o)
rcc_clock_setup_pll                               ../../../../../libopencm3//lib/libopencm3_stm32f4.a(rcc.o)
                                                  fancyblink.o
rcc_css_disable                                   ../../../../../libopencm3//lib/libopencm3_stm32f4.a(rcc.o)
rcc_css_enable                                    ../../../../../libopencm3//lib/libopencm3_stm32f4.a(rcc.o)
rcc_css_int_clear                                 ../../../../../libopencm3//lib/libopencm3_stm32f4.a(rcc.o)
rcc_css_int_flag                                  ../../../../../libopencm3//lib/libopencm3_stm32f4.a(rcc.o)
rcc_get_div_from_hpre                             ../../../../../libopencm3//lib/libopencm3_stm32f4.a(rcc_common_all.o)
rcc_get_i2c_clk_freq                              ../../../../../libopencm3//lib/libopencm3_stm32f4.a(rcc.o)
rcc_get_spi_clk_freq                              ../../../../../libopencm3//lib/libopencm3_stm32f4.a(rcc.o)
rcc_get_timer_clk_freq                            ../../../../../libopencm3//lib/libopencm3_stm32f4.a(rcc.o)
rcc_get_usart_clk_freq                            ../../../../../libopencm3//lib/libopencm3_stm32f4.a(rcc.o)
rcc_hse_12mhz_3v3                                 ../../../../../libopencm3//lib/libopencm3_stm32f4.a(rcc.o)
rcc_hse_16mhz_3v3                                 ../../../../../libopencm3//lib/libopencm3_stm32f4.a(rcc.o)
rcc_hse_25mhz_3v3                                 ../../../../../libopencm3//lib/libopencm3_stm32f4.a(rcc.o)
rcc_hse_8mhz_3v3                                  ../../../../../libopencm3//lib/libopencm3_stm32f4.a(rcc.o)
                                                  fancyblink.o
rcc_hsi_configs                                   ../../../../../libopencm3//lib/libopencm3_stm32f4.a(rcc.o)
rcc_is_osc_ready                                  ../../../../../libopencm3//lib/libopencm3_stm32f4.a(rcc.o)
rcc_isr                                           ../../../../../libopencm3//lib/libopencm3_stm32f4.a(vector.o)
rcc_osc_bypass_disable                            ../../../../../libopencm3//lib/libopencm3_stm32f4.a(rcc_common_all.o)
rcc_osc_bypass_enable                             ../../../../../libopencm3//lib/libopencm3_stm32f4.a(rcc_common_all.o)
rcc_osc_off                                       ../../../../../libopencm3//lib/libopencm3_stm32f4.a(rcc.o)
rcc_osc_on                                        ../../../../../libopencm3//lib/libopencm3_stm32f4.a(rcc.o)
rcc_osc_ready_int_clear                           ../../../../../libopencm3//lib/libopencm3_stm32f4.a(rcc.o)
rcc_osc_ready_int_disable                         ../../../../../libopencm3//lib/libopencm3_stm32f4.a(rcc.o)
rcc_osc_ready_int_enable                          ../../../../../libopencm3//lib/libopencm3_stm32f4.a(rcc.o)
rcc_osc_ready_int_flag                            ../../../../../libopencm3//lib/libopencm3_stm32f4.a(rcc.o)
rcc_periph_clock_disable                          ../../../../../libopencm3//lib/libopencm3_stm32f4.a(rcc_common_all.o)
rcc_periph_clock_enable                           ../../../../../libopencm3//lib/libopencm3_stm32f4.a(rcc_common_all.o)
                                                  ../../../../../libopencm3//lib/libopencm3_stm32f4.a(rcc.o)
                                                  fancyblink.o
rcc_periph_reset_hold                             ../../../../../libopencm3//lib/libopencm3_stm32f4.a(rcc_common_all.o)
rcc_periph_reset_pulse                            ../../../../../libopencm3//lib/libopencm3_stm32f4.a(rcc_common_all.o)
rcc_periph_reset_release                          ../../../../../libopencm3//lib/libopencm3_stm32f4.a(rcc_common_all.o)
rcc_peripheral_clear_reset                        ../../../../../libopencm3//lib/libopencm3_stm32f4.a(rcc_common_all.o)
rcc_peripheral_disable_clock                      ../../../../../libopencm3//lib/libopencm3_stm32f4.a(rcc_common_all.o)
rcc_peripheral_enable_clock                       ../../../../../libopencm3//lib/libopencm3_stm32f4.a(rcc_common_all.o)
rcc_peripheral_reset                              ../../../../../libopencm3//lib/libopencm3_stm32f4.a(rcc_common_all.o)
rcc_plli2s_config                                 ../../../../../libopencm3//lib/libopencm3_stm32f4.a(rcc.o)
rcc_pllsai_config                                 ../../../../../libopencm3//lib/libopencm3_stm32f4.a(rcc.o)
rcc_pllsai_postscalers                            ../../../../../libopencm3//lib/libopencm3_stm32f4.a(rcc.o)
rcc_set_hpre                                      ../../../../../libopencm3//lib/libopencm3_stm32f4.a(rcc.o)
rcc_set_main_pll_hse                              ../../../../../libopencm3//lib/libopencm3_stm32f4.a(rcc.o)
rcc_set_main_pll_hsi                              ../../../../../libopencm3//lib/libopencm3_stm32f4.a(rcc.o)
rcc_set_mco                                       ../../../../../libopencm3//lib/libopencm3_stm32f4.a(rcc_common_all.o)
rcc_set_pll_source                                ../../../../../libopencm3//lib/libopencm3_stm32f4.a(rcc.o)
rcc_set_ppre1                                     ../../../../../libopencm3//lib/libopencm3_stm32f4.a(rcc.o)
rcc_set_ppre2                                     ../../../../../libopencm3//lib/libopencm3_stm32f4.a(rcc.o)
rcc_set_rtcpre                                    ../../../../../libopencm3//lib/libopencm3_stm32f4.a(rcc.o)
rcc_set_sysclk_source                             ../../../../../libopencm3//lib/libopencm3_stm32f4.a(rcc.o)
rcc_system_clock_source                           ../../../../../libopencm3//lib/libopencm3_stm32f4.a(rcc.o)
rcc_wait_for_osc_ready                            ../../../../../libopencm3//lib/libopencm3_stm32f4.a(rcc.o)
rcc_wait_for_sysclk_status                        ../../../../../libopencm3//lib/libopencm3_stm32f4.a(rcc.o)
reset_handler                                     ../../../../../libopencm3//lib/libopencm3_stm32f4.a(vector.o)
rtc_alarm_isr                                     ../../../../../libopencm3//lib/libopencm3_stm32f4.a(vector.o)
rtc_wkup_isr                                      ../../../../../libopencm3//lib/libopencm3_stm32f4.a(vector.o)
sai1_isr                                          ../../../../../libopencm3//lib/libopencm3_stm32f4.a(vector.o)
sdio_isr                                          ../../../../../libopencm3//lib/libopencm3_stm32f4.a(vector.o)
spi1_isr                                          ../../../../../libopencm3//lib/libopencm3_stm32f4.a(vector.o)
spi2_isr                                          ../../../../../libopencm3//lib/libopencm3_stm32f4.a(vector.o)
spi3_isr                                          ../../../../../libopencm3//lib/libopencm3_stm32f4.a(vector.o)
spi4_isr                                          ../../../../../libopencm3//lib/libopencm3_stm32f4.a(vector.o)
spi5_isr                                          ../../../../../libopencm3//lib/libopencm3_stm32f4.a(vector.o)
spi6_isr                                          ../../../../../libopencm3//lib/libopencm3_stm32f4.a(vector.o)
sv_call_handler                                   ../../../../../libopencm3//lib/libopencm3_stm32f4.a(vector.o)
sys_tick_handler                                  ../../../../../libopencm3//lib/libopencm3_stm32f4.a(vector.o)
tamp_stamp_isr                                    ../../../../../libopencm3//lib/libopencm3_stm32f4.a(vector.o)
tim1_brk_tim9_isr                                 ../../../../../libopencm3//lib/libopencm3_stm32f4.a(vector.o)
tim1_cc_isr                                       ../../../../../libopencm3//lib/libopencm3_stm32f4.a(vector.o)
tim1_trg_com_tim11_isr                            ../../../../../libopencm3//lib/libopencm3_stm32f4.a(vector.o)
tim1_up_tim10_isr                                 ../../../../../libopencm3//lib/libopencm3_stm32f4.a(vector.o)
tim2_isr                                          ../../../../../libopencm3//lib/libopencm3_stm32f4.a(vector.o)
tim3_isr                                          ../../../../../libopencm3//lib/libopencm3_stm32f4.a(vector.o)
tim4_isr                                          ../../../../../libopencm3//lib/libopencm3_stm32f4.a(vector.o)
tim5_isr                                          ../../../../../libopencm3//lib/libopencm3_stm32f4.a(vector.o)
tim6_dac_isr                                      ../../../../../libopencm3//lib/libopencm3_stm32f4.a(vector.o)
tim7_isr                                          ../../../../../libopencm3//lib/libopencm3_stm32f4.a(vector.o)
tim8_brk_tim12_isr                                ../../../../../libopencm3//lib/libopencm3_stm32f4.a(vector.o)
tim8_cc_isr                                       ../../../../../libopencm3//lib/libopencm3_stm32f4.a(vector.o)
tim8_trg_com_tim14_isr                            ../../../../../libopencm3//lib/libopencm3_stm32f4.a(vector.o)
tim8_up_tim13_isr                                 ../../../../../libopencm3//lib/libopencm3_stm32f4.a(vector.o)
uart4_isr                                         ../../../../../libopencm3//lib/libopencm3_stm32f4.a(vector.o)
uart5_isr                                         ../../../../../libopencm3//lib/libopencm3_stm32f4.a(vector.o)
uart7_isr                                         ../../../../../libopencm3//lib/libopencm3_stm32f4.a(vector.o)
uart8_isr                                         ../../../../../libopencm3//lib/libopencm3_stm32f4.a(vector.o)
usage_fault_handler                               ../../../../../libopencm3//lib/libopencm3_stm32f4.a(vector.o)
usart1_isr                                        ../../../../../libopencm3//lib/libopencm3_stm32f4.a(vector.o)
usart2_isr                                        ../../../../../libopencm3//lib/libopencm3_stm32f4.a(vector.o)
usart3_isr                                        ../../../../../libopencm3//lib/libopencm3_stm32f4.a(vector.o)
usart6_isr                                        ../../../../../libopencm3//lib/libopencm3_stm32f4.a(vector.o)
usb_fs_wkup_isr                                   ../../../../../libopencm3//lib/libopencm3_stm32f4.a(vector.o)
vector_table                                      ../../../../../libopencm3//lib/libopencm3_stm32f4.a(vector.o)
