Archive member included to satisfy reference by file (symbol)

../../../../../libopencm3-plus//lib/libopencm3_plus_stm32f429idiscovery.a(cdcacm.o)
                              adc_cdcacm.o (dotab_cdcacm)
../../../../../libopencm3-plus//lib/libopencm3_plus_stm32f429idiscovery.a(stm32f_4_411_429i_discovery.o)
                              adc_cdcacm.o (cdcacm_f429_init)
../../../../../libopencm3-plus//lib/libopencm3_plus_stm32f429idiscovery.a(data_structs.o)
                              ../../../../../libopencm3-plus//lib/libopencm3_plus_stm32f429idiscovery.a(cdcacm.o) (cbuf_init)
../../../../../libopencm3-plus//lib/libopencm3_plus_stm32f429idiscovery.a(misc.o)
                              ../../../../../libopencm3-plus//lib/libopencm3_plus_stm32f429idiscovery.a(stm32f_4_411_429i_discovery.o) (wait)
../../../../../libopencm3-plus//lib/libopencm3_plus_stm32f429idiscovery.a(syscall.o)
                              adc_cdcacm.o (lo_poll)
../../../../../libopencm3-plus//lib/libopencm3_plus_stm32f429idiscovery.a(null.o)
                              ../../../../../libopencm3-plus//lib/libopencm3_plus_stm32f429idiscovery.a(syscall.o) (dotab_null)
../../../../../libopencm3//lib/libopencm3_stm32f4.a(adc_common_v1.o)
                              adc_cdcacm.o (adc_power_off)
../../../../../libopencm3//lib/libopencm3_stm32f4.a(adc_common_v1_multi.o)
                              adc_cdcacm.o (adc_power_on)
../../../../../libopencm3//lib/libopencm3_stm32f4.a(adc_common_f47.o)
                              adc_cdcacm.o (adc_set_sample_time_on_all_channels)
../../../../../libopencm3//lib/libopencm3_stm32f4.a(gpio_common_all.o)
                              ../../../../../libopencm3-plus//lib/libopencm3_plus_stm32f429idiscovery.a(misc.o) (gpio_set)
../../../../../libopencm3//lib/libopencm3_stm32f4.a(gpio_common_f0234.o)
                              adc_cdcacm.o (gpio_mode_setup)
../../../../../libopencm3//lib/libopencm3_stm32f4.a(rcc_common_all.o)
                              ../../../../../libopencm3-plus//lib/libopencm3_plus_stm32f429idiscovery.a(stm32f_4_411_429i_discovery.o) (rcc_peripheral_enable_clock)
../../../../../libopencm3//lib/libopencm3_stm32f4.a(rcc.o)
                              adc_cdcacm.o (rcc_clock_setup_pll)
../../../../../libopencm3//lib/libopencm3_stm32f4.a(usb.o)
                              ../../../../../libopencm3-plus//lib/libopencm3_plus_stm32f429idiscovery.a(cdcacm.o) (usbd_init)
../../../../../libopencm3//lib/libopencm3_stm32f4.a(usb_standard.o)
                              ../../../../../libopencm3-plus//lib/libopencm3_plus_stm32f429idiscovery.a(cdcacm.o) (usbd_register_set_config_callback)
../../../../../libopencm3//lib/libopencm3_stm32f4.a(usb_control.o)
                              ../../../../../libopencm3-plus//lib/libopencm3_plus_stm32f429idiscovery.a(cdcacm.o) (usbd_register_control_callback)
../../../../../libopencm3//lib/libopencm3_stm32f4.a(usb_f107.o)
                              ../../../../../libopencm3-plus//lib/libopencm3_plus_stm32f429idiscovery.a(cdcacm.o) (stm32f107_usb_driver)
../../../../../libopencm3//lib/libopencm3_stm32f4.a(usb_f207.o)
                              ../../../../../libopencm3-plus//lib/libopencm3_plus_stm32f429idiscovery.a(cdcacm.o) (stm32f207_usb_driver)
../../../../../libopencm3//lib/libopencm3_stm32f4.a(vector.o)
                              (reset_handler)
../../../../../libopencm3//lib/libopencm3_stm32f4.a(nvic.o)
                              ../../../../../libopencm3-plus//lib/libopencm3_plus_stm32f429idiscovery.a(stm32f_4_411_429i_discovery.o) (nvic_enable_irq)
../../../../../libopencm3//lib/libopencm3_stm32f4.a(flash_common_all.o)
                              ../../../../../libopencm3//lib/libopencm3_stm32f4.a(rcc.o) (flash_set_ws)
../../../../../libopencm3//lib/libopencm3_stm32f4.a(flash_common_idcache.o)
                              ../../../../../libopencm3//lib/libopencm3_stm32f4.a(rcc.o) (flash_dcache_enable)
../../../../../libopencm3//lib/libopencm3_stm32f4.a(pwr.o)
                              ../../../../../libopencm3//lib/libopencm3_stm32f4.a(rcc.o) (pwr_set_vos_scale)
../../../../../libopencm3//lib/libopencm3_stm32f4.a(usb_dwc_common.o)
                              ../../../../../libopencm3//lib/libopencm3_stm32f4.a(usb_f107.o) (dwc_set_address)
/usr/lib/gcc/arm-none-eabi/10.3.1/../../../arm-none-eabi/lib/thumb/v7e-m+fp/hard/libc.a(lib_a-abort.o)
                              ../../../../../libopencm3-plus//lib/libopencm3_plus_stm32f429idiscovery.a(syscall.o) (abort)
/usr/lib/gcc/arm-none-eabi/10.3.1/../../../arm-none-eabi/lib/thumb/v7e-m+fp/hard/libc.a(lib_a-fileno.o)
                              ../../../../../libopencm3-plus//lib/libopencm3_plus_stm32f429idiscovery.a(syscall.o) (fileno)
/usr/lib/gcc/arm-none-eabi/10.3.1/../../../arm-none-eabi/lib/thumb/v7e-m+fp/hard/libc.a(lib_a-findfp.o)
[...]
Memory Configuration

Name             Origin             Length             Attributes
rom              0x0000000008000000 0x0000000000200000 xr
ccm              0x0000000010000000 0x0000000000010000 xrw
ram              0x0000000020000000 0x0000000000030000 xrw
*default*        0x0000000000000000 0xffffffffffffffff

Linker script and memory map

LOAD adc_cdcacm.o
LOAD ../../../../../libopencm3-plus//lib/libopencm3_plus_stm32f429idiscovery.a
LOAD /usr/lib/gcc/arm-none-eabi/10.3.1/../../../arm-none-eabi/lib/thumb/v7e-m+fp/hard/libm.a
LOAD ../../../../../libopencm3//lib/libopencm3_stm32f4.a
START GROUP
LOAD /usr/lib/gcc/arm-none-eabi/10.3.1/../../../arm-none-eabi/lib/thumb/v7e-m+fp/hard/libc.a
LOAD /usr/lib/gcc/arm-none-eabi/10.3.1/thumb/v7e-m+fp/hard/libgcc.a
LOAD /usr/lib/gcc/arm-none-eabi/10.3.1/../../../arm-none-eabi/lib/thumb/v7e-m+fp/hard/libnosys.a
END GROUP
START GROUP
LOAD /usr/lib/gcc/arm-none-eabi/10.3.1/thumb/v7e-m+fp/hard/libgcc.a
LOAD /usr/lib/gcc/arm-none-eabi/10.3.1/../../../arm-none-eabi/lib/thumb/v7e-m+fp/hard/libc.a
END GROUP

.text           0x0000000008000000     0x97dc
 *(.vectors)
 .vectors       0x0000000008000000      0x1ac ../../../../../libopencm3//lib/libopencm3_stm32f4.a(vector.o)
                0x0000000008000000                vector_table
 *(.text*)
 .text.leds_init
                0x00000000080001ac       0x38 adc_cdcacm.o
                0x00000000080001ac                leds_init
 .text.system_init
                0x00000000080001e4       0x3c adc_cdcacm.o
                0x00000000080001e4                system_init
 .text.init_console
                0x0000000008000220       0x54 adc_cdcacm.o
                0x0000000008000220                init_console
 .text.startup.main
                0x0000000008000274       0xa4 adc_cdcacm.o
                0x0000000008000274                main
 .text.cdcacm_control_request
                0x0000000008000318       0x1c ../../../../../libopencm3-plus//lib/libopencm3_plus_stm32f429idiscovery.a(cdcacm.o)
 .text.cdcacm_callback_out
                0x0000000008000334        0xc ../../../../../libopencm3-plus//lib/libopencm3_plus_stm32f429idiscovery.a(cdcacm.o)
 .text.cdcacm_open
                0x0000000008000340        0x4 ../../../../../libopencm3-plus//lib/libopencm3_plus_stm32f429idiscovery.a(cdcacm.o)
                0x0000000008000340                cdcacm_open
 .text.cdcacm_close
                0x0000000008000344        0x4 ../../../../../libopencm3-plus//lib/libopencm3_plus_stm32f429idiscovery.a(cdcacm.o)
                0x0000000008000344                cdcacm_close
 .text.cdcacm_reset
                0x0000000008000348        0x2 ../../../../../libopencm3-plus//lib/libopencm3_plus_stm32f429idiscovery.a(cdcacm.o)
                0x0000000008000348                cdcacm_reset
 *fill*         0x000000000800034a        0x2 
 .text.cdcacm_in_poll
                0x000000000800034c       0x14 ../../../../../libopencm3-plus//lib/libopencm3_plus_stm32f429idiscovery.a(cdcacm.o)
                0x000000000800034c                cdcacm_in_poll
 .text.cdcacm_read
                0x0000000008000360       0x24 ../../../../../libopencm3-plus//lib/libopencm3_plus_stm32f429idiscovery.a(cdcacm.o)
                0x0000000008000360                cdcacm_read
 .text.cdcacm_set_config
                0x0000000008000384       0x88 ../../../../../libopencm3-plus//lib/libopencm3_plus_stm32f429idiscovery.a(cdcacm.o)
 .text.cdcacm_callback_in
                0x000000000800040c       0x28 ../../../../../libopencm3-plus//lib/libopencm3_plus_stm32f429idiscovery.a(cdcacm.o)
 .text.cdcacm_get_config
                0x0000000008000434        0xc ../../../../../libopencm3-plus//lib/libopencm3_plus_stm32f429idiscovery.a(cdcacm.o)
                0x0000000008000434                cdcacm_get_config
 .text.cdcacm_write_now
                0x0000000008000440       0x20 ../../../../../libopencm3-plus//lib/libopencm3_plus_stm32f429idiscovery.a(cdcacm.o)
                0x0000000008000440                cdcacm_write_now
 .text.cdcacm_write
                0x0000000008000460       0x10 ../../../../../libopencm3-plus//lib/libopencm3_plus_stm32f429idiscovery.a(cdcacm.o)
                0x0000000008000460                cdcacm_write
 .text.cdcacm_usb_init
                0x0000000008000470       0xc4 ../../../../../libopencm3-plus//lib/libopencm3_plus_stm32f429idiscovery.a(cdcacm.o)
                0x0000000008000470                cdcacm_usb_init
 .text.otg_fs_isr
                0x0000000008000534        0xc ../../../../../libopencm3-plus//lib/libopencm3_plus_stm32f429idiscovery.a(stm32f_4_411_429i_discovery.o)
                0x0000000008000534                otg_fs_isr
 .text.otg_hs_isr
                0x0000000008000540        0x4 ../../../../../libopencm3-plus//lib/libopencm3_plus_stm32f429idiscovery.a(stm32f_4_411_429i_discovery.o)
                0x0000000008000540                otg_hs_isr
 .text.cdcacm_f429_init
                0x0000000008000544       0x58 ../../../../../libopencm3-plus//lib/libopencm3_plus_stm32f429idiscovery.a(stm32f_4_411_429i_discovery.o)
                0x0000000008000544                cdcacm_f429_init
 .text.cbuf_init
                0x000000000800059c       0x32 ../../../../../libopencm3-plus//lib/libopencm3_plus_stm32f429idiscovery.a(data_structs.o)
                0x000000000800059c                cbuf_init
 .text.cbuf_used
                0x00000000080005ce        0x4 ../../../../../libopencm3-plus//lib/libopencm3_plus_stm32f429idiscovery.a(data_structs.o)
                0x00000000080005ce                cbuf_used
 .text.cbuf_pop
                0x00000000080005d2       0x48 ../../../../../libopencm3-plus//lib/libopencm3_plus_stm32f429idiscovery.a(data_structs.o)
                0x00000000080005d2                cbuf_pop
 .text.cbuf_append
                0x000000000800061a       0x50 ../../../../../libopencm3-plus//lib/libopencm3_plus_stm32f429idiscovery.a(data_structs.o)
                0x000000000800061a                cbuf_append
 *fill*         0x000000000800066a        0x2 
 .text.wait     0x000000000800066c       0x18 ../../../../../libopencm3-plus//lib/libopencm3_plus_stm32f429idiscovery.a(misc.o)
                0x000000000800066c                wait
 .text._write_r
                0x0000000008000684       0x1c ../../../../../libopencm3-plus//lib/libopencm3_plus_stm32f429idiscovery.a(syscall.o)
                0x0000000008000684                _write_r
 .text._read_r  0x00000000080006a0       0x1c ../../../../../libopencm3-plus//lib/libopencm3_plus_stm32f429idiscovery.a(syscall.o)
                0x00000000080006a0                _read_r
 .text._close_r
                0x00000000080006bc       0x10 ../../../../../libopencm3-plus//lib/libopencm3_plus_stm32f429idiscovery.a(syscall.o)
                0x00000000080006bc                _close_r
 .text._sbrk_r  0x00000000080006cc       0x28 ../../../../../libopencm3-plus//lib/libopencm3_plus_stm32f429idiscovery.a(syscall.o)
                0x00000000080006cc                _sbrk_r
 .text._fstat_r
                0x00000000080006f4        0xa ../../../../../libopencm3-plus//lib/libopencm3_plus_stm32f429idiscovery.a(syscall.o)
                0x00000000080006f4                _fstat_r
 .text._lseek_r
                0x00000000080006fe        0x4 ../../../../../libopencm3-plus//lib/libopencm3_plus_stm32f429idiscovery.a(syscall.o)
                0x00000000080006fe                _lseek_r
 *fill*         0x0000000008000702        0x2 
 .text.lo_poll  0x0000000008000704       0x24 ../../../../../libopencm3-plus//lib/libopencm3_plus_stm32f429idiscovery.a(syscall.o)
                0x0000000008000704                lo_poll
 .text.null_open
                0x0000000008000728        0x4 ../../../../../libopencm3-plus//lib/libopencm3_plus_stm32f429idiscovery.a(null.o)
                0x0000000008000728                null_open
 .text.null_close
                0x000000000800072c        0x4 ../../../../../libopencm3-plus//lib/libopencm3_plus_stm32f429idiscovery.a(null.o)
                0x000000000800072c                null_close
 .text.null_write
                0x0000000008000730        0x4 ../../../../../libopencm3-plus//lib/libopencm3_plus_stm32f429idiscovery.a(null.o)
                0x0000000008000730                null_write
 .text.null_read
                0x0000000008000734        0x4 ../../../../../libopencm3-plus//lib/libopencm3_plus_stm32f429idiscovery.a(null.o)
                0x0000000008000734                null_read
 .text.null_poll
                0x0000000008000738        0x4 ../../../../../libopencm3-plus//lib/libopencm3_plus_stm32f429idiscovery.a(null.o)
                0x0000000008000738                null_poll
 .text.adc_power_off
                0x000000000800073c        0xa ../../../../../libopencm3//lib/libopencm3_stm32f4.a(adc_common_v1.o)
                0x000000000800073c                adc_power_off
 .text.adc_disable_scan_mode
                0x0000000008000746        0xa ../../../../../libopencm3//lib/libopencm3_stm32f4.a(adc_common_v1.o)
                0x0000000008000746                adc_disable_scan_mode
 .text.adc_eoc  0x0000000008000750        0x8 ../../../../../libopencm3//lib/libopencm3_stm32f4.a(adc_common_v1.o)
                0x0000000008000750                adc_eoc
 .text.adc_read_regular
                0x0000000008000758        0x4 ../../../../../libopencm3//lib/libopencm3_stm32f4.a(adc_common_v1.o)
                0x0000000008000758                adc_read_regular
 .text.adc_set_regular_sequence
                0x000000000800075c       0x5e ../../../../../libopencm3//lib/libopencm3_stm32f4.a(adc_common_v1.o)
                0x000000000800075c                adc_set_regular_sequence
 .text.adc_start_conversion_regular
                0x00000000080007ba       0x14 ../../../../../libopencm3//lib/libopencm3_stm32f4.a(adc_common_v1.o)
                0x00000000080007ba                adc_start_conversion_regular
 .text.adc_power_on
                0x00000000080007ce        0xa ../../../../../libopencm3//lib/libopencm3_stm32f4.a(adc_common_v1_multi.o)
                0x00000000080007ce                adc_power_on
 .text.adc_set_sample_time_on_all_channels
                0x00000000080007d8       0x2a ../../../../../libopencm3//lib/libopencm3_stm32f4.a(adc_common_f47.o)
                0x00000000080007d8                adc_set_sample_time_on_all_channels
 .text.gpio_mode_setup
                0x0000000008000802       0x40 ../../../../../libopencm3//lib/libopencm3_stm32f4.a(gpio_common_f0234.o)
                0x0000000008000802                gpio_mode_setup
 .text.gpio_set_af
                0x0000000008000842       0x58 ../../../../../libopencm3//lib/libopencm3_stm32f4.a(gpio_common_f0234.o)
                0x0000000008000842                gpio_set_af
 .text.rcc_periph_clock_enable
                0x000000000800089a       0x1c ../../../../../libopencm3//lib/libopencm3_stm32f4.a(rcc_common_all.o)
                0x000000000800089a                rcc_periph_clock_enable
 *fill*         0x00000000080008b6        0x2 
 .text.rcc_is_osc_ready
                0x00000000080008b8       0x64 ../../../../../libopencm3//lib/libopencm3_stm32f4.a(rcc.o)
                0x00000000080008b8                rcc_is_osc_ready
 .text.rcc_wait_for_osc_ready
                0x000000000800091c       0x10 ../../../../../libopencm3//lib/libopencm3_stm32f4.a(rcc.o)
                0x000000000800091c                rcc_wait_for_osc_ready
 .text.rcc_osc_on
                0x000000000800092c       0x74 ../../../../../libopencm3//lib/libopencm3_stm32f4.a(rcc.o)
                0x000000000800092c                rcc_osc_on
 .text.rcc_osc_off
                0x00000000080009a0       0x74 ../../../../../libopencm3//lib/libopencm3_stm32f4.a(rcc.o)
                0x00000000080009a0                rcc_osc_off
 .text.rcc_set_sysclk_source
                0x0000000008000a14       0x18 ../../../../../libopencm3//lib/libopencm3_stm32f4.a(rcc.o)
                0x0000000008000a14                rcc_set_sysclk_source
 .text.rcc_set_ppre2
                0x0000000008000a2c       0x18 ../../../../../libopencm3//lib/libopencm3_stm32f4.a(rcc.o)
                0x0000000008000a2c                rcc_set_ppre2
 .text.rcc_set_ppre1
                0x0000000008000a44       0x18 ../../../../../libopencm3//lib/libopencm3_stm32f4.a(rcc.o)
                0x0000000008000a44                rcc_set_ppre1
 .text.rcc_set_hpre
                0x0000000008000a5c       0x18 ../../../../../libopencm3//lib/libopencm3_stm32f4.a(rcc.o)
                0x0000000008000a5c                rcc_set_hpre
 .text.rcc_set_main_pll_hsi
                0x0000000008000a74       0x44 ../../../../../libopencm3//lib/libopencm3_stm32f4.a(rcc.o)
                0x0000000008000a74                rcc_set_main_pll_hsi
 .text.rcc_set_main_pll_hse
                0x0000000008000ab8       0x44 ../../../../../libopencm3//lib/libopencm3_stm32f4.a(rcc.o)
                0x0000000008000ab8                rcc_set_main_pll_hse
 .text.rcc_clock_setup_pll
                0x0000000008000afc       0xe4 ../../../../../libopencm3//lib/libopencm3_stm32f4.a(rcc.o)
                0x0000000008000afc                rcc_clock_setup_pll
 .text.usbd_init
                0x0000000008000be0       0x54 ../../../../../libopencm3//lib/libopencm3_stm32f4.a(usb.o)
                0x0000000008000be0                usbd_init
 .text.usbd_register_reset_callback
                0x0000000008000c34        0x4 ../../../../../libopencm3//lib/libopencm3_stm32f4.a(usb.o)
                0x0000000008000c34                usbd_register_reset_callback
 .text.usbd_poll
                0x0000000008000c38        0x8 ../../../../../libopencm3//lib/libopencm3_stm32f4.a(usb.o)
                0x0000000008000c38                usbd_poll
 .text.usbd_ep_setup
                0x0000000008000c40       0x10 ../../../../../libopencm3//lib/libopencm3_stm32f4.a(usb.o)
                0x0000000008000c40                usbd_ep_setup
 .text._usbd_reset
                0x0000000008000c50       0x30 ../../../../../libopencm3//lib/libopencm3_stm32f4.a(usb.o)
                0x0000000008000c50                _usbd_reset
 .text.usbd_ep_write_packet
                0x0000000008000c80       0x10 ../../../../../libopencm3//lib/libopencm3_stm32f4.a(usb.o)
                0x0000000008000c80                usbd_ep_write_packet
 .text.usbd_ep_read_packet
                0x0000000008000c90       0x10 ../../../../../libopencm3//lib/libopencm3_stm32f4.a(usb.o)
                0x0000000008000c90                usbd_ep_read_packet
 .text.usbd_ep_stall_set
                0x0000000008000ca0        0x8 ../../../../../libopencm3//lib/libopencm3_stm32f4.a(usb.o)
                0x0000000008000ca0                usbd_ep_stall_set
 .text.usbd_ep_stall_get
                0x0000000008000ca8        0x8 ../../../../../libopencm3//lib/libopencm3_stm32f4.a(usb.o)
                0x0000000008000ca8                usbd_ep_stall_get
 .text.usbd_ep_nak_set
                0x0000000008000cb0        0x8 ../../../../../libopencm3//lib/libopencm3_stm32f4.a(usb.o)
                0x0000000008000cb0                usbd_ep_nak_set
 .text.usb_standard_set_address
                0x0000000008000cb8       0x28 ../../../../../libopencm3//lib/libopencm3_stm32f4.a(usb_standard.o)
 .text.usb_standard_set_configuration
                0x0000000008000ce0       0x96 ../../../../../libopencm3//lib/libopencm3_stm32f4.a(usb_standard.o)
 .text.usb_standard_get_configuration
                0x0000000008000d76       0x22 ../../../../../libopencm3//lib/libopencm3_stm32f4.a(usb_standard.o)
 .text.usb_standard_set_interface
                0x0000000008000d98       0x54 ../../../../../libopencm3//lib/libopencm3_stm32f4.a(usb_standard.o)
 .text.usb_standard_get_interface
                0x0000000008000dec       0x38 ../../../../../libopencm3//lib/libopencm3_stm32f4.a(usb_standard.o)
 .text.usb_standard_device_get_status
                0x0000000008000e24       0x18 ../../../../../libopencm3//lib/libopencm3_stm32f4.a(usb_standard.o)
 .text.usb_standard_endpoint_get_status
                0x0000000008000e3c       0x2a ../../../../../libopencm3//lib/libopencm3_stm32f4.a(usb_standard.o)
 .text.usb_standard_endpoint_stall
                0x0000000008000e66       0x10 ../../../../../libopencm3//lib/libopencm3_stm32f4.a(usb_standard.o)
 .text.usb_standard_endpoint_unstall
                0x0000000008000e76       0x10 ../../../../../libopencm3//lib/libopencm3_stm32f4.a(usb_standard.o)
 .text.usb_standard_get_descriptor
                0x0000000008000e86      0x2a0 ../../../../../libopencm3//lib/libopencm3_stm32f4.a(usb_standard.o)
 .text.usb_standard_interface_get_status
                0x0000000008001126       0x18 ../../../../../libopencm3//lib/libopencm3_stm32f4.a(usb_standard.o)
 .text.usbd_register_set_config_callback
                0x000000000800113e       0x28 ../../../../../libopencm3//lib/libopencm3_stm32f4.a(usb_standard.o)
                0x000000000800113e                usbd_register_set_config_callback
 *fill*         0x0000000008001166        0x2 
 .text._usbd_standard_request_device
                0x0000000008001168       0x4c ../../../../../libopencm3//lib/libopencm3_stm32f4.a(usb_standard.o)
                0x0000000008001168                _usbd_standard_request_device
 .text._usbd_standard_request_interface
                0x00000000080011b4       0x34 ../../../../../libopencm3//lib/libopencm3_stm32f4.a(usb_standard.o)
                0x00000000080011b4                _usbd_standard_request_interface
 .text._usbd_standard_request_endpoint
                0x00000000080011e8       0x40 ../../../../../libopencm3//lib/libopencm3_stm32f4.a(usb_standard.o)
                0x00000000080011e8                _usbd_standard_request_endpoint
 .text._usbd_standard_request
                0x0000000008001228       0x38 ../../../../../libopencm3//lib/libopencm3_stm32f4.a(usb_standard.o)
                0x0000000008001228                _usbd_standard_request
 .text.usb_control_send_chunk
                0x0000000008001260       0x52 ../../../../../libopencm3//lib/libopencm3_stm32f4.a(usb_control.o)
 .text.usb_control_request_dispatch
                0x00000000080012b2       0x60 ../../../../../libopencm3//lib/libopencm3_stm32f4.a(usb_control.o)
 .text.stall_transaction
                0x0000000008001312       0x14 ../../../../../libopencm3//lib/libopencm3_stm32f4.a(usb_control.o)
 .text.usb_control_recv_chunk
                0x0000000008001326       0x3c ../../../../../libopencm3//lib/libopencm3_stm32f4.a(usb_control.o)
 .text.usb_control_setup_read
                0x0000000008001362       0x66 ../../../../../libopencm3//lib/libopencm3_stm32f4.a(usb_control.o)
 .text.usbd_register_control_callback
                0x00000000080013c8       0x2c ../../../../../libopencm3//lib/libopencm3_stm32f4.a(usb_control.o)
                0x00000000080013c8                usbd_register_control_callback
 .text._usbd_control_setup
                0x00000000080013f4       0x60 ../../../../../libopencm3//lib/libopencm3_stm32f4.a(usb_control.o)
                0x00000000080013f4                _usbd_control_setup
 .text._usbd_control_out
                0x0000000008001454       0x82 ../../../../../libopencm3//lib/libopencm3_stm32f4.a(usb_control.o)
                0x0000000008001454                _usbd_control_out
 .text._usbd_control_in
                0x00000000080014d6       0x64 ../../../../../libopencm3//lib/libopencm3_stm32f4.a(usb_control.o)
                0x00000000080014d6                _usbd_control_in
 *fill*         0x000000000800153a        0x2 
 .text.stm32f107_usbd_init
                0x000000000800153c       0xa0 ../../../../../libopencm3//lib/libopencm3_stm32f4.a(usb_f107.o)
 .text.stm32f207_usbd_init
                0x00000000080015dc       0x84 ../../../../../libopencm3//lib/libopencm3_stm32f4.a(usb_f207.o)
 .text.blocking_handler
                0x0000000008001660        0x2 ../../../../../libopencm3//lib/libopencm3_stm32f4.a(vector.o)
                0x0000000008001660                dma2_stream1_isr
                0x0000000008001660                tim8_brk_tim12_isr
                0x0000000008001660                dma1_stream7_isr
                0x0000000008001660                usart3_isr
                0x0000000008001660                tim7_isr
                0x0000000008001660                dma2d_isr
                0x0000000008001660                uart8_isr
                0x0000000008001660                dma1_stream2_isr
                0x0000000008001660                blocking_handler
                0x0000000008001660                tim5_isr
                0x0000000008001660                rtc_wkup_isr
                0x0000000008001660                spi1_isr
                0x0000000008001660                i2c3_er_isr
                0x0000000008001660                exti2_isr
                0x0000000008001660                spi5_isr
                0x0000000008001660                usb_fs_wkup_isr
                0x0000000008001660                tamp_stamp_isr
                0x0000000008001660                can1_rx1_isr
                0x0000000008001660                dma2_stream0_isr
                0x0000000008001660                usart1_isr
                0x0000000008001660                i2c3_ev_isr
                0x0000000008001660                usage_fault_handler
                0x0000000008001660                can2_rx0_isr
                0x0000000008001660                dma1_stream6_isr
                0x0000000008001660                can2_rx1_isr
                0x0000000008001660                can1_sce_isr
                0x0000000008001660                tim1_cc_isr
                0x0000000008001660                can1_tx_isr
                0x0000000008001660                tim1_up_tim10_isr
                0x0000000008001660                sdio_isr
                0x0000000008001660                eth_isr
                0x0000000008001660                spi6_isr
                0x0000000008001660                dma2_stream5_isr
                0x0000000008001660                pvd_isr
                0x0000000008001660                can1_rx0_isr
                0x0000000008001660                rcc_isr
                0x0000000008001660                dma2_stream3_isr
                0x0000000008001660                flash_isr
                0x0000000008001660                uart4_isr
                0x0000000008001660                lcd_tft_isr
                0x0000000008001660                rtc_alarm_isr
                0x0000000008001660                exti15_10_isr
                0x0000000008001660                hash_rng_isr
                0x0000000008001660                tim1_trg_com_tim11_isr
                0x0000000008001660                hard_fault_handler
                0x0000000008001660                exti1_isr
                0x0000000008001660                i2c1_ev_isr
                0x0000000008001660                usart6_isr
                0x0000000008001660                spi2_isr
                0x0000000008001660                cryp_isr
                0x0000000008001660                nvic_wwdg_isr
                0x0000000008001660                dma1_stream1_isr
                0x0000000008001660                dma2_stream4_isr
                0x0000000008001660                exti3_isr
                0x0000000008001660                tim3_isr
                0x0000000008001660                usart2_isr
                0x0000000008001660                sai1_isr
                0x0000000008001660                fpu_isr
                0x0000000008001660                dma1_stream4_isr
                0x0000000008001660                i2c2_er_isr
                0x0000000008001660                i2c2_ev_isr
                0x0000000008001660                uart5_isr
                0x0000000008001660                dma2_stream6_isr
                0x0000000008001660                spi4_isr
                0x0000000008001660                adc_isr
                0x0000000008001660                dma2_stream7_isr
                0x0000000008001660                tim8_up_tim13_isr
                0x0000000008001660                fsmc_isr
                0x0000000008001660                exti4_isr
                0x0000000008001660                tim6_dac_isr
                0x0000000008001660                dma1_stream3_isr
                0x0000000008001660                tim8_trg_com_tim14_isr
                0x0000000008001660                mem_manage_handler
                0x0000000008001660                lcd_tft_err_isr
                0x0000000008001660                can2_tx_isr
                0x0000000008001660                exti9_5_isr
                0x0000000008001660                tim1_brk_tim9_isr
                0x0000000008001660                uart7_isr
                0x0000000008001660                can2_sce_isr
                0x0000000008001660                tim4_isr
                0x0000000008001660                otg_hs_wkup_isr
                0x0000000008001660                i2c1_er_isr
                0x0000000008001660                dma1_stream0_isr
                0x0000000008001660                tim8_cc_isr
                0x0000000008001660                dcmi_isr
                0x0000000008001660                dma2_stream2_isr
                0x0000000008001660                eth_wkup_isr
                0x0000000008001660                bus_fault_handler
                0x0000000008001660                otg_hs_ep1_out_isr
                0x0000000008001660                spi3_isr
                0x0000000008001660                dma1_stream5_isr
                0x0000000008001660                otg_hs_ep1_in_isr
                0x0000000008001660                tim2_isr
                0x0000000008001660                exti0_isr
 .text.null_handler
                0x0000000008001662        0x2 ../../../../../libopencm3//lib/libopencm3_stm32f4.a(vector.o)
                0x0000000008001662                null_handler
                0x0000000008001662                sv_call_handler
                0x0000000008001662                pend_sv_handler
                0x0000000008001662                debug_monitor_handler
                0x0000000008001662                sys_tick_handler
                0x0000000008001662                nmi_handler
 .text.reset_handler
                0x0000000008001664       0xa0 ../../../../../libopencm3//lib/libopencm3_stm32f4.a(vector.o)
                0x0000000008001664                reset_handler
 .text.nvic_enable_irq
                0x0000000008001704       0x1c ../../../../../libopencm3//lib/libopencm3_stm32f4.a(nvic.o)
                0x0000000008001704                nvic_enable_irq
 .text.nvic_set_priority
                0x0000000008001720       0x20 ../../../../../libopencm3//lib/libopencm3_stm32f4.a(nvic.o)
                0x0000000008001720                nvic_set_priority
 .text.flash_set_ws
                0x0000000008001740       0x18 ../../../../../libopencm3//lib/libopencm3_stm32f4.a(flash_common_all.o)
                0x0000000008001740                flash_set_ws
 .text.flash_dcache_enable
                0x0000000008001758       0x14 ../../../../../libopencm3//lib/libopencm3_stm32f4.a(flash_common_idcache.o)
                0x0000000008001758                flash_dcache_enable
 .text.flash_dcache_disable
                0x000000000800176c       0x14 ../../../../../libopencm3//lib/libopencm3_stm32f4.a(flash_common_idcache.o)
                0x000000000800176c                flash_dcache_disable
 .text.flash_icache_enable
                0x0000000008001780       0x14 ../../../../../libopencm3//lib/libopencm3_stm32f4.a(flash_common_idcache.o)
                0x0000000008001780                flash_icache_enable
 .text.flash_icache_disable
                0x0000000008001794       0x14 ../../../../../libopencm3//lib/libopencm3_stm32f4.a(flash_common_idcache.o)
                0x0000000008001794                flash_icache_disable
 .text.pwr_set_vos_scale
                0x00000000080017a8       0x18 ../../../../../libopencm3//lib/libopencm3_stm32f4.a(pwr.o)
                0x00000000080017a8                pwr_set_vos_scale
 .text.dwc_set_address
                0x00000000080017c0       0x18 ../../../../../libopencm3//lib/libopencm3_stm32f4.a(usb_dwc_common.o)
                0x00000000080017c0                dwc_set_address
 .text.dwc_ep_setup
                0x00000000080017d8      0x136 ../../../../../libopencm3//lib/libopencm3_stm32f4.a(usb_dwc_common.o)
                0x00000000080017d8                dwc_ep_setup
 .text.dwc_endpoints_reset
                0x000000000800190e       0x4c ../../../../../libopencm3//lib/libopencm3_stm32f4.a(usb_dwc_common.o)
                0x000000000800190e                dwc_endpoints_reset
 .text.dwc_ep_stall_set
                0x000000000800195a       0x88 ../../../../../libopencm3//lib/libopencm3_stm32f4.a(usb_dwc_common.o)
                0x000000000800195a                dwc_ep_stall_set
 .text.dwc_ep_stall_get
                0x00000000080019e2       0x28 ../../../../../libopencm3//lib/libopencm3_stm32f4.a(usb_dwc_common.o)
                0x00000000080019e2                dwc_ep_stall_get
 .text.dwc_ep_nak_set
                0x0000000008001a0a       0x28 ../../../../../libopencm3//lib/libopencm3_stm32f4.a(usb_dwc_common.o)
                0x0000000008001a0a                dwc_ep_nak_set
 .text.dwc_ep_write_packet
                0x0000000008001a32       0x52 ../../../../../libopencm3//lib/libopencm3_stm32f4.a(usb_dwc_common.o)
                0x0000000008001a32                dwc_ep_write_packet
 .text.dwc_ep_read_packet
                0x0000000008001a84       0x74 ../../../../../libopencm3//lib/libopencm3_stm32f4.a(usb_dwc_common.o)
                0x0000000008001a84                dwc_ep_read_packet
 .text.dwc_poll
                0x0000000008001af8      0x206 ../../../../../libopencm3//lib/libopencm3_stm32f4.a(usb_dwc_common.o)
                0x0000000008001af8                dwc_poll
 .text.dwc_disconnect
                0x0000000008001cfe       0x1c ../../../../../libopencm3//lib/libopencm3_stm32f4.a(usb_dwc_common.o)
                0x0000000008001cfe                dwc_disconnect
 *fill*         0x0000000008001d1a        0x2 
 .text          0x0000000008001d1c       0x10 /usr/lib/gcc/arm-none-eabi/10.3.1/../../../arm-none-eabi/lib/thumb/v7e-m+fp/hard/libc.a(lib_a-abort.o)
                0x0000000008001d1c                abort
 .text          0x0000000008001d2c       0x34 /usr/lib/gcc/arm-none-eabi/10.3.1/../../../arm-none-eabi/lib/thumb/v7e-m+fp/hard/libc.a(lib_a-fileno.o)
                0x0000000008001d2c                fileno
 .text          0x0000000008001d60      0x218 /usr/lib/gcc/arm-none-eabi/10.3.1/../../../arm-none-eabi/lib/thumb/v7e-m+fp/hard/libc.a(lib_a-findfp.o)
                0x0000000008001d64                _cleanup_r
                0x0000000008001e4c                __sfmoreglue
                0x0000000008001e7c                __sfp
                0x0000000008001f24                _cleanup
                0x0000000008001f38                __sinit
                0x0000000008001f40                __sfp_lock_acquire
                0x0000000008001f44                __sfp_lock_release
                0x0000000008001f48                __sinit_lock_acquire
                0x0000000008001f4c                __sinit_lock_release
                0x0000000008001f50                __fp_lock_all
                0x0000000008001f64                __fp_unlock_all
 .text          0x0000000008001f78       0x88 /usr/lib/gcc/arm-none-eabi/10.3.1/../../../arm-none-eabi/lib/thumb/v7e-m+fp/hard/libc.a(lib_a-fwalk.o)
                0x0000000008001f78                _fwalk
                0x0000000008001fb8                _fwalk_reent
 .text          0x0000000008002000       0x80 /usr/lib/gcc/arm-none-eabi/10.3.1/../../../arm-none-eabi/lib/thumb/v7e-m+fp/hard/libc.a(lib_a-getc.o)
                0x0000000008002000                _getc_r
                0x000000000800203c                getc
 .text          0x0000000008002080       0x20 /usr/lib/gcc/arm-none-eabi/10.3.1/../../../arm-none-eabi/lib/thumb/v7e-m+fp/hard/libc.a(lib_a-malloc.o)
                0x0000000008002080                malloc
                0x0000000008002090                free
 .text          0x00000000080020a0      0x554 /usr/lib/gcc/arm-none-eabi/10.3.1/../../../arm-none-eabi/lib/thumb/v7e-m+fp/hard/libc.a(lib_a-mallocr.o)
                0x00000000080020a0                _malloc_r
 .text          0x00000000080025f4      0x134 /usr/lib/gcc/arm-none-eabi/10.3.1/../../../arm-none-eabi/lib/thumb/v7e-m+fp/hard/libc.a(lib_a-memcpy.o)
                0x00000000080025f4                memcpy
 .text          0x0000000008002728       0xa4 /usr/lib/gcc/arm-none-eabi/10.3.1/../../../arm-none-eabi/lib/thumb/v7e-m+fp/hard/libc.a(lib_a-memset.o)
                0x0000000008002728                memset
 .text          0x00000000080027cc        0x8 /usr/lib/gcc/arm-none-eabi/10.3.1/../../../arm-none-eabi/lib/thumb/v7e-m+fp/hard/libc.a(lib_a-mlock.o)
                0x00000000080027cc                __malloc_lock
                0x00000000080027d0                __malloc_unlock
 .text          0x00000000080027d4       0x48 /usr/lib/gcc/arm-none-eabi/10.3.1/../../../arm-none-eabi/lib/thumb/v7e-m+fp/hard/libc.a(lib_a-printf.o)
                0x00000000080027d4                _printf_r
                0x00000000080027f4                printf
 .text          0x000000000800281c       0xb8 /usr/lib/gcc/arm-none-eabi/10.3.1/../../../arm-none-eabi/lib/thumb/v7e-m+fp/hard/libc.a(lib_a-putc.o)
                0x000000000800281c                _putc_r
                0x0000000008002874                putc
 .text          0x00000000080028d4       0x78 /usr/lib/gcc/arm-none-eabi/10.3.1/../../../arm-none-eabi/lib/thumb/v7e-m+fp/hard/libc.a(lib_a-puts.o)
                0x00000000080028d4                _puts_r
                0x000000000800293c                puts
 .text          0x000000000800294c       0x70 /usr/lib/gcc/arm-none-eabi/10.3.1/../../../arm-none-eabi/lib/thumb/v7e-m+fp/hard/libc.a(lib_a-rget.o)
                0x000000000800294c                __srget_r
                0x0000000008002980                __srget
 .text          0x00000000080029bc      0x174 /usr/lib/gcc/arm-none-eabi/10.3.1/../../../arm-none-eabi/lib/thumb/v7e-m+fp/hard/libc.a(lib_a-setvbuf.o)
                0x00000000080029bc                setvbuf
 .text          0x0000000008002b30      0x288 /usr/lib/gcc/arm-none-eabi/10.3.1/../../../arm-none-eabi/lib/thumb/v7e-m+fp/hard/libc.a(lib_a-signal.o)
                0x0000000008002b30                _init_signal_r
                0x0000000008002b60                _signal_r
                0x0000000008002bac                _raise_r
                0x0000000008002c04                __sigtramp_r
                0x0000000008002c68                raise
                0x0000000008002cc4                signal
                0x0000000008002d18                _init_signal
                0x0000000008002d50                __sigtramp
 .text          0x0000000008002db8       0x30 /usr/lib/gcc/arm-none-eabi/10.3.1/../../../arm-none-eabi/lib/thumb/v7e-m+fp/hard/libc.a(lib_a-signalr.o)
                0x0000000008002db8                _kill_r
                0x0000000008002de4                _getpid_r
 .text          0x0000000008002de8       0x90 /usr/lib/gcc/arm-none-eabi/10.3.1/../../../arm-none-eabi/lib/thumb/v7e-m+fp/hard/libc.a(lib_a-stdio.o)
                0x0000000008002de8                __sread
                0x0000000008002e0c                __seofread
                0x0000000008002e10                __swrite
                0x0000000008002e50                __sseek
                0x0000000008002e70                __sclose
 *fill*         0x0000000008002e78        0x8 
 .text          0x0000000008002e80      0x2dc /usr/lib/gcc/arm-none-eabi/10.3.1/../../../arm-none-eabi/lib/thumb/v7e-m+fp/hard/libc.a(lib_a-strcmp.o)
                0x0000000008002e88                strcmp
 *fill*         0x000000000800315c       0x24 
 .text          0x0000000008003180       0xdc /usr/lib/gcc/arm-none-eabi/10.3.1/../../../arm-none-eabi/lib/thumb/v7e-m+fp/hard/libc.a(lib_a-strlen.o)
                0x0000000008003180                strlen
 *fill*         0x000000000800325c        0x4 
 .text          0x0000000008003260     0x159c /usr/lib/gcc/arm-none-eabi/10.3.1/../../../arm-none-eabi/lib/thumb/v7e-m+fp/hard/libc.a(lib_a-vfprintf.o)
                0x0000000008003260                _vfprintf_r
                0x0000000008004774                vfprintf
 .text          0x00000000080047fc       0xc8 /usr/lib/gcc/arm-none-eabi/10.3.1/../../../arm-none-eabi/lib/thumb/v7e-m+fp/hard/libc.a(lib_a-wbuf.o)
                0x00000000080047fc                __swbuf_r
                0x00000000080048ac                __swbuf
 .text          0x00000000080048c4       0xd4 /usr/lib/gcc/arm-none-eabi/10.3.1/../../../arm-none-eabi/lib/thumb/v7e-m+fp/hard/libc.a(lib_a-wsetup.o)
                0x00000000080048c4                __swsetup_r
 .text          0x0000000008004998     0x1064 /usr/lib/gcc/arm-none-eabi/10.3.1/../../../arm-none-eabi/lib/thumb/v7e-m+fp/hard/libc.a(lib_a-dtoa.o)
                0x0000000008004ac0                _dtoa_r
 .text          0x00000000080059fc       0xd4 /usr/lib/gcc/arm-none-eabi/10.3.1/../../../arm-none-eabi/lib/thumb/v7e-m+fp/hard/libc.a(lib_a-fclose.o)
                0x0000000008005a60                _fclose_r
                0x0000000008005a94                fclose
 .text          0x0000000008005ad0      0x1ac /usr/lib/gcc/arm-none-eabi/10.3.1/../../../arm-none-eabi/lib/thumb/v7e-m+fp/hard/libc.a(lib_a-fflush.o)
                0x0000000008005ad0                __sflush_r
                0x0000000008005c00                _fflush_r
                0x0000000008005c2c                fflush
 .text          0x0000000008005c7c      0x2ac /usr/lib/gcc/arm-none-eabi/10.3.1/../../../arm-none-eabi/lib/thumb/v7e-m+fp/hard/libc.a(lib_a-freer.o)
                0x0000000008005c7c                _malloc_trim_r
                0x0000000008005d1c                _free_r
 .text          0x0000000008005f28      0x2f0 /usr/lib/gcc/arm-none-eabi/10.3.1/../../../arm-none-eabi/lib/thumb/v7e-m+fp/hard/libc.a(lib_a-fvwrite.o)
                0x0000000008005f28                __sfvwrite_r
 .text          0x0000000008006218       0x14 /usr/lib/gcc/arm-none-eabi/10.3.1/../../../arm-none-eabi/lib/thumb/v7e-m+fp/hard/libc.a(lib_a-localeconv.o)
                0x0000000008006218                __localeconv_l
                0x000000000800621c                _localeconv_r
                0x0000000008006224                localeconv
 .text          0x000000000800622c      0x140 /usr/lib/gcc/arm-none-eabi/10.3.1/../../../arm-none-eabi/lib/thumb/v7e-m+fp/hard/libc.a(lib_a-makebuf.o)
                0x000000000800622c                __smakebuf_r
                0x000000000800630c                __swhatbuf_r
 *fill*         0x000000000800636c        0x4 
 .text          0x0000000008006370       0xa0 /usr/lib/gcc/arm-none-eabi/10.3.1/../../../arm-none-eabi/lib/thumb/v7e-m+fp/hard/libc.a(lib_a-memchr.o)
                0x0000000008006370                memchr
 .text          0x0000000008006410       0xf8 /usr/lib/gcc/arm-none-eabi/10.3.1/../../../arm-none-eabi/lib/thumb/v7e-m+fp/hard/libc.a(lib_a-memmove.o)
                0x0000000008006410                memmove
 .text          0x0000000008006508      0xaa0 /usr/lib/gcc/arm-none-eabi/10.3.1/../../../arm-none-eabi/lib/thumb/v7e-m+fp/hard/libc.a(lib_a-mprec.o)
                0x0000000008006508                _Balloc
                0x0000000008006554                _Bfree
                0x0000000008006568                __multadd
                0x0000000008006610                __s2b
                0x00000000080066c4                __hi0bits
                0x0000000008006704                __lo0bits
                0x0000000008006764                __i2b
                0x00000000080067c0                __multiply
                0x000000000800691c                __pow5mult
                0x00000000080069dc                __lshift
                0x0000000008006acc                __mcmp
                0x0000000008006b10                __mdiff
                0x0000000008006c5c                __ulp
                0x0000000008006cbc                __b2d
                0x0000000008006d7c                __d2b
                0x0000000008006e4c                __ratio
                0x0000000008006ea8                _mprec_log10
                0x0000000008006ee8                __copybits
                0x0000000008006f44                __any_on
 .text          0x0000000008006fa8      0x3d8 /usr/lib/gcc/arm-none-eabi/10.3.1/../../../arm-none-eabi/lib/thumb/v7e-m+fp/hard/libc.a(lib_a-reallocr.o)
                0x0000000008006fa8                _realloc_r
 .text          0x0000000008007380      0x128 /usr/lib/gcc/arm-none-eabi/10.3.1/../../../arm-none-eabi/lib/thumb/v7e-m+fp/hard/libc.a(lib_a-refill.o)
                0x0000000008007394                __srefill_r
 .text          0x00000000080074a8      0xd44 /usr/lib/gcc/arm-none-eabi/10.3.1/../../../arm-none-eabi/lib/thumb/v7e-m+fp/hard/libc.a(lib_a-vfiprintf.o)
                0x0000000008007520                __sprint_r
                0x0000000008007538                _vfiprintf_r
                0x0000000008008164                vfiprintf
 .text          0x00000000080081ec       0x4c /usr/lib/gcc/arm-none-eabi/10.3.1/../../../arm-none-eabi/lib/thumb/v7e-m+fp/hard/libc.a(lib_a-assert.o)
                0x00000000080081ec                __assert_func
                0x000000000800822c                __assert
 .text          0x0000000008008238       0x60 /usr/lib/gcc/arm-none-eabi/10.3.1/../../../arm-none-eabi/lib/thumb/v7e-m+fp/hard/libc.a(lib_a-callocr.o)
                0x0000000008008238                _calloc_r
 .text          0x0000000008008298       0x44 /usr/lib/gcc/arm-none-eabi/10.3.1/../../../arm-none-eabi/lib/thumb/v7e-m+fp/hard/libc.a(lib_a-fiprintf.o)
                0x0000000008008298                _fiprintf_r
                0x00000000080082b4                fiprintf
 .text          0x00000000080082dc      0x118 /usr/lib/gcc/arm-none-eabi/10.3.1/../../../arm-none-eabi/lib/thumb/v7e-m+fp/hard/libc.a(lib_a-fputwc.o)
                0x00000000080082dc                __fputwc
                0x0000000008008384                _fputwc_r
                0x00000000080083ac                fputwc
 .text          0x00000000080083f4       0x24 /usr/lib/gcc/arm-none-eabi/10.3.1/../../../arm-none-eabi/lib/thumb/v7e-m+fp/hard/libc.a(lib_a-isattyr.o)
                0x00000000080083f4                _isatty_r
 .text          0x0000000008008418       0x8c /usr/lib/gcc/arm-none-eabi/10.3.1/../../../arm-none-eabi/lib/thumb/v7e-m+fp/hard/libc.a(lib_a-locale.o)
                0x0000000008008418                _setlocale_r
                0x0000000008008458                __locale_mb_cur_max
                0x0000000008008464                setlocale
 .text          0x00000000080084a4       0x40 /usr/lib/gcc/arm-none-eabi/10.3.1/../../../arm-none-eabi/lib/thumb/v7e-m+fp/hard/libc.a(lib_a-mbtowc_r.o)
                0x00000000080084a4                _mbtowc_r
                0x00000000080084b8                __ascii_mbtowc
 .text          0x00000000080084e4       0x88 /usr/lib/gcc/arm-none-eabi/10.3.1/../../../arm-none-eabi/lib/thumb/v7e-m+fp/hard/libc.a(lib_a-wcrtomb.o)
                0x00000000080084e4                _wcrtomb_r
                0x0000000008008520                wcrtomb
 .text          0x000000000800856c       0x30 /usr/lib/gcc/arm-none-eabi/10.3.1/../../../arm-none-eabi/lib/thumb/v7e-m+fp/hard/libc.a(lib_a-wctomb_r.o)
                0x000000000800856c                _wctomb_r
                0x0000000008008580                __ascii_wctomb
 .text          0x000000000800859c      0x378 /usr/lib/gcc/arm-none-eabi/10.3.1/thumb/v7e-m+fp/hard/libgcc.a(_arm_addsubdf3.o)
                0x000000000800859c                __aeabi_drsub
                0x00000000080085a4                __aeabi_dsub
                0x00000000080085a4                __subdf3
                0x00000000080085a8                __adddf3
                0x00000000080085a8                __aeabi_dadd
                0x0000000008008820                __aeabi_ui2d
                0x0000000008008820                __floatunsidf
                0x0000000008008840                __floatsidf
                0x0000000008008840                __aeabi_i2d
                0x0000000008008864                __extendsfdf2
                0x0000000008008864                __aeabi_f2d
                0x00000000080088a8                __aeabi_ul2d
                0x00000000080088a8                __floatundidf
                0x00000000080088b8                __floatdidf
                0x00000000080088b8                __aeabi_l2d
 .text          0x0000000008008914      0x424 /usr/lib/gcc/arm-none-eabi/10.3.1/thumb/v7e-m+fp/hard/libgcc.a(_arm_muldivdf3.o)
                0x0000000008008914                __aeabi_dmul
                0x0000000008008914                __muldf3
                0x0000000008008b68                __aeabi_ddiv
                0x0000000008008b68                __divdf3
 .text          0x0000000008008d38      0x110 /usr/lib/gcc/arm-none-eabi/10.3.1/thumb/v7e-m+fp/hard/libgcc.a(_arm_cmpdf2.o)
                0x0000000008008d38                __gtdf2
                0x0000000008008d38                __gedf2
                0x0000000008008d40                __ltdf2
                0x0000000008008d40                __ledf2
                0x0000000008008d48                __cmpdf2
                0x0000000008008d48                __eqdf2
                0x0000000008008d48                __nedf2
                0x0000000008008dc4                __aeabi_cdrcmple
                0x0000000008008dd4                __aeabi_cdcmple
                0x0000000008008dd4                __aeabi_cdcmpeq
                0x0000000008008de4                __aeabi_dcmpeq
                0x0000000008008df8                __aeabi_dcmplt
                0x0000000008008e0c                __aeabi_dcmple
                0x0000000008008e20                __aeabi_dcmpge
                0x0000000008008e34                __aeabi_dcmpgt
 .text          0x0000000008008e48       0x2c /usr/lib/gcc/arm-none-eabi/10.3.1/thumb/v7e-m+fp/hard/libgcc.a(_arm_unorddf2.o)
                0x0000000008008e48                __aeabi_dcmpun
                0x0000000008008e48                __unorddf2
 .text          0x0000000008008e74       0x50 /usr/lib/gcc/arm-none-eabi/10.3.1/thumb/v7e-m+fp/hard/libgcc.a(_arm_fixdfsi.o)
                0x0000000008008e74                __fixdfsi
                0x0000000008008e74                __aeabi_d2iz
 .text          0x0000000008008ec4       0x30 /usr/lib/gcc/arm-none-eabi/10.3.1/thumb/v7e-m+fp/hard/libgcc.a(_aeabi_uldivmod.o)
                0x0000000008008ec4                __aeabi_uldivmod
 .text          0x0000000008008ef4      0x2d0 /usr/lib/gcc/arm-none-eabi/10.3.1/thumb/v7e-m+fp/hard/libgcc.a(_udivmoddi4.o)
                0x0000000008008ef4                __udivmoddi4
 .text          0x00000000080091c4        0x4 /usr/lib/gcc/arm-none-eabi/10.3.1/thumb/v7e-m+fp/hard/libgcc.a(_dvmd_tls.o)
                0x00000000080091c4                __aeabi_ldiv0
                0x00000000080091c4                __aeabi_idiv0
 .text          0x00000000080091c8       0x10 /usr/lib/gcc/arm-none-eabi/10.3.1/../../../arm-none-eabi/lib/thumb/v7e-m+fp/hard/libnosys.a(close.o)
                0x00000000080091c8                _close
 .text          0x00000000080091d8       0x10 /usr/lib/gcc/arm-none-eabi/10.3.1/../../../arm-none-eabi/lib/thumb/v7e-m+fp/hard/libnosys.a(fstat.o)
                0x00000000080091d8                _fstat
 .text          0x00000000080091e8       0x10 /usr/lib/gcc/arm-none-eabi/10.3.1/../../../arm-none-eabi/lib/thumb/v7e-m+fp/hard/libnosys.a(getpid.o)
                0x00000000080091e8                _getpid
 .text          0x00000000080091f8       0x10 /usr/lib/gcc/arm-none-eabi/10.3.1/../../../arm-none-eabi/lib/thumb/v7e-m+fp/hard/libnosys.a(isatty.o)
                0x00000000080091f8                _isatty
 .text          0x0000000008009208       0x10 /usr/lib/gcc/arm-none-eabi/10.3.1/../../../arm-none-eabi/lib/thumb/v7e-m+fp/hard/libnosys.a(kill.o)
                0x0000000008009208                _kill
 .text          0x0000000008009218       0x10 /usr/lib/gcc/arm-none-eabi/10.3.1/../../../arm-none-eabi/lib/thumb/v7e-m+fp/hard/libnosys.a(lseek.o)
                0x0000000008009218                _lseek
 .text          0x0000000008009228       0x10 /usr/lib/gcc/arm-none-eabi/10.3.1/../../../arm-none-eabi/lib/thumb/v7e-m+fp/hard/libnosys.a(open.o)
                0x0000000008009228                _open
 .text          0x0000000008009238       0x10 /usr/lib/gcc/arm-none-eabi/10.3.1/../../../arm-none-eabi/lib/thumb/v7e-m+fp/hard/libnosys.a(read.o)
                0x0000000008009238                _read
 .text          0x0000000008009248       0x1c /usr/lib/gcc/arm-none-eabi/10.3.1/../../../arm-none-eabi/lib/thumb/v7e-m+fp/hard/libnosys.a(sbrk.o)
                0x0000000008009248                _sbrk
 .text          0x0000000008009264       0x10 /usr/lib/gcc/arm-none-eabi/10.3.1/../../../arm-none-eabi/lib/thumb/v7e-m+fp/hard/libnosys.a(stat.o)
                0x0000000008009264                _stat
 .text          0x0000000008009274       0x10 /usr/lib/gcc/arm-none-eabi/10.3.1/../../../arm-none-eabi/lib/thumb/v7e-m+fp/hard/libnosys.a(write.o)
                0x0000000008009274                _write
 .text          0x0000000008009284        0x4 /usr/lib/gcc/arm-none-eabi/10.3.1/../../../arm-none-eabi/lib/thumb/v7e-m+fp/hard/libnosys.a(_exit.o)
                0x0000000008009284                _exit
                0x0000000008009288                . = ALIGN (0x4)
 *(.rodata*)
 .rodata.init_console.str1.1
                0x0000000008009288       0x1d adc_cdcacm.o
 .rodata.main.str1.1
                0x00000000080092a5        0xa adc_cdcacm.o
 .rodata.str1.1
                0x00000000080092af       0x2c ../../../../../libopencm3-plus//lib/libopencm3_plus_stm32f429idiscovery.a(cdcacm.o)
 .rodata.cdcacm_functional_descriptors
                0x00000000080092db       0x13 ../../../../../libopencm3-plus//lib/libopencm3_plus_stm32f429idiscovery.a(cdcacm.o)
 .rodata.comm_endp
                0x00000000080092ee        0xf ../../../../../libopencm3-plus//lib/libopencm3_plus_stm32f429idiscovery.a(cdcacm.o)
 .rodata.comm_iface
                0x00000000080092fd       0x15 ../../../../../libopencm3-plus//lib/libopencm3_plus_stm32f429idiscovery.a(cdcacm.o)
 .rodata.config
                0x0000000008009312        0xd ../../../../../libopencm3-plus//lib/libopencm3_plus_stm32f429idiscovery.a(cdcacm.o)
 .rodata.data_endp
                0x000000000800931f       0x1e ../../../../../libopencm3-plus//lib/libopencm3_plus_stm32f429idiscovery.a(cdcacm.o)
 .rodata.data_iface
                0x000000000800933d       0x15 ../../../../../libopencm3-plus//lib/libopencm3_plus_stm32f429idiscovery.a(cdcacm.o)
 .rodata.dev    0x0000000008009352       0x12 ../../../../../libopencm3-plus//lib/libopencm3_plus_stm32f429idiscovery.a(cdcacm.o)
 .rodata.ifaces
                0x0000000008009364       0x20 ../../../../../libopencm3-plus//lib/libopencm3_plus_stm32f429idiscovery.a(cdcacm.o)
 .rodata.str1.1
                0x0000000008009384        0x5 ../../../../../libopencm3-plus//lib/libopencm3_plus_stm32f429idiscovery.a(null.o)
 *fill*         0x0000000008009389        0x3 
 .rodata.rcc_hse_8mhz_3v3
                0x000000000800938c       0x54 ../../../../../libopencm3//lib/libopencm3_stm32f4.a(rcc.o)
                0x000000000800938c                rcc_hse_8mhz_3v3
 .rodata.stm32f107_usb_driver
                0x00000000080093e0       0x34 ../../../../../libopencm3//lib/libopencm3_stm32f4.a(usb_f107.o)
                0x00000000080093e0                stm32f107_usb_driver
 .rodata.stm32f207_usb_driver
                0x0000000008009414       0x34 ../../../../../libopencm3//lib/libopencm3_stm32f4.a(usb_f207.o)
                0x0000000008009414                stm32f207_usb_driver
 .rodata        0x0000000008009448        0x4 /usr/lib/gcc/arm-none-eabi/10.3.1/../../../arm-none-eabi/lib/thumb/v7e-m+fp/hard/libc.a(lib_a-impure.o)
                0x0000000008009448                _global_impure_ptr
 .rodata.str1.4
                0x000000000800944c        0x2 /usr/lib/gcc/arm-none-eabi/10.3.1/../../../arm-none-eabi/lib/thumb/v7e-m+fp/hard/libc.a(lib_a-puts.o)
 *fill*         0x000000000800944e        0x2 
 .rodata.str1.4
                0x0000000008009450       0x42 /usr/lib/gcc/arm-none-eabi/10.3.1/../../../arm-none-eabi/lib/thumb/v7e-m+fp/hard/libc.a(lib_a-vfprintf.o)
 *fill*         0x0000000008009492        0x2 
 .rodata        0x0000000008009494       0x20 /usr/lib/gcc/arm-none-eabi/10.3.1/../../../arm-none-eabi/lib/thumb/v7e-m+fp/hard/libc.a(lib_a-vfprintf.o)
 .rodata.str1.4
                0x00000000080094b4       0x56 /usr/lib/gcc/arm-none-eabi/10.3.1/../../../arm-none-eabi/lib/thumb/v7e-m+fp/hard/libc.a(lib_a-dtoa.o)
                                         0x5a (size before relaxing)
 *fill*         0x000000000800950a        0x2 
 .rodata.str1.4
                0x000000000800950c       0x33 /usr/lib/gcc/arm-none-eabi/10.3.1/../../../arm-none-eabi/lib/thumb/v7e-m+fp/hard/libc.a(lib_a-mprec.o)
                                         0x47 (size before relaxing)
 *fill*         0x000000000800953f        0x1 
 .rodata        0x0000000008009540      0x128 /usr/lib/gcc/arm-none-eabi/10.3.1/../../../arm-none-eabi/lib/thumb/v7e-m+fp/hard/libc.a(lib_a-mprec.o)
                0x0000000008009550                __mprec_tens
                0x0000000008009618                __mprec_tinytens
                0x0000000008009640                __mprec_bigtens
 .rodata.str1.4
                0x0000000008009668       0x2f /usr/lib/gcc/arm-none-eabi/10.3.1/../../../arm-none-eabi/lib/thumb/v7e-m+fp/hard/libc.a(lib_a-vfiprintf.o)
 .rodata        0x0000000008009668       0x20 /usr/lib/gcc/arm-none-eabi/10.3.1/../../../arm-none-eabi/lib/thumb/v7e-m+fp/hard/libc.a(lib_a-vfiprintf.o)
 .rodata.str1.4
                0x0000000008009688       0x3f /usr/lib/gcc/arm-none-eabi/10.3.1/../../../arm-none-eabi/lib/thumb/v7e-m+fp/hard/libc.a(lib_a-assert.o)
                                         0x43 (size before relaxing)
 *fill*         0x00000000080096c7        0x1 
 .rodata.str1.4
                0x00000000080096c8        0xe /usr/lib/gcc/arm-none-eabi/10.3.1/../../../arm-none-eabi/lib/thumb/v7e-m+fp/hard/libc.a(lib_a-locale.o)
                                         0x12 (size before relaxing)
 *fill*         0x00000000080096d6        0x2 
 .rodata        0x00000000080096d8      0x101 /usr/lib/gcc/arm-none-eabi/10.3.1/../../../arm-none-eabi/lib/thumb/v7e-m+fp/hard/libc.a(lib_a-ctype_.o)
                0x00000000080096d8                _ctype_
                0x00000000080097dc                . = ALIGN (0x4)
 *fill*         0x00000000080097d9        0x3 

.glue_7         0x00000000080097dc        0x0
 .glue_7        0x00000000080097dc        0x0 linker stubs

.glue_7t        0x00000000080097dc        0x0
 .glue_7t       0x00000000080097dc        0x0 linker stubs

.vfp11_veneer   0x00000000080097dc        0x0
 .vfp11_veneer  0x00000000080097dc        0x0 linker stubs

.v4_bx          0x00000000080097dc        0x0
 .v4_bx         0x00000000080097dc        0x0 linker stubs

.iplt           0x00000000080097dc        0x0
 .iplt          0x00000000080097dc        0x0 adc_cdcacm.o

.preinit_array  0x00000000080097dc        0x0
                0x00000000080097dc                . = ALIGN (0x4)
                0x00000000080097dc                __preinit_array_start = .
 *(.preinit_array)
                0x00000000080097dc                __preinit_array_end = .

.init_array     0x00000000080097dc        0x0
                0x00000000080097dc                . = ALIGN (0x4)
                0x00000000080097dc                __init_array_start = .
 *(SORT_BY_NAME(.init_array.*))
 *(.init_array)
                0x00000000080097dc                __init_array_end = .

.fini_array     0x00000000080097dc        0x0
                0x00000000080097dc                . = ALIGN (0x4)
                0x00000000080097dc                __fini_array_start = .
 *(.fini_array)
 *(SORT_BY_NAME(.fini_array.*))
                0x00000000080097dc                __fini_array_end = .

.ARM.extab
 *(.ARM.extab*)

.ARM.exidx      0x00000000080097dc        0x8
                0x00000000080097dc                __exidx_start = .
 *(.ARM.exidx*)
 .ARM.exidx     0x00000000080097dc        0x8 /usr/lib/gcc/arm-none-eabi/10.3.1/thumb/v7e-m+fp/hard/libgcc.a(_udivmoddi4.o)
                0x00000000080097e4                __exidx_end = .

.rel.dyn        0x00000000080097e4        0x0
 .rel.iplt      0x00000000080097e4        0x0 adc_cdcacm.o
                0x00000000080097e4                . = ALIGN (0x4)
                0x00000000080097e4                _etext = .

.noinit
 *(.noinit*)
                0x00000000080097e4                . = ALIGN (0x4)

.data           0x0000000020000000      0xa0c load address 0x00000000080097e4
                0x0000000020000000                _data = .
 *(.data*)
 .data.cdcacm_sent
                0x0000000020000000        0x4 ../../../../../libopencm3-plus//lib/libopencm3_plus_stm32f429idiscovery.a(cdcacm.o)
                0x0000000020000000                cdcacm_sent
 .data.dotab_cdcacm
                0x0000000020000004       0x18 ../../../../../libopencm3-plus//lib/libopencm3_plus_stm32f429idiscovery.a(cdcacm.o)
                0x0000000020000004                dotab_cdcacm
 .data.usb_strings
                0x000000002000001c        0xc ../../../../../libopencm3-plus//lib/libopencm3_plus_stm32f429idiscovery.a(cdcacm.o)
 .data.devoptab_list
                0x0000000020000028       0x10 ../../../../../libopencm3-plus//lib/libopencm3_plus_stm32f429idiscovery.a(syscall.o)
                0x0000000020000028                devoptab_list
 .data.dotab_null
                0x0000000020000038       0x18 ../../../../../libopencm3-plus//lib/libopencm3_plus_stm32f429idiscovery.a(null.o)
                0x0000000020000038                dotab_null
 .data.rcc_ahb_frequency
                0x0000000020000050        0x4 ../../../../../libopencm3//lib/libopencm3_stm32f4.a(rcc.o)
                0x0000000020000050                rcc_ahb_frequency
 .data.rcc_apb1_frequency
                0x0000000020000054        0x4 ../../../../../libopencm3//lib/libopencm3_stm32f4.a(rcc.o)
                0x0000000020000054                rcc_apb1_frequency
 .data.rcc_apb2_frequency
                0x0000000020000058        0x4 ../../../../../libopencm3//lib/libopencm3_stm32f4.a(rcc.o)
                0x0000000020000058                rcc_apb2_frequency
 *fill*         0x000000002000005c        0x4 
 .data          0x0000000020000060      0x430 /usr/lib/gcc/arm-none-eabi/10.3.1/../../../arm-none-eabi/lib/thumb/v7e-m+fp/hard/libc.a(lib_a-impure.o)
                0x0000000020000060                _impure_ptr
 .data          0x0000000020000490      0x410 /usr/lib/gcc/arm-none-eabi/10.3.1/../../../arm-none-eabi/lib/thumb/v7e-m+fp/hard/libc.a(lib_a-mallocr.o)
                0x0000000020000490                __malloc_av_
                0x0000000020000898                __malloc_sbrk_base
                0x000000002000089c                __malloc_trim_threshold
 .data          0x00000000200008a0      0x16c /usr/lib/gcc/arm-none-eabi/10.3.1/../../../arm-none-eabi/lib/thumb/v7e-m+fp/hard/libc.a(lib_a-locale.o)
                0x00000000200008a0                __global_locale
 *(.ramtext*)
                0x0000000020000a0c                . = ALIGN (0x4)
                0x0000000020000a0c                _edata = .
                0x00000000080097e4                _data_loadaddr = LOADADDR (.data)

.igot.plt       0x0000000020000a0c        0x0 load address 0x000000000800a1f0
 .igot.plt      0x0000000020000a0c        0x0 adc_cdcacm.o

.bss            0x0000000020000a0c     0x3338 load address 0x000000000800a1f0
 *(.bss*)
 .bss.buf.0     0x0000000020000a0c       0x40 ../../../../../libopencm3-plus//lib/libopencm3_plus_stm32f429idiscovery.a(cdcacm.o)
 .bss.cdc_cbuf_in
                0x0000000020000a4c       0x1c ../../../../../libopencm3-plus//lib/libopencm3_plus_stm32f429idiscovery.a(cdcacm.o)
                0x0000000020000a4c                cdc_cbuf_in
 .bss.configured
                0x0000000020000a68        0x4 ../../../../../libopencm3-plus//lib/libopencm3_plus_stm32f429idiscovery.a(cdcacm.o)
 .bss.serial_no
                0x0000000020000a6c        0x9 ../../../../../libopencm3-plus//lib/libopencm3_plus_stm32f429idiscovery.a(cdcacm.o)
                0x0000000020000a6c                serial_no
 .bss.usbd_control_buffer
                0x0000000020000a75       0x80 ../../../../../libopencm3-plus//lib/libopencm3_plus_stm32f429idiscovery.a(cdcacm.o)
                0x0000000020000a75                usbd_control_buffer
 *fill*         0x0000000020000af5        0x3 
 .bss.usbdev    0x0000000020000af8        0x4 ../../../../../libopencm3-plus//lib/libopencm3_plus_stm32f429idiscovery.a(cdcacm.o)
                0x0000000020000af8                usbdev
 .bss._heap     0x0000000020000afc     0x3000 ../../../../../libopencm3-plus//lib/libopencm3_plus_stm32f429idiscovery.a(syscall.o)
                0x0000000020000afc                _heap
 .bss.heap_end.0
                0x0000000020003afc        0x4 ../../../../../libopencm3-plus//lib/libopencm3_plus_stm32f429idiscovery.a(syscall.o)
 .bss.usbd_dev  0x0000000020003b00      0x104 ../../../../../libopencm3//lib/libopencm3_stm32f4.a(usb_f107.o)
 .bss.usbd_dev  0x0000000020003c04      0x104 ../../../../../libopencm3//lib/libopencm3_stm32f4.a(usb_f207.o)
 .bss           0x0000000020003d08       0x34 /usr/lib/gcc/arm-none-eabi/10.3.1/../../../arm-none-eabi/lib/thumb/v7e-m+fp/hard/libc.a(lib_a-mallocr.o)
                0x0000000020003d08                __malloc_top_pad
                0x0000000020003d0c                __malloc_current_mallinfo
                0x0000000020003d34                __malloc_max_sbrked_mem
                0x0000000020003d38                __malloc_max_total_mem
 .bss           0x0000000020003d3c        0x4 /usr/lib/gcc/arm-none-eabi/10.3.1/../../../arm-none-eabi/lib/thumb/v7e-m+fp/hard/libc.a(lib_a-reent.o)
                0x0000000020003d3c                errno
 .bss           0x0000000020003d40        0x4 /usr/lib/gcc/arm-none-eabi/10.3.1/../../../arm-none-eabi/lib/thumb/v7e-m+fp/hard/libnosys.a(sbrk.o)
 *(COMMON)
                0x0000000020003d44                . = ALIGN (0x4)
                0x0000000020003d44                _ebss = .

/DISCARD/
 *(.eh_frame)
                0x0000000020003d44                . = ALIGN (0x4)
                0x0000000020003d44                end = .
                0x0000000020030000                PROVIDE (_stack = (ORIGIN (ram) + LENGTH (ram)))
OUTPUT(adc_cdcacm.elf elf32-littlearm)
LOAD linker stubs

.debug_info     0x0000000000000000    0x303d9
 .debug_info    0x0000000000000000     0x1478 adc_cdcacm.o
 .debug_info    0x0000000000001478     0x1093 ../../../../../libopencm3-plus//lib/libopencm3_plus_stm32f429idiscovery.a(cdcacm.o)
 .debug_info    0x000000000000250b      0x76e ../../../../../libopencm3-plus//lib/libopencm3_plus_stm32f429idiscovery.a(stm32f_4_411_429i_discovery.o)
 .debug_info    0x0000000000002c79      0x352 ../../../../../libopencm3-plus//lib/libopencm3_plus_stm32f429idiscovery.a(data_structs.o)
 .debug_info    0x0000000000002fcb      0x4af ../../../../../libopencm3-plus//lib/libopencm3_plus_stm32f429idiscovery.a(misc.o)
 .debug_info    0x000000000000347a     0x1047 ../../../../../libopencm3-plus//lib/libopencm3_plus_stm32f429idiscovery.a(syscall.o)
 .debug_info    0x00000000000044c1      0x2b4 ../../../../../libopencm3-plus//lib/libopencm3_plus_stm32f429idiscovery.a(null.o)
 .debug_info    0x0000000000004775      0x8c5 ../../../../../libopencm3//lib/libopencm3_stm32f4.a(adc_common_v1.o)
 .debug_info    0x000000000000503a      0x3c3 ../../../../../libopencm3//lib/libopencm3_stm32f4.a(adc_common_v1_multi.o)
 .debug_info    0x00000000000053fd      0x18d ../../../../../libopencm3//lib/libopencm3_stm32f4.a(adc_common_f47.o)
 .debug_info    0x000000000000558a      0x20f ../../../../../libopencm3//lib/libopencm3_stm32f4.a(gpio_common_f0234.o)
 .debug_info    0x0000000000005799      0x950 ../../../../../libopencm3//lib/libopencm3_stm32f4.a(rcc_common_all.o)
 .debug_info    0x00000000000060e9     0x1020 ../../../../../libopencm3//lib/libopencm3_stm32f4.a(rcc.o)
 .debug_info    0x0000000000007109      0xf56 ../../../../../libopencm3//lib/libopencm3_stm32f4.a(usb.o)
 .debug_info    0x000000000000805f     0x1668 ../../../../../libopencm3//lib/libopencm3_stm32f4.a(usb_standard.o)
 .debug_info    0x00000000000096c7     0x1023 ../../../../../libopencm3//lib/libopencm3_stm32f4.a(usb_control.o)
 .debug_info    0x000000000000a6ea      0xeb1 ../../../../../libopencm3//lib/libopencm3_stm32f4.a(usb_f107.o)
 .debug_info    0x000000000000b59b      0xeb1 ../../../../../libopencm3//lib/libopencm3_stm32f4.a(usb_f207.o)
 .debug_info    0x000000000000c44c      0x2e6 ../../../../../libopencm3//lib/libopencm3_stm32f4.a(vector.o)
 .debug_info    0x000000000000c732      0x22d ../../../../../libopencm3//lib/libopencm3_stm32f4.a(nvic.o)
 .debug_info    0x000000000000c95f       0xf0 ../../../../../libopencm3//lib/libopencm3_stm32f4.a(flash_common_all.o)
 .debug_info    0x000000000000ca4f       0xe8 ../../../../../libopencm3//lib/libopencm3_stm32f4.a(flash_common_idcache.o)
 .debug_info    0x000000000000cb37       0xdc ../../../../../libopencm3//lib/libopencm3_stm32f4.a(pwr.o)
 .debug_info    0x000000000000cc13      0xf30 ../../../../../libopencm3//lib/libopencm3_stm32f4.a(usb_dwc_common.o)
 .debug_info    0x000000000000db43       0xcb /usr/lib/gcc/arm-none-eabi/10.3.1/../../../arm-none-eabi/lib/thumb/v7e-m+fp/hard/libc.a(lib_a-abort.o)
 .debug_info    0x000000000000dc0e      0x97b /usr/lib/gcc/arm-none-eabi/10.3.1/../../../arm-none-eabi/lib/thumb/v7e-m+fp/hard/libc.a(lib_a-fileno.o)
 .debug_info    0x000000000000e589      0xf66 /usr/lib/gcc/arm-none-eabi/10.3.1/../../../arm-none-eabi/lib/thumb/v7e-m+fp/hard/libc.a(lib_a-findfp.o)
 .debug_info    0x000000000000f4ef      0xa66 /usr/lib/gcc/arm-none-eabi/10.3.1/../../../arm-none-eabi/lib/thumb/v7e-m+fp/hard/libc.a(lib_a-fwalk.o)
 .debug_info    0x000000000000ff55      0xa4e /usr/lib/gcc/arm-none-eabi/10.3.1/../../../arm-none-eabi/lib/thumb/v7e-m+fp/hard/libc.a(lib_a-getc.o)
 .debug_info    0x00000000000109a3      0x92a /usr/lib/gcc/arm-none-eabi/10.3.1/../../../arm-none-eabi/lib/thumb/v7e-m+fp/hard/libc.a(lib_a-impure.o)
 .debug_info    0x00000000000112cd      0x998 /usr/lib/gcc/arm-none-eabi/10.3.1/../../../arm-none-eabi/lib/thumb/v7e-m+fp/hard/libc.a(lib_a-malloc.o)
 .debug_info    0x0000000000011c65      0xe95 /usr/lib/gcc/arm-none-eabi/10.3.1/../../../arm-none-eabi/lib/thumb/v7e-m+fp/hard/libc.a(lib_a-mallocr.o)
 .debug_info    0x0000000000012afa       0x26 /usr/lib/gcc/arm-none-eabi/10.3.1/../../../arm-none-eabi/lib/thumb/v7e-m+fp/hard/libc.a(lib_a-memcpy.o)
 .debug_info    0x0000000000012b20      0x137 /usr/lib/gcc/arm-none-eabi/10.3.1/../../../arm-none-eabi/lib/thumb/v7e-m+fp/hard/libc.a(lib_a-memset.o)
 .debug_info    0x0000000000012c57      0x942 /usr/lib/gcc/arm-none-eabi/10.3.1/../../../arm-none-eabi/lib/thumb/v7e-m+fp/hard/libc.a(lib_a-mlock.o)
 .debug_info    0x0000000000013599      0xa31 /usr/lib/gcc/arm-none-eabi/10.3.1/../../../arm-none-eabi/lib/thumb/v7e-m+fp/hard/libc.a(lib_a-printf.o)
 .debug_info    0x0000000000013fca      0xb1a /usr/lib/gcc/arm-none-eabi/10.3.1/../../../arm-none-eabi/lib/thumb/v7e-m+fp/hard/libc.a(lib_a-putc.o)
 .debug_info    0x0000000000014ae4      0xae1 /usr/lib/gcc/arm-none-eabi/10.3.1/../../../arm-none-eabi/lib/thumb/v7e-m+fp/hard/libc.a(lib_a-puts.o)
 .debug_info    0x00000000000155c5      0xa5d /usr/lib/gcc/arm-none-eabi/10.3.1/../../../arm-none-eabi/lib/thumb/v7e-m+fp/hard/libc.a(lib_a-rget.o)
 .debug_info    0x0000000000016022      0xade /usr/lib/gcc/arm-none-eabi/10.3.1/../../../arm-none-eabi/lib/thumb/v7e-m+fp/hard/libc.a(lib_a-setvbuf.o)
 .debug_info    0x0000000000016b00      0xf32 /usr/lib/gcc/arm-none-eabi/10.3.1/../../../arm-none-eabi/lib/thumb/v7e-m+fp/hard/libc.a(lib_a-signal.o)
 .debug_info    0x0000000000017a32      0x9d7 /usr/lib/gcc/arm-none-eabi/10.3.1/../../../arm-none-eabi/lib/thumb/v7e-m+fp/hard/libc.a(lib_a-signalr.o)
 .debug_info    0x0000000000018409      0xc22 /usr/lib/gcc/arm-none-eabi/10.3.1/../../../arm-none-eabi/lib/thumb/v7e-m+fp/hard/libc.a(lib_a-stdio.o)
 .debug_info    0x000000000001902b       0x26 /usr/lib/gcc/arm-none-eabi/10.3.1/../../../arm-none-eabi/lib/thumb/v7e-m+fp/hard/libc.a(lib_a-strcmp.o)
 .debug_info    0x0000000000019051       0x26 /usr/lib/gcc/arm-none-eabi/10.3.1/../../../arm-none-eabi/lib/thumb/v7e-m+fp/hard/libc.a(lib_a-strlen.o)
 .debug_info    0x0000000000019077     0x1b11 /usr/lib/gcc/arm-none-eabi/10.3.1/../../../arm-none-eabi/lib/thumb/v7e-m+fp/hard/libc.a(lib_a-vfprintf.o)
 .debug_info    0x000000000001ab88      0xa5f /usr/lib/gcc/arm-none-eabi/10.3.1/../../../arm-none-eabi/lib/thumb/v7e-m+fp/hard/libc.a(lib_a-wbuf.o)
 .debug_info    0x000000000001b5e7      0x9c2 /usr/lib/gcc/arm-none-eabi/10.3.1/../../../arm-none-eabi/lib/thumb/v7e-m+fp/hard/libc.a(lib_a-wsetup.o)
 .debug_info    0x000000000001bfa9     0x1a53 /usr/lib/gcc/arm-none-eabi/10.3.1/../../../arm-none-eabi/lib/thumb/v7e-m+fp/hard/libc.a(lib_a-dtoa.o)
 .debug_info    0x000000000001d9fc      0xb4a /usr/lib/gcc/arm-none-eabi/10.3.1/../../../arm-none-eabi/lib/thumb/v7e-m+fp/hard/libc.a(lib_a-fclose.o)
 .debug_info    0x000000000001e546      0xbe3 /usr/lib/gcc/arm-none-eabi/10.3.1/../../../arm-none-eabi/lib/thumb/v7e-m+fp/hard/libc.a(lib_a-fflush.o)
 .debug_info    0x000000000001f129      0xd10 /usr/lib/gcc/arm-none-eabi/10.3.1/../../../arm-none-eabi/lib/thumb/v7e-m+fp/hard/libc.a(lib_a-freer.o)
 .debug_info    0x000000000001fe39      0xcc4 /usr/lib/gcc/arm-none-eabi/10.3.1/../../../arm-none-eabi/lib/thumb/v7e-m+fp/hard/libc.a(lib_a-fvwrite.o)
 .debug_info    0x0000000000020afd      0xc3e /usr/lib/gcc/arm-none-eabi/10.3.1/../../../arm-none-eabi/lib/thumb/v7e-m+fp/hard/libc.a(lib_a-localeconv.o)
 .debug_info    0x000000000002173b      0xdf2 /usr/lib/gcc/arm-none-eabi/10.3.1/../../../arm-none-eabi/lib/thumb/v7e-m+fp/hard/libc.a(lib_a-makebuf.o)
 .debug_info    0x000000000002252d       0x26 /usr/lib/gcc/arm-none-eabi/10.3.1/../../../arm-none-eabi/lib/thumb/v7e-m+fp/hard/libc.a(lib_a-memchr.o)
 .debug_info    0x0000000000022553      0x152 /usr/lib/gcc/arm-none-eabi/10.3.1/../../../arm-none-eabi/lib/thumb/v7e-m+fp/hard/libc.a(lib_a-memmove.o)
 .debug_info    0x00000000000226a5     0x20d2 /usr/lib/gcc/arm-none-eabi/10.3.1/../../../arm-none-eabi/lib/thumb/v7e-m+fp/hard/libc.a(lib_a-mprec.o)
 .debug_info    0x0000000000024777      0xdb4 /usr/lib/gcc/arm-none-eabi/10.3.1/../../../arm-none-eabi/lib/thumb/v7e-m+fp/hard/libc.a(lib_a-reallocr.o)
 .debug_info    0x000000000002552b      0xbda /usr/lib/gcc/arm-none-eabi/10.3.1/../../../arm-none-eabi/lib/thumb/v7e-m+fp/hard/libc.a(lib_a-reent.o)
 .debug_info    0x0000000000026105      0xaab /usr/lib/gcc/arm-none-eabi/10.3.1/../../../arm-none-eabi/lib/thumb/v7e-m+fp/hard/libc.a(lib_a-refill.o)
 .debug_info    0x0000000000026bb0     0x1926 /usr/lib/gcc/arm-none-eabi/10.3.1/../../../arm-none-eabi/lib/thumb/v7e-m+fp/hard/libc.a(lib_a-vfiprintf.o)
 .debug_info    0x00000000000284d6      0xa23 /usr/lib/gcc/arm-none-eabi/10.3.1/../../../arm-none-eabi/lib/thumb/v7e-m+fp/hard/libc.a(lib_a-assert.o)
 .debug_info    0x0000000000028ef9      0xa81 /usr/lib/gcc/arm-none-eabi/10.3.1/../../../arm-none-eabi/lib/thumb/v7e-m+fp/hard/libc.a(lib_a-callocr.o)
 .debug_info    0x000000000002997a      0xa5f /usr/lib/gcc/arm-none-eabi/10.3.1/../../../arm-none-eabi/lib/thumb/v7e-m+fp/hard/libc.a(lib_a-fiprintf.o)
 .debug_info    0x000000000002a3d9      0xc12 /usr/lib/gcc/arm-none-eabi/10.3.1/../../../arm-none-eabi/lib/thumb/v7e-m+fp/hard/libc.a(lib_a-fputwc.o)
 .debug_info    0x000000000002afeb      0x96b /usr/lib/gcc/arm-none-eabi/10.3.1/../../../arm-none-eabi/lib/thumb/v7e-m+fp/hard/libc.a(lib_a-isattyr.o)
 .debug_info    0x000000000002b956      0xe0a /usr/lib/gcc/arm-none-eabi/10.3.1/../../../arm-none-eabi/lib/thumb/v7e-m+fp/hard/libc.a(lib_a-locale.o)
 .debug_info    0x000000000002c760      0xccd /usr/lib/gcc/arm-none-eabi/10.3.1/../../../arm-none-eabi/lib/thumb/v7e-m+fp/hard/libc.a(lib_a-mbtowc_r.o)
 .debug_info    0x000000000002d42d      0xd4f /usr/lib/gcc/arm-none-eabi/10.3.1/../../../arm-none-eabi/lib/thumb/v7e-m+fp/hard/libc.a(lib_a-wcrtomb.o)
 .debug_info    0x000000000002e17c      0xc86 /usr/lib/gcc/arm-none-eabi/10.3.1/../../../arm-none-eabi/lib/thumb/v7e-m+fp/hard/libc.a(lib_a-wctomb_r.o)
 .debug_info    0x000000000002ee02       0xb8 /usr/lib/gcc/arm-none-eabi/10.3.1/../../../arm-none-eabi/lib/thumb/v7e-m+fp/hard/libc.a(lib_a-ctype_.o)
 .debug_info    0x000000000002eeba       0x26 /usr/lib/gcc/arm-none-eabi/10.3.1/thumb/v7e-m+fp/hard/libgcc.a(_arm_addsubdf3.o)
 .debug_info    0x000000000002eee0       0x26 /usr/lib/gcc/arm-none-eabi/10.3.1/thumb/v7e-m+fp/hard/libgcc.a(_arm_muldivdf3.o)
 .debug_info    0x000000000002ef06       0x26 /usr/lib/gcc/arm-none-eabi/10.3.1/thumb/v7e-m+fp/hard/libgcc.a(_arm_cmpdf2.o)
 .debug_info    0x000000000002ef2c       0x26 /usr/lib/gcc/arm-none-eabi/10.3.1/thumb/v7e-m+fp/hard/libgcc.a(_arm_unorddf2.o)
 .debug_info    0x000000000002ef52       0x26 /usr/lib/gcc/arm-none-eabi/10.3.1/thumb/v7e-m+fp/hard/libgcc.a(_arm_fixdfsi.o)
 .debug_info    0x000000000002ef78       0x26 /usr/lib/gcc/arm-none-eabi/10.3.1/thumb/v7e-m+fp/hard/libgcc.a(_aeabi_uldivmod.o)
 .debug_info    0x000000000002ef9e      0x717 /usr/lib/gcc/arm-none-eabi/10.3.1/thumb/v7e-m+fp/hard/libgcc.a(_udivmoddi4.o)
 .debug_info    0x000000000002f6b5       0x26 /usr/lib/gcc/arm-none-eabi/10.3.1/thumb/v7e-m+fp/hard/libgcc.a(_dvmd_tls.o)
 .debug_info    0x000000000002f6db       0xb1 /usr/lib/gcc/arm-none-eabi/10.3.1/../../../arm-none-eabi/lib/thumb/v7e-m+fp/hard/libnosys.a(close.o)
 .debug_info    0x000000000002f78c      0x2cc /usr/lib/gcc/arm-none-eabi/10.3.1/../../../arm-none-eabi/lib/thumb/v7e-m+fp/hard/libnosys.a(fstat.o)
 .debug_info    0x000000000002fa58       0x9c /usr/lib/gcc/arm-none-eabi/10.3.1/../../../arm-none-eabi/lib/thumb/v7e-m+fp/hard/libnosys.a(getpid.o)
 .debug_info    0x000000000002faf4       0xb1 /usr/lib/gcc/arm-none-eabi/10.3.1/../../../arm-none-eabi/lib/thumb/v7e-m+fp/hard/libnosys.a(isatty.o)
 .debug_info    0x000000000002fba5       0xbf /usr/lib/gcc/arm-none-eabi/10.3.1/../../../arm-none-eabi/lib/thumb/v7e-m+fp/hard/libnosys.a(kill.o)
 .debug_info    0x000000000002fc64       0xd3 /usr/lib/gcc/arm-none-eabi/10.3.1/../../../arm-none-eabi/lib/thumb/v7e-m+fp/hard/libnosys.a(lseek.o)
 .debug_info    0x000000000002fd37       0xd9 /usr/lib/gcc/arm-none-eabi/10.3.1/../../../arm-none-eabi/lib/thumb/v7e-m+fp/hard/libnosys.a(open.o)
 .debug_info    0x000000000002fe10       0xd9 /usr/lib/gcc/arm-none-eabi/10.3.1/../../../arm-none-eabi/lib/thumb/v7e-m+fp/hard/libnosys.a(read.o)
 .debug_info    0x000000000002fee9       0x9d /usr/lib/gcc/arm-none-eabi/10.3.1/../../../arm-none-eabi/lib/thumb/v7e-m+fp/hard/libnosys.a(sbrk.o)
 .debug_info    0x000000000002ff86      0x2d7 /usr/lib/gcc/arm-none-eabi/10.3.1/../../../arm-none-eabi/lib/thumb/v7e-m+fp/hard/libnosys.a(stat.o)
 .debug_info    0x000000000003025d       0xd9 /usr/lib/gcc/arm-none-eabi/10.3.1/../../../arm-none-eabi/lib/thumb/v7e-m+fp/hard/libnosys.a(write.o)
 .debug_info    0x0000000000030336       0xa3 /usr/lib/gcc/arm-none-eabi/10.3.1/../../../arm-none-eabi/lib/thumb/v7e-m+fp/hard/libnosys.a(_exit.o)

.debug_abbrev   0x0000000000000000     0xa4c9
 .debug_abbrev  0x0000000000000000      0x376 adc_cdcacm.o
 .debug_abbrev  0x0000000000000376      0x39f ../../../../../libopencm3-plus//lib/libopencm3_plus_stm32f429idiscovery.a(cdcacm.o)
 .debug_abbrev  0x0000000000000715      0x10c ../../../../../libopencm3-plus//lib/libopencm3_plus_stm32f429idiscovery.a(stm32f_4_411_429i_discovery.o)
 .debug_abbrev  0x0000000000000821      0x175 ../../../../../libopencm3-plus//lib/libopencm3_plus_stm32f429idiscovery.a(data_structs.o)
 .debug_abbrev  0x0000000000000996      0x133 ../../../../../libopencm3-plus//lib/libopencm3_plus_stm32f429idiscovery.a(misc.o)
 .debug_abbrev  0x0000000000000ac9      0x2ff ../../../../../libopencm3-plus//lib/libopencm3_plus_stm32f429idiscovery.a(syscall.o)
 .debug_abbrev  0x0000000000000dc8      0x152 ../../../../../libopencm3-plus//lib/libopencm3_plus_stm32f429idiscovery.a(null.o)
 .debug_abbrev  0x0000000000000f1a      0x181 ../../../../../libopencm3//lib/libopencm3_stm32f4.a(adc_common_v1.o)
 .debug_abbrev  0x000000000000109b      0x167 ../../../../../libopencm3//lib/libopencm3_stm32f4.a(adc_common_v1_multi.o)
 .debug_abbrev  0x0000000000001202       0xea ../../../../../libopencm3//lib/libopencm3_stm32f4.a(adc_common_f47.o)
 .debug_abbrev  0x00000000000012ec       0xbf ../../../../../libopencm3//lib/libopencm3_stm32f4.a(gpio_common_f0234.o)
 .debug_abbrev  0x00000000000013ab      0x177 ../../../../../libopencm3//lib/libopencm3_stm32f4.a(rcc_common_all.o)
 .debug_abbrev  0x0000000000001522      0x2ba ../../../../../libopencm3//lib/libopencm3_stm32f4.a(rcc.o)
 .debug_abbrev  0x00000000000017dc      0x27c ../../../../../libopencm3//lib/libopencm3_stm32f4.a(usb.o)
 .debug_abbrev  0x0000000000001a58      0x4b8 ../../../../../libopencm3//lib/libopencm3_stm32f4.a(usb_standard.o)
 .debug_abbrev  0x0000000000001f10      0x3a8 ../../../../../libopencm3//lib/libopencm3_stm32f4.a(usb_control.o)
 .debug_abbrev  0x00000000000022b8      0x213 ../../../../../libopencm3//lib/libopencm3_stm32f4.a(usb_f107.o)
 .debug_abbrev  0x00000000000024cb      0x213 ../../../../../libopencm3//lib/libopencm3_stm32f4.a(usb_f207.o)
 .debug_abbrev  0x00000000000026de      0x15b ../../../../../libopencm3//lib/libopencm3_stm32f4.a(vector.o)
 .debug_abbrev  0x0000000000002839       0xb5 ../../../../../libopencm3//lib/libopencm3_stm32f4.a(nvic.o)
 .debug_abbrev  0x00000000000028ee       0x9a ../../../../../libopencm3//lib/libopencm3_stm32f4.a(flash_common_all.o)
 .debug_abbrev  0x0000000000002988       0x56 ../../../../../libopencm3//lib/libopencm3_stm32f4.a(flash_common_idcache.o)
 .debug_abbrev  0x00000000000029de       0x9c ../../../../../libopencm3//lib/libopencm3_stm32f4.a(pwr.o)
 .debug_abbrev  0x0000000000002a7a      0x399 ../../../../../libopencm3//lib/libopencm3_stm32f4.a(usb_dwc_common.o)
 .debug_abbrev  0x0000000000002e13       0x80 /usr/lib/gcc/arm-none-eabi/10.3.1/../../../arm-none-eabi/lib/thumb/v7e-m+fp/hard/libc.a(lib_a-abort.o)
 .debug_abbrev  0x0000000000002e93      0x20d /usr/lib/gcc/arm-none-eabi/10.3.1/../../../arm-none-eabi/lib/thumb/v7e-m+fp/hard/libc.a(lib_a-fileno.o)
 .debug_abbrev  0x00000000000030a0      0x41a /usr/lib/gcc/arm-none-eabi/10.3.1/../../../arm-none-eabi/lib/thumb/v7e-m+fp/hard/libc.a(lib_a-findfp.o)
 .debug_abbrev  0x00000000000034ba      0x1fe /usr/lib/gcc/arm-none-eabi/10.3.1/../../../arm-none-eabi/lib/thumb/v7e-m+fp/hard/libc.a(lib_a-fwalk.o)
 .debug_abbrev  0x00000000000036b8      0x265 /usr/lib/gcc/arm-none-eabi/10.3.1/../../../arm-none-eabi/lib/thumb/v7e-m+fp/hard/libc.a(lib_a-getc.o)
 .debug_abbrev  0x000000000000391d      0x1b8 /usr/lib/gcc/arm-none-eabi/10.3.1/../../../arm-none-eabi/lib/thumb/v7e-m+fp/hard/libc.a(lib_a-impure.o)
 .debug_abbrev  0x0000000000003ad5      0x21d /usr/lib/gcc/arm-none-eabi/10.3.1/../../../arm-none-eabi/lib/thumb/v7e-m+fp/hard/libc.a(lib_a-malloc.o)
 .debug_abbrev  0x0000000000003cf2      0x2f6 /usr/lib/gcc/arm-none-eabi/10.3.1/../../../arm-none-eabi/lib/thumb/v7e-m+fp/hard/libc.a(lib_a-mallocr.o)
 .debug_abbrev  0x0000000000003fe8       0x14 /usr/lib/gcc/arm-none-eabi/10.3.1/../../../arm-none-eabi/lib/thumb/v7e-m+fp/hard/libc.a(lib_a-memcpy.o)
 .debug_abbrev  0x0000000000003ffc       0xb4 /usr/lib/gcc/arm-none-eabi/10.3.1/../../../arm-none-eabi/lib/thumb/v7e-m+fp/hard/libc.a(lib_a-memset.o)
 .debug_abbrev  0x00000000000040b0      0x1f0 /usr/lib/gcc/arm-none-eabi/10.3.1/../../../arm-none-eabi/lib/thumb/v7e-m+fp/hard/libc.a(lib_a-mlock.o)
 .debug_abbrev  0x00000000000042a0      0x27a /usr/lib/gcc/arm-none-eabi/10.3.1/../../../arm-none-eabi/lib/thumb/v7e-m+fp/hard/libc.a(lib_a-printf.o)
 .debug_abbrev  0x000000000000451a      0x2c7 /usr/lib/gcc/arm-none-eabi/10.3.1/../../../arm-none-eabi/lib/thumb/v7e-m+fp/hard/libc.a(lib_a-putc.o)
 .debug_abbrev  0x00000000000047e1      0x28d /usr/lib/gcc/arm-none-eabi/10.3.1/../../../arm-none-eabi/lib/thumb/v7e-m+fp/hard/libc.a(lib_a-puts.o)
 .debug_abbrev  0x0000000000004a6e      0x28c /usr/lib/gcc/arm-none-eabi/10.3.1/../../../arm-none-eabi/lib/thumb/v7e-m+fp/hard/libc.a(lib_a-rget.o)
 .debug_abbrev  0x0000000000004cfa      0x283 /usr/lib/gcc/arm-none-eabi/10.3.1/../../../arm-none-eabi/lib/thumb/v7e-m+fp/hard/libc.a(lib_a-setvbuf.o)
 .debug_abbrev  0x0000000000004f7d      0x321 /usr/lib/gcc/arm-none-eabi/10.3.1/../../../arm-none-eabi/lib/thumb/v7e-m+fp/hard/libc.a(lib_a-signal.o)
 .debug_abbrev  0x000000000000529e      0x242 /usr/lib/gcc/arm-none-eabi/10.3.1/../../../arm-none-eabi/lib/thumb/v7e-m+fp/hard/libc.a(lib_a-signalr.o)
 .debug_abbrev  0x00000000000054e0      0x262 /usr/lib/gcc/arm-none-eabi/10.3.1/../../../arm-none-eabi/lib/thumb/v7e-m+fp/hard/libc.a(lib_a-stdio.o)
 .debug_abbrev  0x0000000000005742       0x14 /usr/lib/gcc/arm-none-eabi/10.3.1/../../../arm-none-eabi/lib/thumb/v7e-m+fp/hard/libc.a(lib_a-strcmp.o)
 .debug_abbrev  0x0000000000005756       0x14 /usr/lib/gcc/arm-none-eabi/10.3.1/../../../arm-none-eabi/lib/thumb/v7e-m+fp/hard/libc.a(lib_a-strlen.o)
 .debug_abbrev  0x000000000000576a      0x44f /usr/lib/gcc/arm-none-eabi/10.3.1/../../../arm-none-eabi/lib/thumb/v7e-m+fp/hard/libc.a(lib_a-vfprintf.o)
 .debug_abbrev  0x0000000000005bb9      0x286 /usr/lib/gcc/arm-none-eabi/10.3.1/../../../arm-none-eabi/lib/thumb/v7e-m+fp/hard/libc.a(lib_a-wbuf.o)
 .debug_abbrev  0x0000000000005e3f      0x246 /usr/lib/gcc/arm-none-eabi/10.3.1/../../../arm-none-eabi/lib/thumb/v7e-m+fp/hard/libc.a(lib_a-wsetup.o)
 .debug_abbrev  0x0000000000006085      0x323 /usr/lib/gcc/arm-none-eabi/10.3.1/../../../arm-none-eabi/lib/thumb/v7e-m+fp/hard/libc.a(lib_a-dtoa.o)
 .debug_abbrev  0x00000000000063a8      0x2f1 /usr/lib/gcc/arm-none-eabi/10.3.1/../../../arm-none-eabi/lib/thumb/v7e-m+fp/hard/libc.a(lib_a-fclose.o)
 .debug_abbrev  0x0000000000006699      0x336 /usr/lib/gcc/arm-none-eabi/10.3.1/../../../arm-none-eabi/lib/thumb/v7e-m+fp/hard/libc.a(lib_a-fflush.o)
 .debug_abbrev  0x00000000000069cf      0x2b1 /usr/lib/gcc/arm-none-eabi/10.3.1/../../../arm-none-eabi/lib/thumb/v7e-m+fp/hard/libc.a(lib_a-freer.o)
 .debug_abbrev  0x0000000000006c80      0x25e /usr/lib/gcc/arm-none-eabi/10.3.1/../../../arm-none-eabi/lib/thumb/v7e-m+fp/hard/libc.a(lib_a-fvwrite.o)
 .debug_abbrev  0x0000000000006ede      0x26a /usr/lib/gcc/arm-none-eabi/10.3.1/../../../arm-none-eabi/lib/thumb/v7e-m+fp/hard/libc.a(lib_a-localeconv.o)
 .debug_abbrev  0x0000000000007148      0x2df /usr/lib/gcc/arm-none-eabi/10.3.1/../../../arm-none-eabi/lib/thumb/v7e-m+fp/hard/libc.a(lib_a-makebuf.o)
 .debug_abbrev  0x0000000000007427       0x14 /usr/lib/gcc/arm-none-eabi/10.3.1/../../../arm-none-eabi/lib/thumb/v7e-m+fp/hard/libc.a(lib_a-memchr.o)
 .debug_abbrev  0x000000000000743b       0xc0 /usr/lib/gcc/arm-none-eabi/10.3.1/../../../arm-none-eabi/lib/thumb/v7e-m+fp/hard/libc.a(lib_a-memmove.o)
 .debug_abbrev  0x00000000000074fb      0x4ae /usr/lib/gcc/arm-none-eabi/10.3.1/../../../arm-none-eabi/lib/thumb/v7e-m+fp/hard/libc.a(lib_a-mprec.o)
 .debug_abbrev  0x00000000000079a9      0x275 /usr/lib/gcc/arm-none-eabi/10.3.1/../../../arm-none-eabi/lib/thumb/v7e-m+fp/hard/libc.a(lib_a-reallocr.o)
 .debug_abbrev  0x0000000000007c1e      0x2f4 /usr/lib/gcc/arm-none-eabi/10.3.1/../../../arm-none-eabi/lib/thumb/v7e-m+fp/hard/libc.a(lib_a-reent.o)
 .debug_abbrev  0x0000000000007f12      0x289 /usr/lib/gcc/arm-none-eabi/10.3.1/../../../arm-none-eabi/lib/thumb/v7e-m+fp/hard/libc.a(lib_a-refill.o)
 .debug_abbrev  0x000000000000819b      0x430 /usr/lib/gcc/arm-none-eabi/10.3.1/../../../arm-none-eabi/lib/thumb/v7e-m+fp/hard/libc.a(lib_a-vfiprintf.o)
 .debug_abbrev  0x00000000000085cb      0x22a /usr/lib/gcc/arm-none-eabi/10.3.1/../../../arm-none-eabi/lib/thumb/v7e-m+fp/hard/libc.a(lib_a-assert.o)
 .debug_abbrev  0x00000000000087f5      0x241 /usr/lib/gcc/arm-none-eabi/10.3.1/../../../arm-none-eabi/lib/thumb/v7e-m+fp/hard/libc.a(lib_a-callocr.o)
 .debug_abbrev  0x0000000000008a36      0x255 /usr/lib/gcc/arm-none-eabi/10.3.1/../../../arm-none-eabi/lib/thumb/v7e-m+fp/hard/libc.a(lib_a-fiprintf.o)
 .debug_abbrev  0x0000000000008c8b      0x34f /usr/lib/gcc/arm-none-eabi/10.3.1/../../../arm-none-eabi/lib/thumb/v7e-m+fp/hard/libc.a(lib_a-fputwc.o)
 .debug_abbrev  0x0000000000008fda      0x212 /usr/lib/gcc/arm-none-eabi/10.3.1/../../../arm-none-eabi/lib/thumb/v7e-m+fp/hard/libc.a(lib_a-isattyr.o)
 .debug_abbrev  0x00000000000091ec      0x2f5 /usr/lib/gcc/arm-none-eabi/10.3.1/../../../arm-none-eabi/lib/thumb/v7e-m+fp/hard/libc.a(lib_a-locale.o)
 .debug_abbrev  0x00000000000094e1      0x247 /usr/lib/gcc/arm-none-eabi/10.3.1/../../../arm-none-eabi/lib/thumb/v7e-m+fp/hard/libc.a(lib_a-mbtowc_r.o)
 .debug_abbrev  0x0000000000009728      0x254 /usr/lib/gcc/arm-none-eabi/10.3.1/../../../arm-none-eabi/lib/thumb/v7e-m+fp/hard/libc.a(lib_a-wcrtomb.o)
 .debug_abbrev  0x000000000000997c      0x251 /usr/lib/gcc/arm-none-eabi/10.3.1/../../../arm-none-eabi/lib/thumb/v7e-m+fp/hard/libc.a(lib_a-wctomb_r.o)
 .debug_abbrev  0x0000000000009bcd       0x62 /usr/lib/gcc/arm-none-eabi/10.3.1/../../../arm-none-eabi/lib/thumb/v7e-m+fp/hard/libc.a(lib_a-ctype_.o)
 .debug_abbrev  0x0000000000009c2f       0x14 /usr/lib/gcc/arm-none-eabi/10.3.1/thumb/v7e-m+fp/hard/libgcc.a(_arm_addsubdf3.o)
 .debug_abbrev  0x0000000000009c43       0x14 /usr/lib/gcc/arm-none-eabi/10.3.1/thumb/v7e-m+fp/hard/libgcc.a(_arm_muldivdf3.o)
 .debug_abbrev  0x0000000000009c57       0x14 /usr/lib/gcc/arm-none-eabi/10.3.1/thumb/v7e-m+fp/hard/libgcc.a(_arm_cmpdf2.o)
 .debug_abbrev  0x0000000000009c6b       0x14 /usr/lib/gcc/arm-none-eabi/10.3.1/thumb/v7e-m+fp/hard/libgcc.a(_arm_unorddf2.o)
 .debug_abbrev  0x0000000000009c7f       0x14 /usr/lib/gcc/arm-none-eabi/10.3.1/thumb/v7e-m+fp/hard/libgcc.a(_arm_fixdfsi.o)
 .debug_abbrev  0x0000000000009c93       0x14 /usr/lib/gcc/arm-none-eabi/10.3.1/thumb/v7e-m+fp/hard/libgcc.a(_aeabi_uldivmod.o)
 .debug_abbrev  0x0000000000009ca7      0x163 /usr/lib/gcc/arm-none-eabi/10.3.1/thumb/v7e-m+fp/hard/libgcc.a(_udivmoddi4.o)
 .debug_abbrev  0x0000000000009e0a       0x14 /usr/lib/gcc/arm-none-eabi/10.3.1/thumb/v7e-m+fp/hard/libgcc.a(_dvmd_tls.o)
 .debug_abbrev  0x0000000000009e1e       0x6d /usr/lib/gcc/arm-none-eabi/10.3.1/../../../arm-none-eabi/lib/thumb/v7e-m+fp/hard/libnosys.a(close.o)
 .debug_abbrev  0x0000000000009e8b       0xcc /usr/lib/gcc/arm-none-eabi/10.3.1/../../../arm-none-eabi/lib/thumb/v7e-m+fp/hard/libnosys.a(fstat.o)
 .debug_abbrev  0x0000000000009f57       0x59 /usr/lib/gcc/arm-none-eabi/10.3.1/../../../arm-none-eabi/lib/thumb/v7e-m+fp/hard/libnosys.a(getpid.o)
 .debug_abbrev  0x0000000000009fb0       0x6d /usr/lib/gcc/arm-none-eabi/10.3.1/../../../arm-none-eabi/lib/thumb/v7e-m+fp/hard/libnosys.a(isatty.o)
 .debug_abbrev  0x000000000000a01d       0x7e /usr/lib/gcc/arm-none-eabi/10.3.1/../../../arm-none-eabi/lib/thumb/v7e-m+fp/hard/libnosys.a(kill.o)
 .debug_abbrev  0x000000000000a09b       0x92 /usr/lib/gcc/arm-none-eabi/10.3.1/../../../arm-none-eabi/lib/thumb/v7e-m+fp/hard/libnosys.a(lseek.o)
 .debug_abbrev  0x000000000000a12d       0x87 /usr/lib/gcc/arm-none-eabi/10.3.1/../../../arm-none-eabi/lib/thumb/v7e-m+fp/hard/libnosys.a(open.o)
 .debug_abbrev  0x000000000000a1b4       0x9b /usr/lib/gcc/arm-none-eabi/10.3.1/../../../arm-none-eabi/lib/thumb/v7e-m+fp/hard/libnosys.a(read.o)
 .debug_abbrev  0x000000000000a24f       0xa2 /usr/lib/gcc/arm-none-eabi/10.3.1/../../../arm-none-eabi/lib/thumb/v7e-m+fp/hard/libnosys.a(sbrk.o)
 .debug_abbrev  0x000000000000a2f1       0xd3 /usr/lib/gcc/arm-none-eabi/10.3.1/../../../arm-none-eabi/lib/thumb/v7e-m+fp/hard/libnosys.a(stat.o)
 .debug_abbrev  0x000000000000a3c4       0x9b /usr/lib/gcc/arm-none-eabi/10.3.1/../../../arm-none-eabi/lib/thumb/v7e-m+fp/hard/libnosys.a(write.o)
 .debug_abbrev  0x000000000000a45f       0x6a /usr/lib/gcc/arm-none-eabi/10.3.1/../../../arm-none-eabi/lib/thumb/v7e-m+fp/hard/libnosys.a(_exit.o)

.debug_loc      0x0000000000000000    0x19582
 .debug_loc     0x0000000000000000       0x93 adc_cdcacm.o
 .debug_loc     0x0000000000000093      0x436 ../../../../../libopencm3-plus//lib/libopencm3_plus_stm32f429idiscovery.a(cdcacm.o)
 .debug_loc     0x00000000000004c9      0x26d ../../../../../libopencm3-plus//lib/libopencm3_plus_stm32f429idiscovery.a(data_structs.o)
 .debug_loc     0x0000000000000736      0x5b1 ../../../../../libopencm3-plus//lib/libopencm3_plus_stm32f429idiscovery.a(misc.o)
 .debug_loc     0x0000000000000ce7      0x410 ../../../../../libopencm3-plus//lib/libopencm3_plus_stm32f429idiscovery.a(syscall.o)
 .debug_loc     0x00000000000010f7       0x6f ../../../../../libopencm3-plus//lib/libopencm3_plus_stm32f429idiscovery.a(null.o)
 .debug_loc     0x0000000000001166      0x44e ../../../../../libopencm3//lib/libopencm3_stm32f4.a(adc_common_v1.o)
 .debug_loc     0x00000000000015b4      0x159 ../../../../../libopencm3//lib/libopencm3_stm32f4.a(adc_common_v1_multi.o)
 .debug_loc     0x000000000000170d      0x18c ../../../../../libopencm3//lib/libopencm3_stm32f4.a(adc_common_f47.o)
 .debug_loc     0x0000000000001899      0x14f ../../../../../libopencm3//lib/libopencm3_stm32f4.a(gpio_common_f0234.o)
 .debug_loc     0x00000000000019e8      0x120 ../../../../../libopencm3//lib/libopencm3_stm32f4.a(rcc_common_all.o)
 .debug_loc     0x0000000000001b08      0x867 ../../../../../libopencm3//lib/libopencm3_stm32f4.a(rcc.o)
 .debug_loc     0x000000000000236f      0x544 ../../../../../libopencm3//lib/libopencm3_stm32f4.a(usb.o)
 .debug_loc     0x00000000000028b3     0x13bc ../../../../../libopencm3//lib/libopencm3_stm32f4.a(usb_standard.o)
 .debug_loc     0x0000000000003c6f      0x83a ../../../../../libopencm3//lib/libopencm3_stm32f4.a(usb_control.o)
 .debug_loc     0x00000000000044a9      0x128 ../../../../../libopencm3//lib/libopencm3_stm32f4.a(vector.o)
 .debug_loc     0x00000000000045d1      0x14d ../../../../../libopencm3//lib/libopencm3_stm32f4.a(nvic.o)
 .debug_loc     0x000000000000471e       0x47 ../../../../../libopencm3//lib/libopencm3_stm32f4.a(flash_common_all.o)
 .debug_loc     0x0000000000004765       0x47 ../../../../../libopencm3//lib/libopencm3_stm32f4.a(pwr.o)
 .debug_loc     0x00000000000047ac      0x8c0 ../../../../../libopencm3//lib/libopencm3_stm32f4.a(usb_dwc_common.o)
 .debug_loc     0x000000000000506c       0x92 /usr/lib/gcc/arm-none-eabi/10.3.1/../../../arm-none-eabi/lib/thumb/v7e-m+fp/hard/libc.a(lib_a-fileno.o)
 .debug_loc     0x00000000000050fe      0x3cc /usr/lib/gcc/arm-none-eabi/10.3.1/../../../arm-none-eabi/lib/thumb/v7e-m+fp/hard/libc.a(lib_a-findfp.o)
 .debug_loc     0x00000000000054ca      0x1bf /usr/lib/gcc/arm-none-eabi/10.3.1/../../../arm-none-eabi/lib/thumb/v7e-m+fp/hard/libc.a(lib_a-fwalk.o)
 .debug_loc     0x0000000000005689      0x1da /usr/lib/gcc/arm-none-eabi/10.3.1/../../../arm-none-eabi/lib/thumb/v7e-m+fp/hard/libc.a(lib_a-getc.o)
 .debug_loc     0x0000000000005863       0x64 /usr/lib/gcc/arm-none-eabi/10.3.1/../../../arm-none-eabi/lib/thumb/v7e-m+fp/hard/libc.a(lib_a-malloc.o)
 .debug_loc     0x00000000000058c7      0xea2 /usr/lib/gcc/arm-none-eabi/10.3.1/../../../arm-none-eabi/lib/thumb/v7e-m+fp/hard/libc.a(lib_a-mallocr.o)
 .debug_loc     0x0000000000006769      0x22c /usr/lib/gcc/arm-none-eabi/10.3.1/../../../arm-none-eabi/lib/thumb/v7e-m+fp/hard/libc.a(lib_a-memset.o)
 .debug_loc     0x0000000000006995       0x64 /usr/lib/gcc/arm-none-eabi/10.3.1/../../../arm-none-eabi/lib/thumb/v7e-m+fp/hard/libc.a(lib_a-printf.o)
 .debug_loc     0x00000000000069f9      0x48c /usr/lib/gcc/arm-none-eabi/10.3.1/../../../arm-none-eabi/lib/thumb/v7e-m+fp/hard/libc.a(lib_a-putc.o)
 .debug_loc     0x0000000000006e85      0x11c /usr/lib/gcc/arm-none-eabi/10.3.1/../../../arm-none-eabi/lib/thumb/v7e-m+fp/hard/libc.a(lib_a-puts.o)
 .debug_loc     0x0000000000006fa1      0x166 /usr/lib/gcc/arm-none-eabi/10.3.1/../../../arm-none-eabi/lib/thumb/v7e-m+fp/hard/libc.a(lib_a-rget.o)
 .debug_loc     0x0000000000007107      0x222 /usr/lib/gcc/arm-none-eabi/10.3.1/../../../arm-none-eabi/lib/thumb/v7e-m+fp/hard/libc.a(lib_a-setvbuf.o)
 .debug_loc     0x0000000000007329      0x967 /usr/lib/gcc/arm-none-eabi/10.3.1/../../../arm-none-eabi/lib/thumb/v7e-m+fp/hard/libc.a(lib_a-signal.o)
 .debug_loc     0x0000000000007c90       0xd0 /usr/lib/gcc/arm-none-eabi/10.3.1/../../../arm-none-eabi/lib/thumb/v7e-m+fp/hard/libc.a(lib_a-signalr.o)
 .debug_loc     0x0000000000007d60      0x3a0 /usr/lib/gcc/arm-none-eabi/10.3.1/../../../arm-none-eabi/lib/thumb/v7e-m+fp/hard/libc.a(lib_a-stdio.o)
 .debug_loc     0x0000000000008100     0x3838 /usr/lib/gcc/arm-none-eabi/10.3.1/../../../arm-none-eabi/lib/thumb/v7e-m+fp/hard/libc.a(lib_a-vfprintf.o)
 .debug_loc     0x000000000000b938      0x1b0 /usr/lib/gcc/arm-none-eabi/10.3.1/../../../arm-none-eabi/lib/thumb/v7e-m+fp/hard/libc.a(lib_a-wbuf.o)
 .debug_loc     0x000000000000bae8       0xe7 /usr/lib/gcc/arm-none-eabi/10.3.1/../../../arm-none-eabi/lib/thumb/v7e-m+fp/hard/libc.a(lib_a-wsetup.o)
 .debug_loc     0x000000000000bbcf     0x3328 /usr/lib/gcc/arm-none-eabi/10.3.1/../../../arm-none-eabi/lib/thumb/v7e-m+fp/hard/libc.a(lib_a-dtoa.o)
 .debug_loc     0x000000000000eef7      0x2f1 /usr/lib/gcc/arm-none-eabi/10.3.1/../../../arm-none-eabi/lib/thumb/v7e-m+fp/hard/libc.a(lib_a-fclose.o)
 .debug_loc     0x000000000000f1e8      0x441 /usr/lib/gcc/arm-none-eabi/10.3.1/../../../arm-none-eabi/lib/thumb/v7e-m+fp/hard/libc.a(lib_a-fflush.o)
 .debug_loc     0x000000000000f629      0x6cc /usr/lib/gcc/arm-none-eabi/10.3.1/../../../arm-none-eabi/lib/thumb/v7e-m+fp/hard/libc.a(lib_a-freer.o)