Archive member included to satisfy reference by file (symbol)

../../../../../libopencm3//lib/libopencm3_stm32f4.a(gpio_common_all.o)
                              timerblink.o (gpio_set)
../../../../../libopencm3//lib/libopencm3_stm32f4.a(gpio_common_f0234.o)
                              timerblink.o (gpio_mode_setup)
../../../../../libopencm3//lib/libopencm3_stm32f4.a(rcc_common_all.o)
                              timerblink.o (rcc_periph_clock_enable)
../../../../../libopencm3//lib/libopencm3_stm32f4.a(rcc.o)
                              timerblink.o (rcc_clock_setup_pll)
../../../../../libopencm3//lib/libopencm3_stm32f4.a(timer_common_all.o)
                              timerblink.o (timer_enable_irq)
../../../../../libopencm3//lib/libopencm3_stm32f4.a(vector.o)
                              (reset_handler)
../../../../../libopencm3//lib/libopencm3_stm32f4.a(nvic.o)
                              timerblink.o (nvic_enable_irq)
../../../../../libopencm3//lib/libopencm3_stm32f4.a(flash_common_all.o)
                              ../../../../../libopencm3//lib/libopencm3_stm32f4.a(rcc.o) (flash_set_ws)
../../../../../libopencm3//lib/libopencm3_stm32f4.a(flash_common_idcache.o)
                              ../../../../../libopencm3//lib/libopencm3_stm32f4.a(rcc.o) (flash_dcache_enable)
../../../../../libopencm3//lib/libopencm3_stm32f4.a(pwr.o)
                              ../../../../../libopencm3//lib/libopencm3_stm32f4.a(rcc.o) (pwr_set_vos_scale)

Discarded input sections

 .group         0x0000000000000000        0xc timerblink.o
 .group         0x0000000000000000        0xc timerblink.o
 .group         0x0000000000000000        0xc timerblink.o
 .group         0x0000000000000000        0xc timerblink.o
 .group         0x0000000000000000        0xc timerblink.o
 .group         0x0000000000000000        0xc timerblink.o
 .group         0x0000000000000000        0xc timerblink.o
 .group         0x0000000000000000        0xc timerblink.o
 .group         0x0000000000000000        0xc timerblink.o
 .group         0x0000000000000000        0xc timerblink.o
 .group         0x0000000000000000        0xc timerblink.o
 .group         0x0000000000000000        0xc timerblink.o
 .group         0x0000000000000000        0xc timerblink.o
 .group         0x0000000000000000        0xc timerblink.o
 .group         0x0000000000000000        0xc timerblink.o
 .group         0x0000000000000000        0xc timerblink.o
 .group         0x0000000000000000        0xc timerblink.o
 .text          0x0000000000000000        0x0 timerblink.o
 .data          0x0000000000000000        0x0 timerblink.o
 .bss           0x0000000000000000        0x0 timerblink.o
 .group         0x0000000000000000        0xc ../../../../../libopencm3//lib/libopencm3_stm32f4.a(gpio_common_all.o)
 .group         0x0000000000000000        0xc ../../../../../libopencm3//lib/libopencm3_stm32f4.a(gpio_common_all.o)
 .group         0x0000000000000000        0xc ../../../../../libopencm3//lib/libopencm3_stm32f4.a(gpio_common_all.o)
 .group         0x0000000000000000        0xc ../../../../../libopencm3//lib/libopencm3_stm32f4.a(gpio_common_all.o)
 .group         0x0000000000000000        0xc ../../../../../libopencm3//lib/libopencm3_stm32f4.a(gpio_common_all.o)
 .group         0x0000000000000000        0xc ../../../../../libopencm3//lib/libopencm3_stm32f4.a(gpio_common_all.o)
 .group         0x0000000000000000        0xc ../../../../../libopencm3//lib/libopencm3_stm32f4.a(gpio_common_all.o)
 .group         0x0000000000000000        0xc ../../../../../libopencm3//lib/libopencm3_stm32f4.a(gpio_common_all.o)
 .group         0x0000000000000000        0xc ../../../../../libopencm3//lib/libopencm3_stm32f4.a(gpio_common_all.o)
 .group         0x0000000000000000        0xc ../../../../../libopencm3//lib/libopencm3_stm32f4.a(gpio_common_all.o)
 .text          0x0000000000000000        0x0 ../../../../../libopencm3//lib/libopencm3_stm32f4.a(gpio_common_all.o)
 .data          0x0000000000000000        0x0 ../../../../../libopencm3//lib/libopencm3_stm32f4.a(gpio_common_all.o)
 .bss           0x0000000000000000        0x0 ../../../../../libopencm3//lib/libopencm3_stm32f4.a(gpio_common_all.o)
 .text.gpio_clear
                0x0000000000000000        0x6 ../../../../../libopencm3//lib/libopencm3_stm32f4.a(gpio_common_all.o)
 .text.gpio_get
                0x0000000000000000        0x6 ../../../../../libopencm3//lib/libopencm3_stm32f4.a(gpio_common_all.o)
 .text.gpio_port_read
                0x0000000000000000        0x6 ../../../../../libopencm3//lib/libopencm3_stm32f4.a(gpio_common_all.o)
 .text.gpio_port_write
                0x0000000000000000        0x4 ../../../../../libopencm3//lib/libopencm3_stm32f4.a(gpio_common_all.o)
 .text.gpio_port_config_lock
                0x0000000000000000       0x10 ../../../../../libopencm3//lib/libopencm3_stm32f4.a(gpio_common_all.o)
[...]
Memory Configuration

Name             Origin             Length             Attributes
rom              0x0000000008000000 0x0000000000200000 xr
ccm              0x0000000010000000 0x0000000000010000 xrw
ram              0x0000000020000000 0x0000000000030000 xrw
*default*        0x0000000000000000 0xffffffffffffffff

Linker script and memory map

LOAD timerblink.o
LOAD ../../../../../libopencm3//lib/libopencm3_stm32f4.a
START GROUP
LOAD /usr/lib/gcc/arm-none-eabi/10.3.1/../../../arm-none-eabi/lib/thumb/v7e-m+fp/hard/libc.a
LOAD /usr/lib/gcc/arm-none-eabi/10.3.1/thumb/v7e-m+fp/hard/libgcc.a
LOAD /usr/lib/gcc/arm-none-eabi/10.3.1/../../../arm-none-eabi/lib/thumb/v7e-m+fp/hard/libnosys.a
END GROUP
START GROUP
LOAD /usr/lib/gcc/arm-none-eabi/10.3.1/thumb/v7e-m+fp/hard/libgcc.a
LOAD /usr/lib/gcc/arm-none-eabi/10.3.1/../../../arm-none-eabi/lib/thumb/v7e-m+fp/hard/libg.a
LOAD /usr/lib/gcc/arm-none-eabi/10.3.1/../../../arm-none-eabi/lib/thumb/v7e-m+fp/hard/libc.a
END GROUP

.text           0x0000000008000000      0xb20
 *(.vectors)
 .vectors       0x0000000008000000      0x1ac ../../../../../libopencm3//lib/libopencm3_stm32f4.a(vector.o)
                0x0000000008000000                vector_table
 *(.text*)
 .text.tim1_cc_isr
                0x00000000080001ac       0x20 timerblink.o
                0x00000000080001ac                tim1_cc_isr
 .text.tim1_up_tim10_isr
                0x00000000080001cc       0x20 timerblink.o
                0x00000000080001cc                tim1_up_tim10_isr
 .text.startup.main
                0x00000000080001ec      0x11c timerblink.o
                0x00000000080001ec                main
 .text.gpio_set
                0x0000000008000308        0x4 ../../../../../libopencm3//lib/libopencm3_stm32f4.a(gpio_common_all.o)
                0x0000000008000308                gpio_set
 .text.gpio_toggle
                0x000000000800030c       0x12 ../../../../../libopencm3//lib/libopencm3_stm32f4.a(gpio_common_all.o)
                0x000000000800030c                gpio_toggle
 .text.gpio_mode_setup
                0x000000000800031e       0x40 ../../../../../libopencm3//lib/libopencm3_stm32f4.a(gpio_common_f0234.o)
                0x000000000800031e                gpio_mode_setup
 .text.gpio_set_af
                0x000000000800035e       0x58 ../../../../../libopencm3//lib/libopencm3_stm32f4.a(gpio_common_f0234.o)
                0x000000000800035e                gpio_set_af
 .text.rcc_periph_clock_enable
                0x00000000080003b6       0x1c ../../../../../libopencm3//lib/libopencm3_stm32f4.a(rcc_common_all.o)
                0x00000000080003b6                rcc_periph_clock_enable
 .text.rcc_periph_reset_pulse
                0x00000000080003d2       0x24 ../../../../../libopencm3//lib/libopencm3_stm32f4.a(rcc_common_all.o)
                0x00000000080003d2                rcc_periph_reset_pulse
 *fill*         0x00000000080003f6        0x2 
 .text.rcc_is_osc_ready
                0x00000000080003f8       0x64 ../../../../../libopencm3//lib/libopencm3_stm32f4.a(rcc.o)
                0x00000000080003f8                rcc_is_osc_ready
 .text.rcc_wait_for_osc_ready
                0x000000000800045c       0x10 ../../../../../libopencm3//lib/libopencm3_stm32f4.a(rcc.o)
                0x000000000800045c                rcc_wait_for_osc_ready
 .text.rcc_osc_on
                0x000000000800046c       0x74 ../../../../../libopencm3//lib/libopencm3_stm32f4.a(rcc.o)
                0x000000000800046c                rcc_osc_on
 .text.rcc_osc_off
                0x00000000080004e0       0x74 ../../../../../libopencm3//lib/libopencm3_stm32f4.a(rcc.o)
                0x00000000080004e0                rcc_osc_off
 .text.rcc_set_sysclk_source
                0x0000000008000554       0x18 ../../../../../libopencm3//lib/libopencm3_stm32f4.a(rcc.o)
                0x0000000008000554                rcc_set_sysclk_source
 .text.rcc_set_ppre2
                0x000000000800056c       0x18 ../../../../../libopencm3//lib/libopencm3_stm32f4.a(rcc.o)
                0x000000000800056c                rcc_set_ppre2
 .text.rcc_set_ppre1
                0x0000000008000584       0x18 ../../../../../libopencm3//lib/libopencm3_stm32f4.a(rcc.o)
                0x0000000008000584                rcc_set_ppre1
 .text.rcc_set_hpre
                0x000000000800059c       0x18 ../../../../../libopencm3//lib/libopencm3_stm32f4.a(rcc.o)
                0x000000000800059c                rcc_set_hpre
 .text.rcc_set_main_pll_hsi
                0x00000000080005b4       0x44 ../../../../../libopencm3//lib/libopencm3_stm32f4.a(rcc.o)
                0x00000000080005b4                rcc_set_main_pll_hsi
 .text.rcc_set_main_pll_hse
                0x00000000080005f8       0x44 ../../../../../libopencm3//lib/libopencm3_stm32f4.a(rcc.o)
                0x00000000080005f8                rcc_set_main_pll_hse
 .text.rcc_clock_setup_pll
                0x000000000800063c       0xe4 ../../../../../libopencm3//lib/libopencm3_stm32f4.a(rcc.o)
                0x000000000800063c                rcc_clock_setup_pll
 .text.timer_enable_irq
                0x0000000008000720        0x8 ../../../../../libopencm3//lib/libopencm3_stm32f4.a(timer_common_all.o)
                0x0000000008000720                timer_enable_irq
 .text.timer_clear_flag
                0x0000000008000728        0x6 ../../../../../libopencm3//lib/libopencm3_stm32f4.a(timer_common_all.o)
                0x0000000008000728                timer_clear_flag
 .text.timer_set_mode
                0x000000000800072e       0x12 ../../../../../libopencm3//lib/libopencm3_stm32f4.a(timer_common_all.o)
                0x000000000800072e                timer_set_mode
 .text.timer_disable_preload
                0x0000000008000740        0xa ../../../../../libopencm3//lib/libopencm3_stm32f4.a(timer_common_all.o)
                0x0000000008000740                timer_disable_preload
 .text.timer_continuous_mode
                0x000000000800074a        0xa ../../../../../libopencm3//lib/libopencm3_stm32f4.a(timer_common_all.o)
                0x000000000800074a                timer_continuous_mode
 .text.timer_enable_counter
                0x0000000008000754        0xa ../../../../../libopencm3//lib/libopencm3_stm32f4.a(timer_common_all.o)
                0x0000000008000754                timer_enable_counter
 .text.timer_set_prescaler
                0x000000000800075e        0x4 ../../../../../libopencm3//lib/libopencm3_stm32f4.a(timer_common_all.o)
                0x000000000800075e                timer_set_prescaler
 .text.timer_set_period
                0x0000000008000762        0x4 ../../../../../libopencm3//lib/libopencm3_stm32f4.a(timer_common_all.o)
                0x0000000008000762                timer_set_period
 .text.timer_set_oc_mode
                0x0000000008000766      0x18c ../../../../../libopencm3//lib/libopencm3_stm32f4.a(timer_common_all.o)
                0x0000000008000766                timer_set_oc_mode
 .text.timer_enable_oc_output
                0x00000000080008f2       0x4a ../../../../../libopencm3//lib/libopencm3_stm32f4.a(timer_common_all.o)
                0x00000000080008f2                timer_enable_oc_output
 .text.timer_set_oc_value
                0x000000000800093c       0x20 ../../../../../libopencm3//lib/libopencm3_stm32f4.a(timer_common_all.o)
                0x000000000800093c                timer_set_oc_value
 .text.timer_enable_break_main_output
                0x000000000800095c        0xa ../../../../../libopencm3//lib/libopencm3_stm32f4.a(timer_common_all.o)
                0x000000000800095c                timer_enable_break_main_output
 .text.timer_disable_break
                0x0000000008000966        0xa ../../../../../libopencm3//lib/libopencm3_stm32f4.a(timer_common_all.o)
                0x0000000008000966                timer_disable_break
 .text.blocking_handler
                0x0000000008000970        0x2 ../../../../../libopencm3//lib/libopencm3_stm32f4.a(vector.o)
                0x0000000008000970                dma2_stream1_isr
                0x0000000008000970                tim8_brk_tim12_isr
                0x0000000008000970                dma1_stream7_isr
                0x0000000008000970                usart3_isr
                0x0000000008000970                tim7_isr
                0x0000000008000970                dma2d_isr
                0x0000000008000970                uart8_isr
                0x0000000008000970                dma1_stream2_isr
                0x0000000008000970                otg_hs_isr
                0x0000000008000970                blocking_handler
                0x0000000008000970                tim5_isr
                0x0000000008000970                rtc_wkup_isr
                0x0000000008000970                otg_fs_isr
                0x0000000008000970                spi1_isr
                0x0000000008000970                i2c3_er_isr
                0x0000000008000970                exti2_isr
                0x0000000008000970                spi5_isr
                0x0000000008000970                usb_fs_wkup_isr
                0x0000000008000970                tamp_stamp_isr
                0x0000000008000970                can1_rx1_isr
                0x0000000008000970                dma2_stream0_isr
                0x0000000008000970                usart1_isr
                0x0000000008000970                i2c3_ev_isr
                0x0000000008000970                usage_fault_handler
                0x0000000008000970                can2_rx0_isr
                0x0000000008000970                dma1_stream6_isr
                0x0000000008000970                can2_rx1_isr
                0x0000000008000970                can1_sce_isr
                0x0000000008000970                can1_tx_isr
                0x0000000008000970                sdio_isr
                0x0000000008000970                eth_isr
                0x0000000008000970                spi6_isr
                0x0000000008000970                dma2_stream5_isr
                0x0000000008000970                pvd_isr
                0x0000000008000970                can1_rx0_isr
                0x0000000008000970                rcc_isr
                0x0000000008000970                dma2_stream3_isr
                0x0000000008000970                flash_isr
                0x0000000008000970                uart4_isr
                0x0000000008000970                lcd_tft_isr
                0x0000000008000970                rtc_alarm_isr
                0x0000000008000970                exti15_10_isr
                0x0000000008000970                hash_rng_isr
                0x0000000008000970                tim1_trg_com_tim11_isr
                0x0000000008000970                hard_fault_handler
                0x0000000008000970                exti1_isr
                0x0000000008000970                i2c1_ev_isr
                0x0000000008000970                usart6_isr
                0x0000000008000970                spi2_isr
                0x0000000008000970                cryp_isr
                0x0000000008000970                nvic_wwdg_isr
                0x0000000008000970                dma1_stream1_isr
                0x0000000008000970                dma2_stream4_isr
                0x0000000008000970                exti3_isr
                0x0000000008000970                tim3_isr
                0x0000000008000970                usart2_isr
                0x0000000008000970                sai1_isr
                0x0000000008000970                fpu_isr
                0x0000000008000970                dma1_stream4_isr
                0x0000000008000970                i2c2_er_isr
                0x0000000008000970                i2c2_ev_isr
                0x0000000008000970                uart5_isr
                0x0000000008000970                dma2_stream6_isr
                0x0000000008000970                spi4_isr
                0x0000000008000970                adc_isr
                0x0000000008000970                dma2_stream7_isr
                0x0000000008000970                tim8_up_tim13_isr
                0x0000000008000970                fsmc_isr
                0x0000000008000970                exti4_isr
                0x0000000008000970                tim6_dac_isr
                0x0000000008000970                dma1_stream3_isr
                0x0000000008000970                tim8_trg_com_tim14_isr
                0x0000000008000970                mem_manage_handler
                0x0000000008000970                lcd_tft_err_isr
                0x0000000008000970                can2_tx_isr
                0x0000000008000970                exti9_5_isr
                0x0000000008000970                tim1_brk_tim9_isr
                0x0000000008000970                uart7_isr
                0x0000000008000970                can2_sce_isr
                0x0000000008000970                tim4_isr
                0x0000000008000970                otg_hs_wkup_isr
                0x0000000008000970                i2c1_er_isr
                0x0000000008000970                dma1_stream0_isr
                0x0000000008000970                tim8_cc_isr
                0x0000000008000970                dcmi_isr
                0x0000000008000970                dma2_stream2_isr
                0x0000000008000970                eth_wkup_isr
                0x0000000008000970                bus_fault_handler
                0x0000000008000970                otg_hs_ep1_out_isr
                0x0000000008000970                spi3_isr
                0x0000000008000970                dma1_stream5_isr
                0x0000000008000970                otg_hs_ep1_in_isr
                0x0000000008000970                tim2_isr
                0x0000000008000970                exti0_isr
 .text.null_handler
                0x0000000008000972        0x2 ../../../../../libopencm3//lib/libopencm3_stm32f4.a(vector.o)
                0x0000000008000972                null_handler
                0x0000000008000972                sv_call_handler
                0x0000000008000972                pend_sv_handler
                0x0000000008000972                debug_monitor_handler
                0x0000000008000972                sys_tick_handler
                0x0000000008000972                nmi_handler
 .text.reset_handler
                0x0000000008000974       0xa0 ../../../../../libopencm3//lib/libopencm3_stm32f4.a(vector.o)
                0x0000000008000974                reset_handler
 .text.nvic_enable_irq
                0x0000000008000a14       0x1c ../../../../../libopencm3//lib/libopencm3_stm32f4.a(nvic.o)
                0x0000000008000a14                nvic_enable_irq
 .text.flash_set_ws
                0x0000000008000a30       0x18 ../../../../../libopencm3//lib/libopencm3_stm32f4.a(flash_common_all.o)
                0x0000000008000a30                flash_set_ws
 .text.flash_dcache_enable
                0x0000000008000a48       0x14 ../../../../../libopencm3//lib/libopencm3_stm32f4.a(flash_common_idcache.o)
                0x0000000008000a48                flash_dcache_enable
 .text.flash_dcache_disable
                0x0000000008000a5c       0x14 ../../../../../libopencm3//lib/libopencm3_stm32f4.a(flash_common_idcache.o)
                0x0000000008000a5c                flash_dcache_disable
 .text.flash_icache_enable
                0x0000000008000a70       0x14 ../../../../../libopencm3//lib/libopencm3_stm32f4.a(flash_common_idcache.o)
                0x0000000008000a70                flash_icache_enable
 .text.flash_icache_disable
                0x0000000008000a84       0x14 ../../../../../libopencm3//lib/libopencm3_stm32f4.a(flash_common_idcache.o)
                0x0000000008000a84                flash_icache_disable
 .text.pwr_set_vos_scale
                0x0000000008000a98       0x18 ../../../../../libopencm3//lib/libopencm3_stm32f4.a(pwr.o)
                0x0000000008000a98                pwr_set_vos_scale
                0x0000000008000ab0                . = ALIGN (0x4)
 *(.rodata*)
 .rodata.rcc_hse_8mhz_3v3
                0x0000000008000ab0       0x70 ../../../../../libopencm3//lib/libopencm3_stm32f4.a(rcc.o)
                0x0000000008000ab0                rcc_hse_8mhz_3v3
                0x0000000008000b20                . = ALIGN (0x4)

.glue_7         0x0000000008000b20        0x0
 .glue_7        0x0000000008000b20        0x0 linker stubs

.glue_7t        0x0000000008000b20        0x0
 .glue_7t       0x0000000008000b20        0x0 linker stubs

.vfp11_veneer   0x0000000008000b20        0x0
 .vfp11_veneer  0x0000000008000b20        0x0 linker stubs

.v4_bx          0x0000000008000b20        0x0
 .v4_bx         0x0000000008000b20        0x0 linker stubs

.iplt           0x0000000008000b20        0x0
 .iplt          0x0000000008000b20        0x0 timerblink.o

.rel.dyn        0x0000000008000b20        0x0
 .rel.iplt      0x0000000008000b20        0x0 timerblink.o

.preinit_array  0x0000000008000b20        0x0
                0x0000000008000b20                . = ALIGN (0x4)
                0x0000000008000b20                __preinit_array_start = .
 *(.preinit_array)
                0x0000000008000b20                __preinit_array_end = .

.init_array     0x0000000008000b20        0x0
                0x0000000008000b20                . = ALIGN (0x4)
                0x0000000008000b20                __init_array_start = .
 *(SORT_BY_NAME(.init_array.*))
 *(.init_array)
                0x0000000008000b20                __init_array_end = .

.fini_array     0x0000000008000b20        0x0
                0x0000000008000b20                . = ALIGN (0x4)
                0x0000000008000b20                __fini_array_start = .
 *(.fini_array)
 *(SORT_BY_NAME(.fini_array.*))
                0x0000000008000b20                __fini_array_end = .

.ARM.extab
 *(.ARM.extab*)

.ARM.exidx      0x0000000008000b20        0x0
                0x0000000008000b20                __exidx_start = .
 *(.ARM.exidx*)
                0x0000000008000b20                __exidx_end = .
                0x0000000008000b20                . = ALIGN (0x4)
                0x0000000008000b20                _etext = .

.noinit
 *(.noinit*)
                0x0000000008000b20                . = ALIGN (0x4)

.data           0x0000000020000000        0xc load address 0x0000000008000b20
                0x0000000020000000                _data = .
 *(.data*)
 .data.rcc_ahb_frequency
                0x0000000020000000        0x4 ../../../../../libopencm3//lib/libopencm3_stm32f4.a(rcc.o)
                0x0000000020000000                rcc_ahb_frequency
 .data.rcc_apb1_frequency
                0x0000000020000004        0x4 ../../../../../libopencm3//lib/libopencm3_stm32f4.a(rcc.o)
                0x0000000020000004                rcc_apb1_frequency
 .data.rcc_apb2_frequency
                0x0000000020000008        0x4 ../../../../../libopencm3//lib/libopencm3_stm32f4.a(rcc.o)
                0x0000000020000008                rcc_apb2_frequency
 *(.ramtext*)
                0x000000002000000c                . = ALIGN (0x4)
                0x000000002000000c                _edata = .
                0x0000000008000b20                _data_loadaddr = LOADADDR (.data)

.igot.plt       0x000000002000000c        0x0 load address 0x0000000008000b2c
 .igot.plt      0x000000002000000c        0x0 timerblink.o

.bss            0x000000002000000c        0x0 load address 0x0000000008000b2c
 *(.bss*)
 *(COMMON)
                0x000000002000000c                . = ALIGN (0x4)
                0x000000002000000c                _ebss = .

/DISCARD/
 *(.eh_frame)
                0x000000002000000c                . = ALIGN (0x4)
                0x000000002000000c                end = .
                0x0000000020030000                PROVIDE (_stack = (ORIGIN (ram) + LENGTH (ram)))
OUTPUT(timerblink.elf elf32-littlearm)
LOAD linker stubs

.debug_info     0x0000000000000000     0x44a4
 .debug_info    0x0000000000000000      0xdae timerblink.o
 .debug_info    0x0000000000000dae      0x24e ../../../../../libopencm3//lib/libopencm3_stm32f4.a(gpio_common_all.o)
 .debug_info    0x0000000000000ffc      0x20f ../../../../../libopencm3//lib/libopencm3_stm32f4.a(gpio_common_f0234.o)
 .debug_info    0x000000000000120b      0x950 ../../../../../libopencm3//lib/libopencm3_stm32f4.a(rcc_common_all.o)
 .debug_info    0x0000000000001b5b     0x1027 ../../../../../libopencm3//lib/libopencm3_stm32f4.a(rcc.o)
 .debug_info    0x0000000000002b82     0x115b ../../../../../libopencm3//lib/libopencm3_stm32f4.a(timer_common_all.o)
 .debug_info    0x0000000000003cdd      0x2e6 ../../../../../libopencm3//lib/libopencm3_stm32f4.a(vector.o)
 .debug_info    0x0000000000003fc3      0x22d ../../../../../libopencm3//lib/libopencm3_stm32f4.a(nvic.o)
 .debug_info    0x00000000000041f0       0xf0 ../../../../../libopencm3//lib/libopencm3_stm32f4.a(flash_common_all.o)
 .debug_info    0x00000000000042e0       0xe8 ../../../../../libopencm3//lib/libopencm3_stm32f4.a(flash_common_idcache.o)
 .debug_info    0x00000000000043c8       0xdc ../../../../../libopencm3//lib/libopencm3_stm32f4.a(pwr.o)

.debug_abbrev   0x0000000000000000      0xcf9
 .debug_abbrev  0x0000000000000000      0x1b6 timerblink.o
 .debug_abbrev  0x00000000000001b6      0x116 ../../../../../libopencm3//lib/libopencm3_stm32f4.a(gpio_common_all.o)
 .debug_abbrev  0x00000000000002cc       0xbf ../../../../../libopencm3//lib/libopencm3_stm32f4.a(gpio_common_f0234.o)
 .debug_abbrev  0x000000000000038b      0x177 ../../../../../libopencm3//lib/libopencm3_stm32f4.a(rcc_common_all.o)
 .debug_abbrev  0x0000000000000502      0x2ba ../../../../../libopencm3//lib/libopencm3_stm32f4.a(rcc.o)
 .debug_abbrev  0x00000000000007bc      0x1a1 ../../../../../libopencm3//lib/libopencm3_stm32f4.a(timer_common_all.o)
 .debug_abbrev  0x000000000000095d      0x15b ../../../../../libopencm3//lib/libopencm3_stm32f4.a(vector.o)
 .debug_abbrev  0x0000000000000ab8       0xb5 ../../../../../libopencm3//lib/libopencm3_stm32f4.a(nvic.o)
 .debug_abbrev  0x0000000000000b6d       0x9a ../../../../../libopencm3//lib/libopencm3_stm32f4.a(flash_common_all.o)
 .debug_abbrev  0x0000000000000c07       0x56 ../../../../../libopencm3//lib/libopencm3_stm32f4.a(flash_common_idcache.o)
 .debug_abbrev  0x0000000000000c5d       0x9c ../../../../../libopencm3//lib/libopencm3_stm32f4.a(pwr.o)

.debug_loc      0x0000000000000000     0x139e
 .debug_loc     0x0000000000000000       0x55 timerblink.o
 .debug_loc     0x0000000000000055       0xbe ../../../../../libopencm3//lib/libopencm3_stm32f4.a(gpio_common_all.o)
 .debug_loc     0x0000000000000113      0x14f ../../../../../libopencm3//lib/libopencm3_stm32f4.a(gpio_common_f0234.o)
 .debug_loc     0x0000000000000262      0x120 ../../../../../libopencm3//lib/libopencm3_stm32f4.a(rcc_common_all.o)
 .debug_loc     0x0000000000000382      0x867 ../../../../../libopencm3//lib/libopencm3_stm32f4.a(rcc.o)
 .debug_loc     0x0000000000000be9      0x4b2 ../../../../../libopencm3//lib/libopencm3_stm32f4.a(timer_common_all.o)
 .debug_loc     0x000000000000109b      0x128 ../../../../../libopencm3//lib/libopencm3_stm32f4.a(vector.o)
 .debug_loc     0x00000000000011c3      0x14d ../../../../../libopencm3//lib/libopencm3_stm32f4.a(nvic.o)
 .debug_loc     0x0000000000001310       0x47 ../../../../../libopencm3//lib/libopencm3_stm32f4.a(flash_common_all.o)
 .debug_loc     0x0000000000001357       0x47 ../../../../../libopencm3//lib/libopencm3_stm32f4.a(pwr.o)

.debug_aranges  0x0000000000000000      0x5c0
 .debug_aranges
                0x0000000000000000       0x30 timerblink.o
 .debug_aranges
                0x0000000000000030       0x50 ../../../../../libopencm3//lib/libopencm3_stm32f4.a(gpio_common_all.o)
 .debug_aranges
                0x0000000000000080       0x30 ../../../../../libopencm3//lib/libopencm3_stm32f4.a(gpio_common_f0234.o)
 .debug_aranges
                0x00000000000000b0       0x60 ../../../../../libopencm3//lib/libopencm3_stm32f4.a(rcc_common_all.o)
 .debug_aranges
                0x0000000000000110      0x110 ../../../../../libopencm3//lib/libopencm3_stm32f4.a(rcc.o)
 .debug_aranges
                0x0000000000000220      0x270 ../../../../../libopencm3//lib/libopencm3_stm32f4.a(timer_common_all.o)
 .debug_aranges
                0x0000000000000490       0x30 ../../../../../libopencm3//lib/libopencm3_stm32f4.a(vector.o)
 .debug_aranges
                0x00000000000004c0       0x60 ../../../../../libopencm3//lib/libopencm3_stm32f4.a(nvic.o)
 .debug_aranges
                0x0000000000000520       0x38 ../../../../../libopencm3//lib/libopencm3_stm32f4.a(flash_common_all.o)
 .debug_aranges
                0x0000000000000558       0x48 ../../../../../libopencm3//lib/libopencm3_stm32f4.a(flash_common_idcache.o)
 .debug_aranges
                0x00000000000005a0       0x20 ../../../../../libopencm3//lib/libopencm3_stm32f4.a(pwr.o)

.debug_ranges   0x0000000000000000      0x578
 .debug_ranges  0x0000000000000000       0x40 timerblink.o
 .debug_ranges  0x0000000000000040       0x40 ../../../../../libopencm3//lib/libopencm3_stm32f4.a(gpio_common_all.o)
 .debug_ranges  0x0000000000000080       0x20 ../../../../../libopencm3//lib/libopencm3_stm32f4.a(gpio_common_f0234.o)
 .debug_ranges  0x00000000000000a0       0x50 ../../../../../libopencm3//lib/libopencm3_stm32f4.a(rcc_common_all.o)
 .debug_ranges  0x00000000000000f0      0x148 ../../../../../libopencm3//lib/libopencm3_stm32f4.a(rcc.o)
 .debug_ranges  0x0000000000000238      0x260 ../../../../../libopencm3//lib/libopencm3_stm32f4.a(timer_common_all.o)
 .debug_ranges  0x0000000000000498       0x20 ../../../../../libopencm3//lib/libopencm3_stm32f4.a(vector.o)
 .debug_ranges  0x00000000000004b8       0x50 ../../../../../libopencm3//lib/libopencm3_stm32f4.a(nvic.o)
 .debug_ranges  0x0000000000000508       0x28 ../../../../../libopencm3//lib/libopencm3_stm32f4.a(flash_common_all.o)
 .debug_ranges  0x0000000000000530       0x38 ../../../../../libopencm3//lib/libopencm3_stm32f4.a(flash_common_idcache.o)
 .debug_ranges  0x0000000000000568       0x10 ../../../../../libopencm3//lib/libopencm3_stm32f4.a(pwr.o)

.debug_macro    0x0000000000000000     0x4843
 .debug_macro   0x0000000000000000      0x139 timerblink.o
 .debug_macro   0x0000000000000139      0xa6c timerblink.o
 .debug_macro   0x0000000000000ba5       0x1c timerblink.o
 .debug_macro   0x0000000000000bc1      0x34e timerblink.o
 .debug_macro   0x0000000000000f0f       0x22 timerblink.o
 .debug_macro   0x0000000000000f31       0xe8 timerblink.o
 .debug_macro   0x0000000000001019       0x76 timerblink.o
 .debug_macro   0x000000000000108f      0x280 timerblink.o
 .debug_macro   0x000000000000130f       0x8e timerblink.o
 .debug_macro   0x000000000000139d       0x46 timerblink.o
 .debug_macro   0x00000000000013e3      0xcea timerblink.o
 .debug_macro   0x00000000000020cd       0x76 timerblink.o
 .debug_macro   0x0000000000002143      0x37e timerblink.o
 .debug_macro   0x00000000000024c1       0xca timerblink.o
 .debug_macro   0x000000000000258b      0xf7d timerblink.o
 .debug_macro   0x0000000000003508       0x52 timerblink.o
 .debug_macro   0x000000000000355a       0x6e timerblink.o
 .debug_macro   0x00000000000035c8      0x22c timerblink.o
 .debug_macro   0x00000000000037f4       0x88 ../../../../../libopencm3//lib/libopencm3_stm32f4.a(gpio_common_all.o)
 .debug_macro   0x000000000000387c       0x88 ../../../../../libopencm3//lib/libopencm3_stm32f4.a(gpio_common_f0234.o)
 .debug_macro   0x0000000000003904       0xa7 ../../../../../libopencm3//lib/libopencm3_stm32f4.a(rcc_common_all.o)
 .debug_macro   0x00000000000039ab       0xdb ../../../../../libopencm3//lib/libopencm3_stm32f4.a(rcc.o)
 .debug_macro   0x0000000000003a86       0x16 ../../../../../libopencm3//lib/libopencm3_stm32f4.a(rcc.o)
 .debug_macro   0x0000000000003a9c       0x1c ../../../../../libopencm3//lib/libopencm3_stm32f4.a(rcc.o)
 .debug_macro   0x0000000000003ab8      0x143 ../../../../../libopencm3//lib/libopencm3_stm32f4.a(rcc.o)
 .debug_macro   0x0000000000003bfb       0x10 ../../../../../libopencm3//lib/libopencm3_stm32f4.a(rcc.o)
 .debug_macro   0x0000000000003c0b       0xa7 ../../../../../libopencm3//lib/libopencm3_stm32f4.a(timer_common_all.o)
 .debug_macro   0x0000000000003cb2       0x8a ../../../../../libopencm3//lib/libopencm3_stm32f4.a(vector.o)
 .debug_macro   0x0000000000003d3c      0x452 ../../../../../libopencm3//lib/libopencm3_stm32f4.a(vector.o)
 .debug_macro   0x000000000000418e       0x6a ../../../../../libopencm3//lib/libopencm3_stm32f4.a(nvic.o)
 .debug_macro   0x00000000000041f8       0x68 ../../../../../libopencm3//lib/libopencm3_stm32f4.a(nvic.o)
 .debug_macro   0x0000000000004260      0x458 ../../../../../libopencm3//lib/libopencm3_stm32f4.a(nvic.o)
 .debug_macro   0x00000000000046b8       0x8e ../../../../../libopencm3//lib/libopencm3_stm32f4.a(flash_common_all.o)
 .debug_macro   0x0000000000004746       0x8e ../../../../../libopencm3//lib/libopencm3_stm32f4.a(flash_common_idcache.o)
 .debug_macro   0x00000000000047d4       0x6f ../../../../../libopencm3//lib/libopencm3_stm32f4.a(pwr.o)

.debug_line     0x0000000000000000     0x31f9
 .debug_line    0x0000000000000000      0x3b7 timerblink.o
 .debug_line    0x00000000000003b7      0x2a6 ../../../../../libopencm3//lib/libopencm3_stm32f4.a(gpio_common_all.o)
 .debug_line    0x000000000000065d      0x38e ../../../../../libopencm3//lib/libopencm3_stm32f4.a(gpio_common_f0234.o)
 .debug_line    0x00000000000009eb      0x305 ../../../../../libopencm3//lib/libopencm3_stm32f4.a(rcc_common_all.o)
 .debug_line    0x0000000000000cf0      0x992 ../../../../../libopencm3//lib/libopencm3_stm32f4.a(rcc.o)
 .debug_line    0x0000000000001682      0xfa5 ../../../../../libopencm3//lib/libopencm3_stm32f4.a(timer_common_all.o)
 .debug_line    0x0000000000002627      0x322 ../../../../../libopencm3//lib/libopencm3_stm32f4.a(vector.o)
 .debug_line    0x0000000000002949      0x27f ../../../../../libopencm3//lib/libopencm3_stm32f4.a(nvic.o)
 .debug_line    0x0000000000002bc8      0x246 ../../../../../libopencm3//lib/libopencm3_stm32f4.a(flash_common_all.o)
 .debug_line    0x0000000000002e0e      0x25f ../../../../../libopencm3//lib/libopencm3_stm32f4.a(flash_common_idcache.o)
 .debug_line    0x000000000000306d      0x18c ../../../../../libopencm3//lib/libopencm3_stm32f4.a(pwr.o)

.debug_str      0x0000000000000000    0x13282
 .debug_str     0x0000000000000000     0xf592 timerblink.o
                                       0xf742 (size before relaxing)
 .debug_str     0x000000000000f592      0x182 ../../../../../libopencm3//lib/libopencm3_stm32f4.a(gpio_common_all.o)
                                       0x619a (size before relaxing)
 .debug_str     0x000000000000f714       0x79 ../../../../../libopencm3//lib/libopencm3_stm32f4.a(gpio_common_f0234.o)
                                       0x61b2 (size before relaxing)
 .debug_str     0x000000000000f78d      0x1cc ../../../../../libopencm3//lib/libopencm3_stm32f4.a(rcc_common_all.o)
                                       0x954f (size before relaxing)
 .debug_str     0x000000000000f959      0xb51 ../../../../../libopencm3//lib/libopencm3_stm32f4.a(rcc.o)
                                       0x9dc4 (size before relaxing)
 .debug_str     0x00000000000104aa      0x945 ../../../../../libopencm3//lib/libopencm3_stm32f4.a(timer_common_all.o)
                                       0xd7fe (size before relaxing)
 .debug_str     0x0000000000010def     0x231e ../../../../../libopencm3//lib/libopencm3_stm32f4.a(vector.o)
                                       0x6a5a (size before relaxing)
 .debug_str     0x000000000001310d       0xc4 ../../../../../libopencm3//lib/libopencm3_stm32f4.a(nvic.o)
                                       0x5cc5 (size before relaxing)
 .debug_str     0x00000000000131d1       0x64 ../../../../../libopencm3//lib/libopencm3_stm32f4.a(flash_common_all.o)
                                       0x54fc (size before relaxing)
 .debug_str     0x0000000000013235       0x47 ../../../../../libopencm3//lib/libopencm3_stm32f4.a(flash_common_idcache.o)
                                       0x551e (size before relaxing)
 .debug_str     0x000000000001327c        0x6 ../../../../../libopencm3//lib/libopencm3_stm32f4.a(pwr.o)
                                       0x5178 (size before relaxing)

.comment        0x0000000000000000       0x33
 .comment       0x0000000000000000       0x33 timerblink.o
                                         0x34 (size before relaxing)
 .comment       0x0000000000000033       0x34 ../../../../../libopencm3//lib/libopencm3_stm32f4.a(gpio_common_all.o)
 .comment       0x0000000000000033       0x34 ../../../../../libopencm3//lib/libopencm3_stm32f4.a(gpio_common_f0234.o)
 .comment       0x0000000000000033       0x34 ../../../../../libopencm3//lib/libopencm3_stm32f4.a(rcc_common_all.o)
 .comment       0x0000000000000033       0x34 ../../../../../libopencm3//lib/libopencm3_stm32f4.a(rcc.o)
 .comment       0x0000000000000033       0x34 ../../../../../libopencm3//lib/libopencm3_stm32f4.a(timer_common_all.o)
 .comment       0x0000000000000033       0x34 ../../../../../libopencm3//lib/libopencm3_stm32f4.a(vector.o)
 .comment       0x0000000000000033       0x34 ../../../../../libopencm3//lib/libopencm3_stm32f4.a(nvic.o)
 .comment       0x0000000000000033       0x34 ../../../../../libopencm3//lib/libopencm3_stm32f4.a(flash_common_all.o)
 .comment       0x0000000000000033       0x34 ../../../../../libopencm3//lib/libopencm3_stm32f4.a(flash_common_idcache.o)
 .comment       0x0000000000000033       0x34 ../../../../../libopencm3//lib/libopencm3_stm32f4.a(pwr.o)

.ARM.attributes
                0x0000000000000000       0x34
 .ARM.attributes
                0x0000000000000000       0x34 timerblink.o
 .ARM.attributes
                0x0000000000000034       0x34 ../../../../../libopencm3//lib/libopencm3_stm32f4.a(gpio_common_all.o)
 .ARM.attributes
                0x0000000000000068       0x34 ../../../../../libopencm3//lib/libopencm3_stm32f4.a(gpio_common_f0234.o)
 .ARM.attributes
                0x000000000000009c       0x34 ../../../../../libopencm3//lib/libopencm3_stm32f4.a(rcc_common_all.o)
 .ARM.attributes
                0x00000000000000d0       0x34 ../../../../../libopencm3//lib/libopencm3_stm32f4.a(rcc.o)
 .ARM.attributes
                0x0000000000000104       0x34 ../../../../../libopencm3//lib/libopencm3_stm32f4.a(timer_common_all.o)
 .ARM.attributes
                0x0000000000000138       0x34 ../../../../../libopencm3//lib/libopencm3_stm32f4.a(vector.o)
 .ARM.attributes
                0x000000000000016c       0x34 ../../../../../libopencm3//lib/libopencm3_stm32f4.a(nvic.o)
 .ARM.attributes
                0x00000000000001a0       0x34 ../../../../../libopencm3//lib/libopencm3_stm32f4.a(flash_common_all.o)
 .ARM.attributes
                0x00000000000001d4       0x34 ../../../../../libopencm3//lib/libopencm3_stm32f4.a(flash_common_idcache.o)
 .ARM.attributes
                0x0000000000000208       0x34 ../../../../../libopencm3//lib/libopencm3_stm32f4.a(pwr.o)

.debug_frame    0x0000000000000000      0xb08
 .debug_frame   0x0000000000000000       0x60 timerblink.o
 .debug_frame   0x0000000000000060       0x80 ../../../../../libopencm3//lib/libopencm3_stm32f4.a(gpio_common_all.o)
 .debug_frame   0x00000000000000e0       0x70 ../../../../../libopencm3//lib/libopencm3_stm32f4.a(gpio_common_f0234.o)
 .debug_frame   0x0000000000000150       0xe0 ../../../../../libopencm3//lib/libopencm3_stm32f4.a(rcc_common_all.o)
 .debug_frame   0x0000000000000230      0x234 ../../../../../libopencm3//lib/libopencm3_stm32f4.a(rcc.o)
 .debug_frame   0x0000000000000464      0x4d8 ../../../../../libopencm3//lib/libopencm3_stm32f4.a(timer_common_all.o)
 .debug_frame   0x000000000000093c       0x4c ../../../../../libopencm3//lib/libopencm3_stm32f4.a(vector.o)
 .debug_frame   0x0000000000000988       0xa0 ../../../../../libopencm3//lib/libopencm3_stm32f4.a(nvic.o)
 .debug_frame   0x0000000000000a28       0x50 ../../../../../libopencm3//lib/libopencm3_stm32f4.a(flash_common_all.o)
 .debug_frame   0x0000000000000a78       0x70 ../../../../../libopencm3//lib/libopencm3_stm32f4.a(flash_common_idcache.o)
 .debug_frame   0x0000000000000ae8       0x20 ../../../../../libopencm3//lib/libopencm3_stm32f4.a(pwr.o)

Cross Reference Table

Symbol                                            File
__fini_array_end                                  ../../../../../libopencm3//lib/libopencm3_stm32f4.a(vector.o)
__fini_array_start                                ../../../../../libopencm3//lib/libopencm3_stm32f4.a(vector.o)
__init_array_end                                  ../../../../../libopencm3//lib/libopencm3_stm32f4.a(vector.o)
__init_array_start                                ../../../../../libopencm3//lib/libopencm3_stm32f4.a(vector.o)
__preinit_array_end                               ../../../../../libopencm3//lib/libopencm3_stm32f4.a(vector.o)
__preinit_array_start                             ../../../../../libopencm3//lib/libopencm3_stm32f4.a(vector.o)
_data                                             ../../../../../libopencm3//lib/libopencm3_stm32f4.a(vector.o)
_data_loadaddr                                    ../../../../../libopencm3//lib/libopencm3_stm32f4.a(vector.o)
_ebss                                             ../../../../../libopencm3//lib/libopencm3_stm32f4.a(vector.o)
_edata                                            ../../../../../libopencm3//lib/libopencm3_stm32f4.a(vector.o)
_stack                                            ../../../../../libopencm3//lib/libopencm3_stm32f4.a(vector.o)
adc_isr                                           ../../../../../libopencm3//lib/libopencm3_stm32f4.a(vector.o)
blocking_handler                                  ../../../../../libopencm3//lib/libopencm3_stm32f4.a(vector.o)
bus_fault_handler                                 ../../../../../libopencm3//lib/libopencm3_stm32f4.a(vector.o)
can1_rx0_isr                                      ../../../../../libopencm3//lib/libopencm3_stm32f4.a(vector.o)
can1_rx1_isr                                      ../../../../../libopencm3//lib/libopencm3_stm32f4.a(vector.o)
can1_sce_isr                                      ../../../../../libopencm3//lib/libopencm3_stm32f4.a(vector.o)
can1_tx_isr                                       ../../../../../libopencm3//lib/libopencm3_stm32f4.a(vector.o)
can2_rx0_isr                                      ../../../../../libopencm3//lib/libopencm3_stm32f4.a(vector.o)
can2_rx1_isr                                      ../../../../../libopencm3//lib/libopencm3_stm32f4.a(vector.o)
can2_sce_isr                                      ../../../../../libopencm3//lib/libopencm3_stm32f4.a(vector.o)
can2_tx_isr                                       ../../../../../libopencm3//lib/libopencm3_stm32f4.a(vector.o)
cryp_isr                                          ../../../../../libopencm3//lib/libopencm3_stm32f4.a(vector.o)
dcmi_isr                                          ../../../../../libopencm3//lib/libopencm3_stm32f4.a(vector.o)
debug_monitor_handler                             ../../../../../libopencm3//lib/libopencm3_stm32f4.a(vector.o)
dma1_stream0_isr                                  ../../../../../libopencm3//lib/libopencm3_stm32f4.a(vector.o)
dma1_stream1_isr                                  ../../../../../libopencm3//lib/libopencm3_stm32f4.a(vector.o)
dma1_stream2_isr                                  ../../../../../libopencm3//lib/libopencm3_stm32f4.a(vector.o)
dma1_stream3_isr                                  ../../../../../libopencm3//lib/libopencm3_stm32f4.a(vector.o)
dma1_stream4_isr                                  ../../../../../libopencm3//lib/libopencm3_stm32f4.a(vector.o)
dma1_stream5_isr                                  ../../../../../libopencm3//lib/libopencm3_stm32f4.a(vector.o)
dma1_stream6_isr                                  ../../../../../libopencm3//lib/libopencm3_stm32f4.a(vector.o)
dma1_stream7_isr                                  ../../../../../libopencm3//lib/libopencm3_stm32f4.a(vector.o)
dma2_stream0_isr                                  ../../../../../libopencm3//lib/libopencm3_stm32f4.a(vector.o)
dma2_stream1_isr                                  ../../../../../libopencm3//lib/libopencm3_stm32f4.a(vector.o)
dma2_stream2_isr                                  ../../../../../libopencm3//lib/libopencm3_stm32f4.a(vector.o)
dma2_stream3_isr                                  ../../../../../libopencm3//lib/libopencm3_stm32f4.a(vector.o)
dma2_stream4_isr                                  ../../../../../libopencm3//lib/libopencm3_stm32f4.a(vector.o)
dma2_stream5_isr                                  ../../../../../libopencm3//lib/libopencm3_stm32f4.a(vector.o)
dma2_stream6_isr                                  ../../../../../libopencm3//lib/libopencm3_stm32f4.a(vector.o)
dma2_stream7_isr                                  ../../../../../libopencm3//lib/libopencm3_stm32f4.a(vector.o)
dma2d_isr                                         ../../../../../libopencm3//lib/libopencm3_stm32f4.a(vector.o)
eth_isr                                           ../../../../../libopencm3//lib/libopencm3_stm32f4.a(vector.o)
eth_wkup_isr                                      ../../../../../libopencm3//lib/libopencm3_stm32f4.a(vector.o)
exti0_isr                                         ../../../../../libopencm3//lib/libopencm3_stm32f4.a(vector.o)
exti15_10_isr                                     ../../../../../libopencm3//lib/libopencm3_stm32f4.a(vector.o)
exti1_isr                                         ../../../../../libopencm3//lib/libopencm3_stm32f4.a(vector.o)
exti2_isr                                         ../../../../../libopencm3//lib/libopencm3_stm32f4.a(vector.o)
exti3_isr                                         ../../../../../libopencm3//lib/libopencm3_stm32f4.a(vector.o)
exti4_isr                                         ../../../../../libopencm3//lib/libopencm3_stm32f4.a(vector.o)
exti9_5_isr                                       ../../../../../libopencm3//lib/libopencm3_stm32f4.a(vector.o)
flash_dcache_disable                              ../../../../../libopencm3//lib/libopencm3_stm32f4.a(flash_common_idcache.o)
                                                  ../../../../../libopencm3//lib/libopencm3_stm32f4.a(rcc.o)
flash_dcache_enable                               ../../../../../libopencm3//lib/libopencm3_stm32f4.a(flash_common_idcache.o)
                                                  ../../../../../libopencm3//lib/libopencm3_stm32f4.a(rcc.o)
flash_dcache_reset                                ../../../../../libopencm3//lib/libopencm3_stm32f4.a(flash_common_idcache.o)
flash_icache_disable                              ../../../../../libopencm3//lib/libopencm3_stm32f4.a(flash_common_idcache.o)
                                                  ../../../../../libopencm3//lib/libopencm3_stm32f4.a(rcc.o)
flash_icache_enable                               ../../../../../libopencm3//lib/libopencm3_stm32f4.a(flash_common_idcache.o)
                                                  ../../../../../libopencm3//lib/libopencm3_stm32f4.a(rcc.o)
flash_icache_reset                                ../../../../../libopencm3//lib/libopencm3_stm32f4.a(flash_common_idcache.o)
flash_isr                                         ../../../../../libopencm3//lib/libopencm3_stm32f4.a(vector.o)
flash_prefetch_disable                            ../../../../../libopencm3//lib/libopencm3_stm32f4.a(flash_common_all.o)
flash_prefetch_enable                             ../../../../../libopencm3//lib/libopencm3_stm32f4.a(flash_common_all.o)
flash_set_ws                                      ../../../../../libopencm3//lib/libopencm3_stm32f4.a(flash_common_all.o)
                                                  ../../../../../libopencm3//lib/libopencm3_stm32f4.a(rcc.o)
flash_unlock_option_bytes                         ../../../../../libopencm3//lib/libopencm3_stm32f4.a(flash_common_all.o)
fpu_isr                                           ../../../../../libopencm3//lib/libopencm3_stm32f4.a(vector.o)
fsmc_isr                                          ../../../../../libopencm3//lib/libopencm3_stm32f4.a(vector.o)
gpio_clear                                        ../../../../../libopencm3//lib/libopencm3_stm32f4.a(gpio_common_all.o)
gpio_get                                          ../../../../../libopencm3//lib/libopencm3_stm32f4.a(gpio_common_all.o)
gpio_mode_setup                                   ../../../../../libopencm3//lib/libopencm3_stm32f4.a(gpio_common_f0234.o)
                                                  timerblink.o
gpio_port_config_lock                             ../../../../../libopencm3//lib/libopencm3_stm32f4.a(gpio_common_all.o)
gpio_port_read                                    ../../../../../libopencm3//lib/libopencm3_stm32f4.a(gpio_common_all.o)
gpio_port_write                                   ../../../../../libopencm3//lib/libopencm3_stm32f4.a(gpio_common_all.o)
gpio_set                                          ../../../../../libopencm3//lib/libopencm3_stm32f4.a(gpio_common_all.o)
                                                  timerblink.o
gpio_set_af                                       ../../../../../libopencm3//lib/libopencm3_stm32f4.a(gpio_common_f0234.o)
                                                  timerblink.o
gpio_set_output_options                           ../../../../../libopencm3//lib/libopencm3_stm32f4.a(gpio_common_f0234.o)
gpio_toggle                                       ../../../../../libopencm3//lib/libopencm3_stm32f4.a(gpio_common_all.o)
                                                  timerblink.o
hard_fault_handler                                ../../../../../libopencm3//lib/libopencm3_stm32f4.a(vector.o)
hash_rng_isr                                      ../../../../../libopencm3//lib/libopencm3_stm32f4.a(vector.o)
i2c1_er_isr                                       ../../../../../libopencm3//lib/libopencm3_stm32f4.a(vector.o)
i2c1_ev_isr                                       ../../../../../libopencm3//lib/libopencm3_stm32f4.a(vector.o)
i2c2_er_isr                                       ../../../../../libopencm3//lib/libopencm3_stm32f4.a(vector.o)
i2c2_ev_isr                                       ../../../../../libopencm3//lib/libopencm3_stm32f4.a(vector.o)
i2c3_er_isr                                       ../../../../../libopencm3//lib/libopencm3_stm32f4.a(vector.o)
i2c3_ev_isr                                       ../../../../../libopencm3//lib/libopencm3_stm32f4.a(vector.o)
lcd_tft_err_isr                                   ../../../../../libopencm3//lib/libopencm3_stm32f4.a(vector.o)
lcd_tft_isr                                       ../../../../../libopencm3//lib/libopencm3_stm32f4.a(vector.o)
main                                              timerblink.o
                                                  ../../../../../libopencm3//lib/libopencm3_stm32f4.a(vector.o)
mem_manage_handler                                ../../../../../libopencm3//lib/libopencm3_stm32f4.a(vector.o)
nmi_handler                                       ../../../../../libopencm3//lib/libopencm3_stm32f4.a(vector.o)
null_handler                                      ../../../../../libopencm3//lib/libopencm3_stm32f4.a(vector.o)
nvic_clear_pending_irq                            ../../../../../libopencm3//lib/libopencm3_stm32f4.a(nvic.o)
nvic_disable_irq                                  ../../../../../libopencm3//lib/libopencm3_stm32f4.a(nvic.o)
nvic_enable_irq                                   ../../../../../libopencm3//lib/libopencm3_stm32f4.a(nvic.o)
                                                  timerblink.o
nvic_generate_software_interrupt                  ../../../../../libopencm3//lib/libopencm3_stm32f4.a(nvic.o)
nvic_get_active_irq                               ../../../../../libopencm3//lib/libopencm3_stm32f4.a(nvic.o)
nvic_get_irq_enabled                              ../../../../../libopencm3//lib/libopencm3_stm32f4.a(nvic.o)
nvic_get_pending_irq                              ../../../../../libopencm3//lib/libopencm3_stm32f4.a(nvic.o)
nvic_set_pending_irq                              ../../../../../libopencm3//lib/libopencm3_stm32f4.a(nvic.o)
nvic_set_priority                                 ../../../../../libopencm3//lib/libopencm3_stm32f4.a(nvic.o)
nvic_wwdg_isr                                     ../../../../../libopencm3//lib/libopencm3_stm32f4.a(vector.o)
otg_fs_isr                                        ../../../../../libopencm3//lib/libopencm3_stm32f4.a(vector.o)
otg_hs_ep1_in_isr                                 ../../../../../libopencm3//lib/libopencm3_stm32f4.a(vector.o)
otg_hs_ep1_out_isr                                ../../../../../libopencm3//lib/libopencm3_stm32f4.a(vector.o)
otg_hs_isr                                        ../../../../../libopencm3//lib/libopencm3_stm32f4.a(vector.o)
otg_hs_wkup_isr                                   ../../../../../libopencm3//lib/libopencm3_stm32f4.a(vector.o)
pend_sv_handler                                   ../../../../../libopencm3//lib/libopencm3_stm32f4.a(vector.o)
pvd_isr                                           ../../../../../libopencm3//lib/libopencm3_stm32f4.a(vector.o)
pwr_set_vos_scale                                 ../../../../../libopencm3//lib/libopencm3_stm32f4.a(pwr.o)
                                                  ../../../../../libopencm3//lib/libopencm3_stm32f4.a(rcc.o)
rcc_ahb_frequency                                 ../../../../../libopencm3//lib/libopencm3_stm32f4.a(rcc.o)
rcc_apb1_frequency                                ../../../../../libopencm3//lib/libopencm3_stm32f4.a(rcc.o)
rcc_apb2_frequency                                ../../../../../libopencm3//lib/libopencm3_stm32f4.a(rcc.o)
rcc_clock_setup_hse_3v3                           ../../../../../libopencm3//lib/libopencm3_stm32f4.a(rcc.o)
rcc_clock_setup_pll                               ../../../../../libopencm3//lib/libopencm3_stm32f4.a(rcc.o)
                                                  timerblink.o
rcc_css_disable                                   ../../../../../libopencm3//lib/libopencm3_stm32f4.a(rcc.o)
rcc_css_enable                                    ../../../../../libopencm3//lib/libopencm3_stm32f4.a(rcc.o)
rcc_css_int_clear                                 ../../../../../libopencm3//lib/libopencm3_stm32f4.a(rcc.o)
rcc_css_int_flag                                  ../../../../../libopencm3//lib/libopencm3_stm32f4.a(rcc.o)
rcc_get_div_from_hpre                             ../../../../../libopencm3//lib/libopencm3_stm32f4.a(rcc_common_all.o)
rcc_get_i2c_clk_freq                              ../../../../../libopencm3//lib/libopencm3_stm32f4.a(rcc.o)
rcc_get_spi_clk_freq                              ../../../../../libopencm3//lib/libopencm3_stm32f4.a(rcc.o)
rcc_get_timer_clk_freq                            ../../../../../libopencm3//lib/libopencm3_stm32f4.a(rcc.o)
rcc_get_usart_clk_freq                            ../../../../../libopencm3//lib/libopencm3_stm32f4.a(rcc.o)
rcc_hse_12mhz_3v3                                 ../../../../../libopencm3//lib/libopencm3_stm32f4.a(rcc.o)
rcc_hse_16mhz_3v3                                 ../../../../../libopencm3//lib/libopencm3_stm32f4.a(rcc.o)
rcc_hse_25mhz_3v3                                 ../../../../../libopencm3//lib/libopencm3_stm32f4.a(rcc.o)
rcc_hse_8mhz_3v3                                  ../../../../../libopencm3//lib/libopencm3_stm32f4.a(rcc.o)
                                                  timerblink.o
rcc_hsi_configs                                   ../../../../../libopencm3//lib/libopencm3_stm32f4.a(rcc.o)
rcc_is_osc_ready                                  ../../../../../libopencm3//lib/libopencm3_stm32f4.a(rcc.o)
rcc_isr                                           ../../../../../libopencm3//lib/libopencm3_stm32f4.a(vector.o)
rcc_osc_bypass_disable                            ../../../../../libopencm3//lib/libopencm3_stm32f4.a(rcc_common_all.o)
rcc_osc_bypass_enable                             ../../../../../libopencm3//lib/libopencm3_stm32f4.a(rcc_common_all.o)
rcc_osc_off                                       ../../../../../libopencm3//lib/libopencm3_stm32f4.a(rcc.o)
rcc_osc_on                                        ../../../../../libopencm3//lib/libopencm3_stm32f4.a(rcc.o)
rcc_osc_ready_int_clear                           ../../../../../libopencm3//lib/libopencm3_stm32f4.a(rcc.o)
rcc_osc_ready_int_disable                         ../../../../../libopencm3//lib/libopencm3_stm32f4.a(rcc.o)
rcc_osc_ready_int_enable                          ../../../../../libopencm3//lib/libopencm3_stm32f4.a(rcc.o)
rcc_osc_ready_int_flag                            ../../../../../libopencm3//lib/libopencm3_stm32f4.a(rcc.o)
rcc_periph_clock_disable                          ../../../../../libopencm3//lib/libopencm3_stm32f4.a(rcc_common_all.o)
rcc_periph_clock_enable                           ../../../../../libopencm3//lib/libopencm3_stm32f4.a(rcc_common_all.o)
                                                  ../../../../../libopencm3//lib/libopencm3_stm32f4.a(rcc.o)
                                                  timerblink.o
rcc_periph_reset_hold                             ../../../../../libopencm3//lib/libopencm3_stm32f4.a(rcc_common_all.o)
rcc_periph_reset_pulse                            ../../../../../libopencm3//lib/libopencm3_stm32f4.a(rcc_common_all.o)
                                                  timerblink.o
rcc_periph_reset_release                          ../../../../../libopencm3//lib/libopencm3_stm32f4.a(rcc_common_all.o)
rcc_peripheral_clear_reset                        ../../../../../libopencm3//lib/libopencm3_stm32f4.a(rcc_common_all.o)
rcc_peripheral_disable_clock                      ../../../../../libopencm3//lib/libopencm3_stm32f4.a(rcc_common_all.o)
rcc_peripheral_enable_clock                       ../../../../../libopencm3//lib/libopencm3_stm32f4.a(rcc_common_all.o)
rcc_peripheral_reset                              ../../../../../libopencm3//lib/libopencm3_stm32f4.a(rcc_common_all.o)
rcc_plli2s_config                                 ../../../../../libopencm3//lib/libopencm3_stm32f4.a(rcc.o)
rcc_pllsai_config                                 ../../../../../libopencm3//lib/libopencm3_stm32f4.a(rcc.o)
rcc_pllsai_postscalers                            ../../../../../libopencm3//lib/libopencm3_stm32f4.a(rcc.o)
rcc_set_hpre                                      ../../../../../libopencm3//lib/libopencm3_stm32f4.a(rcc.o)
rcc_set_main_pll_hse                              ../../../../../libopencm3//lib/libopencm3_stm32f4.a(rcc.o)
rcc_set_main_pll_hsi                              ../../../../../libopencm3//lib/libopencm3_stm32f4.a(rcc.o)
rcc_set_mco                                       ../../../../../libopencm3//lib/libopencm3_stm32f4.a(rcc_common_all.o)
rcc_set_pll_source                                ../../../../../libopencm3//lib/libopencm3_stm32f4.a(rcc.o)
rcc_set_ppre1                                     ../../../../../libopencm3//lib/libopencm3_stm32f4.a(rcc.o)
rcc_set_ppre2                                     ../../../../../libopencm3//lib/libopencm3_stm32f4.a(rcc.o)
rcc_set_rtcpre                                    ../../../../../libopencm3//lib/libopencm3_stm32f4.a(rcc.o)
rcc_set_sysclk_source                             ../../../../../libopencm3//lib/libopencm3_stm32f4.a(rcc.o)
rcc_system_clock_source                           ../../../../../libopencm3//lib/libopencm3_stm32f4.a(rcc.o)
rcc_wait_for_osc_ready                            ../../../../../libopencm3//lib/libopencm3_stm32f4.a(rcc.o)
rcc_wait_for_sysclk_status                        ../../../../../libopencm3//lib/libopencm3_stm32f4.a(rcc.o)
reset_handler                                     ../../../../../libopencm3//lib/libopencm3_stm32f4.a(vector.o)
rtc_alarm_isr                                     ../../../../../libopencm3//lib/libopencm3_stm32f4.a(vector.o)
rtc_wkup_isr                                      ../../../../../libopencm3//lib/libopencm3_stm32f4.a(vector.o)
sai1_isr                                          ../../../../../libopencm3//lib/libopencm3_stm32f4.a(vector.o)
sdio_isr                                          ../../../../../libopencm3//lib/libopencm3_stm32f4.a(vector.o)
spi1_isr                                          ../../../../../libopencm3//lib/libopencm3_stm32f4.a(vector.o)
spi2_isr                                          ../../../../../libopencm3//lib/libopencm3_stm32f4.a(vector.o)
spi3_isr                                          ../../../../../libopencm3//lib/libopencm3_stm32f4.a(vector.o)
spi4_isr                                          ../../../../../libopencm3//lib/libopencm3_stm32f4.a(vector.o)
spi5_isr                                          ../../../../../libopencm3//lib/libopencm3_stm32f4.a(vector.o)
spi6_isr                                          ../../../../../libopencm3//lib/libopencm3_stm32f4.a(vector.o)
sv_call_handler                                   ../../../../../libopencm3//lib/libopencm3_stm32f4.a(vector.o)
sys_tick_handler                                  ../../../../../libopencm3//lib/libopencm3_stm32f4.a(vector.o)
tamp_stamp_isr                                    ../../../../../libopencm3//lib/libopencm3_stm32f4.a(vector.o)
tim1_brk_tim9_isr                                 ../../../../../libopencm3//lib/libopencm3_stm32f4.a(vector.o)
tim1_cc_isr                                       timerblink.o
tim1_trg_com_tim11_isr                            ../../../../../libopencm3//lib/libopencm3_stm32f4.a(vector.o)
tim1_up_tim10_isr                                 timerblink.o
tim2_isr                                          ../../../../../libopencm3//lib/libopencm3_stm32f4.a(vector.o)
tim3_isr                                          ../../../../../libopencm3//lib/libopencm3_stm32f4.a(vector.o)
tim4_isr                                          ../../../../../libopencm3//lib/libopencm3_stm32f4.a(vector.o)
tim5_isr                                          ../../../../../libopencm3//lib/libopencm3_stm32f4.a(vector.o)
tim6_dac_isr                                      ../../../../../libopencm3//lib/libopencm3_stm32f4.a(vector.o)
tim7_isr                                          ../../../../../libopencm3//lib/libopencm3_stm32f4.a(vector.o)
tim8_brk_tim12_isr                                ../../../../../libopencm3//lib/libopencm3_stm32f4.a(vector.o)
tim8_cc_isr                                       ../../../../../libopencm3//lib/libopencm3_stm32f4.a(vector.o)
tim8_trg_com_tim14_isr                            ../../../../../libopencm3//lib/libopencm3_stm32f4.a(vector.o)
tim8_up_tim13_isr                                 ../../../../../libopencm3//lib/libopencm3_stm32f4.a(vector.o)
timer_clear_flag                                  ../../../../../libopencm3//lib/libopencm3_stm32f4.a(timer_common_all.o)
                                                  timerblink.o
timer_continuous_mode                             ../../../../../libopencm3//lib/libopencm3_stm32f4.a(timer_common_all.o)
                                                  timerblink.o
timer_direction_down                              ../../../../../libopencm3//lib/libopencm3_stm32f4.a(timer_common_all.o)
timer_direction_up                                ../../../../../libopencm3//lib/libopencm3_stm32f4.a(timer_common_all.o)
timer_disable_break                               ../../../../../libopencm3//lib/libopencm3_stm32f4.a(timer_common_all.o)
                                                  timerblink.o
timer_disable_break_automatic_output              ../../../../../libopencm3//lib/libopencm3_stm32f4.a(timer_common_all.o)
timer_disable_break_main_output                   ../../../../../libopencm3//lib/libopencm3_stm32f4.a(timer_common_all.o)
timer_disable_compare_control_update_on_trigger   ../../../../../libopencm3//lib/libopencm3_stm32f4.a(timer_common_all.o)
timer_disable_counter                             ../../../../../libopencm3//lib/libopencm3_stm32f4.a(timer_common_all.o)
timer_disable_irq                                 ../../../../../libopencm3//lib/libopencm3_stm32f4.a(timer_common_all.o)
timer_disable_oc_clear                            ../../../../../libopencm3//lib/libopencm3_stm32f4.a(timer_common_all.o)
timer_disable_oc_output                           ../../../../../libopencm3//lib/libopencm3_stm32f4.a(timer_common_all.o)
timer_disable_oc_preload                          ../../../../../libopencm3//lib/libopencm3_stm32f4.a(timer_common_all.o)
timer_disable_preload                             ../../../../../libopencm3//lib/libopencm3_stm32f4.a(timer_common_all.o)
                                                  timerblink.o
timer_disable_preload_complementry_enable_bits    ../../../../../libopencm3//lib/libopencm3_stm32f4.a(timer_common_all.o)
timer_disable_update_event                        ../../../../../libopencm3//lib/libopencm3_stm32f4.a(timer_common_all.o)
timer_enable_break                                ../../../../../libopencm3//lib/libopencm3_stm32f4.a(timer_common_all.o)
timer_enable_break_automatic_output               ../../../../../libopencm3//lib/libopencm3_stm32f4.a(timer_common_all.o)
timer_enable_break_main_output                    ../../../../../libopencm3//lib/libopencm3_stm32f4.a(timer_common_all.o)
                                                  timerblink.o
timer_enable_compare_control_update_on_trigger    ../../../../../libopencm3//lib/libopencm3_stm32f4.a(timer_common_all.o)
timer_enable_counter                              ../../../../../libopencm3//lib/libopencm3_stm32f4.a(timer_common_all.o)
                                                  timerblink.o
timer_enable_irq                                  ../../../../../libopencm3//lib/libopencm3_stm32f4.a(timer_common_all.o)
                                                  timerblink.o
timer_enable_oc_clear                             ../../../../../libopencm3//lib/libopencm3_stm32f4.a(timer_common_all.o)
timer_enable_oc_output                            ../../../../../libopencm3//lib/libopencm3_stm32f4.a(timer_common_all.o)
                                                  timerblink.o
timer_enable_oc_preload                           ../../../../../libopencm3//lib/libopencm3_stm32f4.a(timer_common_all.o)
timer_enable_preload                              ../../../../../libopencm3//lib/libopencm3_stm32f4.a(timer_common_all.o)
timer_enable_preload_complementry_enable_bits     ../../../../../libopencm3//lib/libopencm3_stm32f4.a(timer_common_all.o)
timer_enable_update_event                         ../../../../../libopencm3//lib/libopencm3_stm32f4.a(timer_common_all.o)
timer_generate_event                              ../../../../../libopencm3//lib/libopencm3_stm32f4.a(timer_common_all.o)
timer_get_counter                                 ../../../../../libopencm3//lib/libopencm3_stm32f4.a(timer_common_all.o)
timer_get_flag                                    ../../../../../libopencm3//lib/libopencm3_stm32f4.a(timer_common_all.o)
timer_ic_disable                                  ../../../../../libopencm3//lib/libopencm3_stm32f4.a(timer_common_all.o)
timer_ic_enable                                   ../../../../../libopencm3//lib/libopencm3_stm32f4.a(timer_common_all.o)
timer_ic_set_filter                               ../../../../../libopencm3//lib/libopencm3_stm32f4.a(timer_common_all.o)
timer_ic_set_input                                ../../../../../libopencm3//lib/libopencm3_stm32f4.a(timer_common_all.o)
timer_ic_set_prescaler                            ../../../../../libopencm3//lib/libopencm3_stm32f4.a(timer_common_all.o)
timer_interrupt_source                            ../../../../../libopencm3//lib/libopencm3_stm32f4.a(timer_common_all.o)
timer_one_shot_mode                               ../../../../../libopencm3//lib/libopencm3_stm32f4.a(timer_common_all.o)
timer_reset_output_idle_state                     ../../../../../libopencm3//lib/libopencm3_stm32f4.a(timer_common_all.o)
timer_set_alignment                               ../../../../../libopencm3//lib/libopencm3_stm32f4.a(timer_common_all.o)
timer_set_break_lock                              ../../../../../libopencm3//lib/libopencm3_stm32f4.a(timer_common_all.o)
timer_set_break_polarity_high                     ../../../../../libopencm3//lib/libopencm3_stm32f4.a(timer_common_all.o)
timer_set_break_polarity_low                      ../../../../../libopencm3//lib/libopencm3_stm32f4.a(timer_common_all.o)
timer_set_clock_division                          ../../../../../libopencm3//lib/libopencm3_stm32f4.a(timer_common_all.o)
timer_set_counter                                 ../../../../../libopencm3//lib/libopencm3_stm32f4.a(timer_common_all.o)
timer_set_deadtime                                ../../../../../libopencm3//lib/libopencm3_stm32f4.a(timer_common_all.o)
timer_set_disabled_off_state_in_idle_mode         ../../../../../libopencm3//lib/libopencm3_stm32f4.a(timer_common_all.o)
timer_set_disabled_off_state_in_run_mode          ../../../../../libopencm3//lib/libopencm3_stm32f4.a(timer_common_all.o)
timer_set_dma_on_compare_event                    ../../../../../libopencm3//lib/libopencm3_stm32f4.a(timer_common_all.o)
timer_set_dma_on_update_event                     ../../../../../libopencm3//lib/libopencm3_stm32f4.a(timer_common_all.o)
timer_set_enabled_off_state_in_idle_mode          ../../../../../libopencm3//lib/libopencm3_stm32f4.a(timer_common_all.o)
timer_set_enabled_off_state_in_run_mode           ../../../../../libopencm3//lib/libopencm3_stm32f4.a(timer_common_all.o)
timer_set_master_mode                             ../../../../../libopencm3//lib/libopencm3_stm32f4.a(timer_common_all.o)
timer_set_mode                                    ../../../../../libopencm3//lib/libopencm3_stm32f4.a(timer_common_all.o)
                                                  timerblink.o
timer_set_oc_fast_mode                            ../../../../../libopencm3//lib/libopencm3_stm32f4.a(timer_common_all.o)
timer_set_oc_idle_state_set                       ../../../../../libopencm3//lib/libopencm3_stm32f4.a(timer_common_all.o)
timer_set_oc_idle_state_unset                     ../../../../../libopencm3//lib/libopencm3_stm32f4.a(timer_common_all.o)
timer_set_oc_mode                                 ../../../../../libopencm3//lib/libopencm3_stm32f4.a(timer_common_all.o)
                                                  timerblink.o
timer_set_oc_polarity_high                        ../../../../../libopencm3//lib/libopencm3_stm32f4.a(timer_common_all.o)
timer_set_oc_polarity_low                         ../../../../../libopencm3//lib/libopencm3_stm32f4.a(timer_common_all.o)
timer_set_oc_slow_mode                            ../../../../../libopencm3//lib/libopencm3_stm32f4.a(timer_common_all.o)
timer_set_oc_value                                ../../../../../libopencm3//lib/libopencm3_stm32f4.a(timer_common_all.o)
                                                  timerblink.o
timer_set_output_idle_state                       ../../../../../libopencm3//lib/libopencm3_stm32f4.a(timer_common_all.o)
timer_set_period                                  ../../../../../libopencm3//lib/libopencm3_stm32f4.a(timer_common_all.o)
                                                  timerblink.o
timer_set_prescaler                               ../../../../../libopencm3//lib/libopencm3_stm32f4.a(timer_common_all.o)
                                                  timerblink.o
timer_set_repetition_counter                      ../../../../../libopencm3//lib/libopencm3_stm32f4.a(timer_common_all.o)
timer_set_ti1_ch1                                 ../../../../../libopencm3//lib/libopencm3_stm32f4.a(timer_common_all.o)
timer_set_ti1_ch123_xor                           ../../../../../libopencm3//lib/libopencm3_stm32f4.a(timer_common_all.o)
timer_slave_set_extclockmode2                     ../../../../../libopencm3//lib/libopencm3_stm32f4.a(timer_common_all.o)
timer_slave_set_filter                            ../../../../../libopencm3//lib/libopencm3_stm32f4.a(timer_common_all.o)
timer_slave_set_mode                              ../../../../../libopencm3//lib/libopencm3_stm32f4.a(timer_common_all.o)
timer_slave_set_polarity                          ../../../../../libopencm3//lib/libopencm3_stm32f4.a(timer_common_all.o)
timer_slave_set_prescaler                         ../../../../../libopencm3//lib/libopencm3_stm32f4.a(timer_common_all.o)
timer_slave_set_trigger                           ../../../../../libopencm3//lib/libopencm3_stm32f4.a(timer_common_all.o)
timer_update_on_any                               ../../../../../libopencm3//lib/libopencm3_stm32f4.a(timer_common_all.o)
timer_update_on_overflow                          ../../../../../libopencm3//lib/libopencm3_stm32f4.a(timer_common_all.o)
uart4_isr                                         ../../../../../libopencm3//lib/libopencm3_stm32f4.a(vector.o)
uart5_isr                                         ../../../../../libopencm3//lib/libopencm3_stm32f4.a(vector.o)
uart7_isr                                         ../../../../../libopencm3//lib/libopencm3_stm32f4.a(vector.o)
uart8_isr                                         ../../../../../libopencm3//lib/libopencm3_stm32f4.a(vector.o)
usage_fault_handler                               ../../../../../libopencm3//lib/libopencm3_stm32f4.a(vector.o)
usart1_isr                                        ../../../../../libopencm3//lib/libopencm3_stm32f4.a(vector.o)
usart2_isr                                        ../../../../../libopencm3//lib/libopencm3_stm32f4.a(vector.o)
usart3_isr                                        ../../../../../libopencm3//lib/libopencm3_stm32f4.a(vector.o)
usart6_isr                                        ../../../../../libopencm3//lib/libopencm3_stm32f4.a(vector.o)
usb_fs_wkup_isr                                   ../../../../../libopencm3//lib/libopencm3_stm32f4.a(vector.o)
vector_table                                      ../../../../../libopencm3//lib/libopencm3_stm32f4.a(vector.o)
