Archive member included to satisfy reference by file (symbol)

../../../../../libopencm3-plus//lib/libopencm3_plus_stm32f429idiscovery.a(cdcacm.o)
                              stm_comm.o (cdcacm_open)
../../../../../libopencm3-plus//lib/libopencm3_plus_stm32f429idiscovery.a(stm32f_4_411_429i_discovery.o)
                              stm_comm.o (cdcacm_f429_init)
../../../../../libopencm3-plus//lib/libopencm3_plus_stm32f429idiscovery.a(data_structs.o)
                              ../../../../../libopencm3-plus//lib/libopencm3_plus_stm32f429idiscovery.a(cdcacm.o) (cbuf_init)
../../../../../libopencm3-plus//lib/libopencm3_plus_stm32f429idiscovery.a(misc.o)
                              ../../../../../libopencm3-plus//lib/libopencm3_plus_stm32f429idiscovery.a(stm32f_4_411_429i_discovery.o) (wait)
../../../../../libopencm3-plus//lib/libopencm3_plus_stm32f429idiscovery.a(syscall.o)
                              stm_comm.o (lo_poll)
../../../../../libopencm3-plus//lib/libopencm3_plus_stm32f429idiscovery.a(null.o)
                              ../../../../../libopencm3-plus//lib/libopencm3_plus_stm32f429idiscovery.a(syscall.o) (dotab_null)
../../../../../libopencm3//lib/libopencm3_stm32f4.a(desig_common_all.o)
                              main.o (desig_get_unique_id_as_string)
../../../../../libopencm3//lib/libopencm3_stm32f4.a(desig_common_v1.o)
                              ../../../../../libopencm3//lib/libopencm3_stm32f4.a(desig_common_all.o) (desig_get_unique_id)
../../../../../libopencm3//lib/libopencm3_stm32f4.a(gpio_common_all.o)
                              main.o (gpio_set)
../../../../../libopencm3//lib/libopencm3_stm32f4.a(gpio_common_f0234.o)
                              main.o (gpio_mode_setup)
../../../../../libopencm3//lib/libopencm3_stm32f4.a(rcc_common_all.o)
                              ../../../../../libopencm3-plus//lib/libopencm3_plus_stm32f429idiscovery.a(stm32f_4_411_429i_discovery.o) (rcc_peripheral_enable_clock)
../../../../../libopencm3//lib/libopencm3_stm32f4.a(rcc.o)
                              main.o (rcc_clock_setup_pll)
../../../../../libopencm3//lib/libopencm3_stm32f4.a(usb.o)
                              ../../../../../libopencm3-plus//lib/libopencm3_plus_stm32f429idiscovery.a(cdcacm.o) (usbd_init)
../../../../../libopencm3//lib/libopencm3_stm32f4.a(usb_standard.o)
                              ../../../../../libopencm3-plus//lib/libopencm3_plus_stm32f429idiscovery.a(cdcacm.o) (usbd_register_set_config_callback)
../../../../../libopencm3//lib/libopencm3_stm32f4.a(usb_control.o)
                              ../../../../../libopencm3-plus//lib/libopencm3_plus_stm32f429idiscovery.a(cdcacm.o) (usbd_register_control_callback)
../../../../../libopencm3//lib/libopencm3_stm32f4.a(usb_f107.o)
                              ../../../../../libopencm3-plus//lib/libopencm3_plus_stm32f429idiscovery.a(cdcacm.o) (stm32f107_usb_driver)
../../../../../libopencm3//lib/libopencm3_stm32f4.a(usb_f207.o)
                              ../../../../../libopencm3-plus//lib/libopencm3_plus_stm32f429idiscovery.a(cdcacm.o) (stm32f207_usb_driver)
../../../../../libopencm3//lib/libopencm3_stm32f4.a(vector.o)
                              (reset_handler)
../../../../../libopencm3//lib/libopencm3_stm32f4.a(nvic.o)
                              ../../../../../libopencm3-plus//lib/libopencm3_plus_stm32f429idiscovery.a(stm32f_4_411_429i_discovery.o) (nvic_enable_irq)
../../../../../libopencm3//lib/libopencm3_stm32f4.a(dwt.o)
                              main.o (dwt_enable_cycle_counter)
../../../../../libopencm3//lib/libopencm3_stm32f4.a(flash_common_all.o)
                              ../../../../../libopencm3//lib/libopencm3_stm32f4.a(rcc.o) (flash_set_ws)
../../../../../libopencm3//lib/libopencm3_stm32f4.a(flash_common_idcache.o)
                              ../../../../../libopencm3//lib/libopencm3_stm32f4.a(rcc.o) (flash_dcache_enable)
../../../../../libopencm3//lib/libopencm3_stm32f4.a(pwr.o)
                              ../../../../../libopencm3//lib/libopencm3_stm32f4.a(rcc.o) (pwr_set_vos_scale)
../../../../../libopencm3//lib/libopencm3_stm32f4.a(usb_dwc_common.o)
                              ../../../../../libopencm3//lib/libopencm3_stm32f4.a(usb_f107.o) (dwc_set_address)
/usr/lib/gcc/arm-none-eabi/10.3.1/../../../arm-none-eabi/lib/thumb/v7e-m+fp/hard/libc.a(lib_a-abort.o)
                              ../../../../../libopencm3-plus//lib/libopencm3_plus_stm32f429idiscovery.a(syscall.o) (abort)
/usr/lib/gcc/arm-none-eabi/10.3.1/../../../arm-none-eabi/lib/thumb/v7e-m+fp/hard/libc.a(lib_a-fileno.o)
                              ../../../../../libopencm3-plus//lib/libopencm3_plus_stm32f429idiscovery.a(syscall.o) (fileno)
/usr/lib/gcc/arm-none-eabi/10.3.1/../../../arm-none-eabi/lib/thumb/v7e-m+fp/hard/libc.a(lib_a-findfp.o)
                              /usr/lib/gcc/arm-none-eabi/10.3.1/../../../arm-none-eabi/lib/thumb/v7e-m+fp/hard/libc.a(lib_a-fileno.o) (__sinit)
[...]
Memory Configuration

Name             Origin             Length             Attributes
rom              0x0000000008000000 0x0000000000200000 xr
ccm              0x0000000010000000 0x0000000000010000 xrw
ram              0x0000000020000000 0x0000000000030000 xrw
*default*        0x0000000000000000 0xffffffffffffffff

Linker script and memory map

LOAD stm_comm.o
LOAD sha1_sw.o
LOAD main.o
LOAD ../../../../../libopencm3-plus//lib/libopencm3_plus_stm32f429idiscovery.a
LOAD /usr/lib/gcc/arm-none-eabi/10.3.1/../../../arm-none-eabi/lib/thumb/v7e-m+fp/hard/libm.a
LOAD ../../../../../libopencm3//lib/libopencm3_stm32f4.a
START GROUP
LOAD /usr/lib/gcc/arm-none-eabi/10.3.1/../../../arm-none-eabi/lib/thumb/v7e-m+fp/hard/libc.a
LOAD /usr/lib/gcc/arm-none-eabi/10.3.1/thumb/v7e-m+fp/hard/libgcc.a
LOAD /usr/lib/gcc/arm-none-eabi/10.3.1/../../../arm-none-eabi/lib/thumb/v7e-m+fp/hard/libnosys.a
END GROUP
START GROUP
LOAD /usr/lib/gcc/arm-none-eabi/10.3.1/thumb/v7e-m+fp/hard/libgcc.a
LOAD /usr/lib/gcc/arm-none-eabi/10.3.1/../../../arm-none-eabi/lib/thumb/v7e-m+fp/hard/libc.a
END GROUP

.text           0x0000000008000000     0x9fa4
 *(.vectors)
 .vectors       0x0000000008000000      0x1ac ../../../../../libopencm3//lib/libopencm3_stm32f4.a(vector.o)
                0x0000000008000000                vector_table
 *(.text*)
 .text.stm_comm_usb_write
                0x00000000080001ac       0x24 stm_comm.o
 .text.stm_comm_send_bytes
                0x00000000080001d0       0x24 stm_comm.o
                0x00000000080001d0                stm_comm_send_bytes
 .text.stm_comm_send
                0x00000000080001f4       0x18 stm_comm.o
                0x00000000080001f4                stm_comm_send
 .text.stm_comm_available
                0x000000000800020c       0x10 stm_comm.o
                0x000000000800020c                stm_comm_available
 .text.stm_comm_init
                0x000000000800021c       0x5c stm_comm.o
                0x000000000800021c                stm_comm_init
 .text.stm_comm_read_line
                0x0000000008000278       0xc8 stm_comm.o
                0x0000000008000278                stm_comm_read_line
 .text.sha1_transform
                0x0000000008000340      0x100 sha1_sw.o
 .text.sha1_sw  0x0000000008000440       0xd0 sha1_sw.o
                0x0000000008000440                sha1_sw
 .text.leds_off
                0x0000000008000510       0x20 main.o
 .text.startup.main
                0x0000000008000530      0x334 main.o
                0x0000000008000530                main
 .text.cdcacm_control_request
                0x0000000008000864       0x1c ../../../../../libopencm3-plus//lib/libopencm3_plus_stm32f429idiscovery.a(cdcacm.o)
 .text.cdcacm_callback_out
                0x0000000008000880        0xc ../../../../../libopencm3-plus//lib/libopencm3_plus_stm32f429idiscovery.a(cdcacm.o)
 .text.cdcacm_open
                0x000000000800088c        0x4 ../../../../../libopencm3-plus//lib/libopencm3_plus_stm32f429idiscovery.a(cdcacm.o)
                0x000000000800088c                cdcacm_open
 .text.cdcacm_close
                0x0000000008000890        0x4 ../../../../../libopencm3-plus//lib/libopencm3_plus_stm32f429idiscovery.a(cdcacm.o)
                0x0000000008000890                cdcacm_close
 .text.cdcacm_reset
                0x0000000008000894        0x2 ../../../../../libopencm3-plus//lib/libopencm3_plus_stm32f429idiscovery.a(cdcacm.o)
                0x0000000008000894                cdcacm_reset
 *fill*         0x0000000008000896        0x2 
 .text.cdcacm_in_poll
                0x0000000008000898       0x14 ../../../../../libopencm3-plus//lib/libopencm3_plus_stm32f429idiscovery.a(cdcacm.o)
                0x0000000008000898                cdcacm_in_poll
 .text.cdcacm_read
                0x00000000080008ac       0x24 ../../../../../libopencm3-plus//lib/libopencm3_plus_stm32f429idiscovery.a(cdcacm.o)
                0x00000000080008ac                cdcacm_read
 .text.cdcacm_set_config
                0x00000000080008d0       0x88 ../../../../../libopencm3-plus//lib/libopencm3_plus_stm32f429idiscovery.a(cdcacm.o)
 .text.cdcacm_callback_in
                0x0000000008000958       0x28 ../../../../../libopencm3-plus//lib/libopencm3_plus_stm32f429idiscovery.a(cdcacm.o)
 .text.cdcacm_get_config
                0x0000000008000980        0xc ../../../../../libopencm3-plus//lib/libopencm3_plus_stm32f429idiscovery.a(cdcacm.o)
                0x0000000008000980                cdcacm_get_config
 .text.cdcacm_write_now
                0x000000000800098c       0x20 ../../../../../libopencm3-plus//lib/libopencm3_plus_stm32f429idiscovery.a(cdcacm.o)
                0x000000000800098c                cdcacm_write_now
 .text.cdcacm_usb_init
                0x00000000080009ac       0xc4 ../../../../../libopencm3-plus//lib/libopencm3_plus_stm32f429idiscovery.a(cdcacm.o)
                0x00000000080009ac                cdcacm_usb_init
 .text.otg_fs_isr
                0x0000000008000a70        0xc ../../../../../libopencm3-plus//lib/libopencm3_plus_stm32f429idiscovery.a(stm32f_4_411_429i_discovery.o)
                0x0000000008000a70                otg_fs_isr
 .text.otg_hs_isr
                0x0000000008000a7c        0x4 ../../../../../libopencm3-plus//lib/libopencm3_plus_stm32f429idiscovery.a(stm32f_4_411_429i_discovery.o)
                0x0000000008000a7c                otg_hs_isr
 .text.cdcacm_f429_init
                0x0000000008000a80       0x58 ../../../../../libopencm3-plus//lib/libopencm3_plus_stm32f429idiscovery.a(stm32f_4_411_429i_discovery.o)
                0x0000000008000a80                cdcacm_f429_init
 .text.cbuf_init
                0x0000000008000ad8       0x32 ../../../../../libopencm3-plus//lib/libopencm3_plus_stm32f429idiscovery.a(data_structs.o)
                0x0000000008000ad8                cbuf_init
 .text.cbuf_used
                0x0000000008000b0a        0x4 ../../../../../libopencm3-plus//lib/libopencm3_plus_stm32f429idiscovery.a(data_structs.o)
                0x0000000008000b0a                cbuf_used
 .text.cbuf_pop
                0x0000000008000b0e       0x48 ../../../../../libopencm3-plus//lib/libopencm3_plus_stm32f429idiscovery.a(data_structs.o)
                0x0000000008000b0e                cbuf_pop
 .text.cbuf_append
                0x0000000008000b56       0x50 ../../../../../libopencm3-plus//lib/libopencm3_plus_stm32f429idiscovery.a(data_structs.o)
                0x0000000008000b56                cbuf_append
 *fill*         0x0000000008000ba6        0x2 
 .text.wait     0x0000000008000ba8       0x18 ../../../../../libopencm3-plus//lib/libopencm3_plus_stm32f429idiscovery.a(misc.o)
                0x0000000008000ba8                wait
 .text._write_r
                0x0000000008000bc0       0x1c ../../../../../libopencm3-plus//lib/libopencm3_plus_stm32f429idiscovery.a(syscall.o)
                0x0000000008000bc0                _write_r
 .text._read_r  0x0000000008000bdc       0x1c ../../../../../libopencm3-plus//lib/libopencm3_plus_stm32f429idiscovery.a(syscall.o)
                0x0000000008000bdc                _read_r
 .text._close_r
                0x0000000008000bf8       0x10 ../../../../../libopencm3-plus//lib/libopencm3_plus_stm32f429idiscovery.a(syscall.o)
                0x0000000008000bf8                _close_r
 .text._sbrk_r  0x0000000008000c08       0x28 ../../../../../libopencm3-plus//lib/libopencm3_plus_stm32f429idiscovery.a(syscall.o)
                0x0000000008000c08                _sbrk_r
 .text._fstat_r
                0x0000000008000c30        0xa ../../../../../libopencm3-plus//lib/libopencm3_plus_stm32f429idiscovery.a(syscall.o)
                0x0000000008000c30                _fstat_r
 .text._lseek_r
                0x0000000008000c3a        0x4 ../../../../../libopencm3-plus//lib/libopencm3_plus_stm32f429idiscovery.a(syscall.o)
                0x0000000008000c3a                _lseek_r
 *fill*         0x0000000008000c3e        0x2 
 .text.lo_poll  0x0000000008000c40       0x24 ../../../../../libopencm3-plus//lib/libopencm3_plus_stm32f429idiscovery.a(syscall.o)
                0x0000000008000c40                lo_poll
 .text.null_open
                0x0000000008000c64        0x4 ../../../../../libopencm3-plus//lib/libopencm3_plus_stm32f429idiscovery.a(null.o)
                0x0000000008000c64                null_open
 .text.null_close
                0x0000000008000c68        0x4 ../../../../../libopencm3-plus//lib/libopencm3_plus_stm32f429idiscovery.a(null.o)
                0x0000000008000c68                null_close
 .text.null_write
                0x0000000008000c6c        0x4 ../../../../../libopencm3-plus//lib/libopencm3_plus_stm32f429idiscovery.a(null.o)
                0x0000000008000c6c                null_write
 .text.null_read
                0x0000000008000c70        0x4 ../../../../../libopencm3-plus//lib/libopencm3_plus_stm32f429idiscovery.a(null.o)
                0x0000000008000c70                null_read
 .text.null_poll
                0x0000000008000c74        0x4 ../../../../../libopencm3-plus//lib/libopencm3_plus_stm32f429idiscovery.a(null.o)
                0x0000000008000c74                null_poll
 .text.desig_get_unique_id_as_string
                0x0000000008000c78       0x70 ../../../../../libopencm3//lib/libopencm3_stm32f4.a(desig_common_all.o)
                0x0000000008000c78                desig_get_unique_id_as_string
 .text.desig_get_unique_id
                0x0000000008000ce8       0x1c ../../../../../libopencm3//lib/libopencm3_stm32f4.a(desig_common_v1.o)
                0x0000000008000ce8                desig_get_unique_id
 .text.gpio_set
                0x0000000008000d04        0x4 ../../../../../libopencm3//lib/libopencm3_stm32f4.a(gpio_common_all.o)
                0x0000000008000d04                gpio_set
 .text.gpio_clear
                0x0000000008000d08        0x6 ../../../../../libopencm3//lib/libopencm3_stm32f4.a(gpio_common_all.o)
                0x0000000008000d08                gpio_clear
 .text.gpio_toggle
                0x0000000008000d0e       0x12 ../../../../../libopencm3//lib/libopencm3_stm32f4.a(gpio_common_all.o)
                0x0000000008000d0e                gpio_toggle
 .text.gpio_mode_setup
                0x0000000008000d20       0x40 ../../../../../libopencm3//lib/libopencm3_stm32f4.a(gpio_common_f0234.o)
                0x0000000008000d20                gpio_mode_setup
 .text.gpio_set_af
                0x0000000008000d60       0x58 ../../../../../libopencm3//lib/libopencm3_stm32f4.a(gpio_common_f0234.o)
                0x0000000008000d60                gpio_set_af
 .text.rcc_periph_clock_enable
                0x0000000008000db8       0x1c ../../../../../libopencm3//lib/libopencm3_stm32f4.a(rcc_common_all.o)
                0x0000000008000db8                rcc_periph_clock_enable
 .text.rcc_is_osc_ready
                0x0000000008000dd4       0x64 ../../../../../libopencm3//lib/libopencm3_stm32f4.a(rcc.o)
                0x0000000008000dd4                rcc_is_osc_ready
 .text.rcc_wait_for_osc_ready
                0x0000000008000e38       0x10 ../../../../../libopencm3//lib/libopencm3_stm32f4.a(rcc.o)
                0x0000000008000e38                rcc_wait_for_osc_ready
 .text.rcc_osc_on
                0x0000000008000e48       0x74 ../../../../../libopencm3//lib/libopencm3_stm32f4.a(rcc.o)
                0x0000000008000e48                rcc_osc_on
 .text.rcc_osc_off
                0x0000000008000ebc       0x74 ../../../../../libopencm3//lib/libopencm3_stm32f4.a(rcc.o)
                0x0000000008000ebc                rcc_osc_off
 .text.rcc_set_sysclk_source
                0x0000000008000f30       0x18 ../../../../../libopencm3//lib/libopencm3_stm32f4.a(rcc.o)
                0x0000000008000f30                rcc_set_sysclk_source
 .text.rcc_set_ppre2
                0x0000000008000f48       0x18 ../../../../../libopencm3//lib/libopencm3_stm32f4.a(rcc.o)
                0x0000000008000f48                rcc_set_ppre2
 .text.rcc_set_ppre1
                0x0000000008000f60       0x18 ../../../../../libopencm3//lib/libopencm3_stm32f4.a(rcc.o)
                0x0000000008000f60                rcc_set_ppre1
 .text.rcc_set_hpre
                0x0000000008000f78       0x18 ../../../../../libopencm3//lib/libopencm3_stm32f4.a(rcc.o)
                0x0000000008000f78                rcc_set_hpre
 .text.rcc_set_main_pll_hsi
                0x0000000008000f90       0x44 ../../../../../libopencm3//lib/libopencm3_stm32f4.a(rcc.o)
                0x0000000008000f90                rcc_set_main_pll_hsi
 .text.rcc_set_main_pll_hse
                0x0000000008000fd4       0x44 ../../../../../libopencm3//lib/libopencm3_stm32f4.a(rcc.o)
                0x0000000008000fd4                rcc_set_main_pll_hse
 .text.rcc_clock_setup_pll
                0x0000000008001018       0xe4 ../../../../../libopencm3//lib/libopencm3_stm32f4.a(rcc.o)
                0x0000000008001018                rcc_clock_setup_pll
 .text.usbd_init
                0x00000000080010fc       0x54 ../../../../../libopencm3//lib/libopencm3_stm32f4.a(usb.o)
                0x00000000080010fc                usbd_init
 .text.usbd_register_reset_callback
                0x0000000008001150        0x4 ../../../../../libopencm3//lib/libopencm3_stm32f4.a(usb.o)
                0x0000000008001150                usbd_register_reset_callback
 .text.usbd_poll
                0x0000000008001154        0x8 ../../../../../libopencm3//lib/libopencm3_stm32f4.a(usb.o)
                0x0000000008001154                usbd_poll
 .text.usbd_ep_setup
                0x000000000800115c       0x10 ../../../../../libopencm3//lib/libopencm3_stm32f4.a(usb.o)
                0x000000000800115c                usbd_ep_setup
 .text._usbd_reset
                0x000000000800116c       0x30 ../../../../../libopencm3//lib/libopencm3_stm32f4.a(usb.o)
                0x000000000800116c                _usbd_reset
 .text.usbd_ep_write_packet
                0x000000000800119c       0x10 ../../../../../libopencm3//lib/libopencm3_stm32f4.a(usb.o)
                0x000000000800119c                usbd_ep_write_packet
 .text.usbd_ep_read_packet
                0x00000000080011ac       0x10 ../../../../../libopencm3//lib/libopencm3_stm32f4.a(usb.o)
                0x00000000080011ac                usbd_ep_read_packet
 .text.usbd_ep_stall_set
                0x00000000080011bc        0x8 ../../../../../libopencm3//lib/libopencm3_stm32f4.a(usb.o)
                0x00000000080011bc                usbd_ep_stall_set
 .text.usbd_ep_stall_get
                0x00000000080011c4        0x8 ../../../../../libopencm3//lib/libopencm3_stm32f4.a(usb.o)
                0x00000000080011c4                usbd_ep_stall_get
 .text.usbd_ep_nak_set
                0x00000000080011cc        0x8 ../../../../../libopencm3//lib/libopencm3_stm32f4.a(usb.o)
                0x00000000080011cc                usbd_ep_nak_set
 .text.usb_standard_set_address
                0x00000000080011d4       0x28 ../../../../../libopencm3//lib/libopencm3_stm32f4.a(usb_standard.o)
 .text.usb_standard_set_configuration
                0x00000000080011fc       0x96 ../../../../../libopencm3//lib/libopencm3_stm32f4.a(usb_standard.o)
 .text.usb_standard_get_configuration
                0x0000000008001292       0x22 ../../../../../libopencm3//lib/libopencm3_stm32f4.a(usb_standard.o)
 .text.usb_standard_set_interface
                0x00000000080012b4       0x54 ../../../../../libopencm3//lib/libopencm3_stm32f4.a(usb_standard.o)
 .text.usb_standard_get_interface
                0x0000000008001308       0x38 ../../../../../libopencm3//lib/libopencm3_stm32f4.a(usb_standard.o)
 .text.usb_standard_device_get_status
                0x0000000008001340       0x18 ../../../../../libopencm3//lib/libopencm3_stm32f4.a(usb_standard.o)
 .text.usb_standard_endpoint_get_status
                0x0000000008001358       0x2a ../../../../../libopencm3//lib/libopencm3_stm32f4.a(usb_standard.o)
 .text.usb_standard_endpoint_stall
                0x0000000008001382       0x10 ../../../../../libopencm3//lib/libopencm3_stm32f4.a(usb_standard.o)
 .text.usb_standard_endpoint_unstall
                0x0000000008001392       0x10 ../../../../../libopencm3//lib/libopencm3_stm32f4.a(usb_standard.o)
 .text.usb_standard_get_descriptor
                0x00000000080013a2      0x2a0 ../../../../../libopencm3//lib/libopencm3_stm32f4.a(usb_standard.o)
 .text.usb_standard_interface_get_status
                0x0000000008001642       0x18 ../../../../../libopencm3//lib/libopencm3_stm32f4.a(usb_standard.o)
 .text.usbd_register_set_config_callback
                0x000000000800165a       0x28 ../../../../../libopencm3//lib/libopencm3_stm32f4.a(usb_standard.o)
                0x000000000800165a                usbd_register_set_config_callback
 *fill*         0x0000000008001682        0x2 
 .text._usbd_standard_request_device
                0x0000000008001684       0x4c ../../../../../libopencm3//lib/libopencm3_stm32f4.a(usb_standard.o)
                0x0000000008001684                _usbd_standard_request_device
 .text._usbd_standard_request_interface
                0x00000000080016d0       0x34 ../../../../../libopencm3//lib/libopencm3_stm32f4.a(usb_standard.o)
                0x00000000080016d0                _usbd_standard_request_interface
 .text._usbd_standard_request_endpoint
                0x0000000008001704       0x40 ../../../../../libopencm3//lib/libopencm3_stm32f4.a(usb_standard.o)
                0x0000000008001704                _usbd_standard_request_endpoint
 .text._usbd_standard_request
                0x0000000008001744       0x38 ../../../../../libopencm3//lib/libopencm3_stm32f4.a(usb_standard.o)
                0x0000000008001744                _usbd_standard_request
 .text.usb_control_send_chunk
                0x000000000800177c       0x52 ../../../../../libopencm3//lib/libopencm3_stm32f4.a(usb_control.o)
 .text.usb_control_request_dispatch
                0x00000000080017ce       0x60 ../../../../../libopencm3//lib/libopencm3_stm32f4.a(usb_control.o)
 .text.stall_transaction
                0x000000000800182e       0x14 ../../../../../libopencm3//lib/libopencm3_stm32f4.a(usb_control.o)
 .text.usb_control_recv_chunk
                0x0000000008001842       0x3c ../../../../../libopencm3//lib/libopencm3_stm32f4.a(usb_control.o)
 .text.usb_control_setup_read
                0x000000000800187e       0x66 ../../../../../libopencm3//lib/libopencm3_stm32f4.a(usb_control.o)
 .text.usbd_register_control_callback
                0x00000000080018e4       0x2c ../../../../../libopencm3//lib/libopencm3_stm32f4.a(usb_control.o)
                0x00000000080018e4                usbd_register_control_callback
 .text._usbd_control_setup
                0x0000000008001910       0x60 ../../../../../libopencm3//lib/libopencm3_stm32f4.a(usb_control.o)
                0x0000000008001910                _usbd_control_setup
 .text._usbd_control_out
                0x0000000008001970       0x82 ../../../../../libopencm3//lib/libopencm3_stm32f4.a(usb_control.o)
                0x0000000008001970                _usbd_control_out
 .text._usbd_control_in
                0x00000000080019f2       0x64 ../../../../../libopencm3//lib/libopencm3_stm32f4.a(usb_control.o)
                0x00000000080019f2                _usbd_control_in
 *fill*         0x0000000008001a56        0x2 
 .text.stm32f107_usbd_init
                0x0000000008001a58       0xa0 ../../../../../libopencm3//lib/libopencm3_stm32f4.a(usb_f107.o)
 .text.stm32f207_usbd_init
                0x0000000008001af8       0x84 ../../../../../libopencm3//lib/libopencm3_stm32f4.a(usb_f207.o)
 .text.blocking_handler
                0x0000000008001b7c        0x2 ../../../../../libopencm3//lib/libopencm3_stm32f4.a(vector.o)
                0x0000000008001b7c                dma2_stream1_isr
                0x0000000008001b7c                tim8_brk_tim12_isr
                0x0000000008001b7c                dma1_stream7_isr
                0x0000000008001b7c                usart3_isr
                0x0000000008001b7c                tim7_isr
                0x0000000008001b7c                dma2d_isr
                0x0000000008001b7c                uart8_isr
                0x0000000008001b7c                dma1_stream2_isr
                0x0000000008001b7c                blocking_handler
                0x0000000008001b7c                tim5_isr
                0x0000000008001b7c                rtc_wkup_isr
                0x0000000008001b7c                spi1_isr
                0x0000000008001b7c                i2c3_er_isr
                0x0000000008001b7c                exti2_isr
                0x0000000008001b7c                spi5_isr
                0x0000000008001b7c                usb_fs_wkup_isr
                0x0000000008001b7c                tamp_stamp_isr
                0x0000000008001b7c                can1_rx1_isr
                0x0000000008001b7c                dma2_stream0_isr
                0x0000000008001b7c                usart1_isr
                0x0000000008001b7c                i2c3_ev_isr
                0x0000000008001b7c                usage_fault_handler
                0x0000000008001b7c                can2_rx0_isr
                0x0000000008001b7c                dma1_stream6_isr
                0x0000000008001b7c                can2_rx1_isr
                0x0000000008001b7c                can1_sce_isr
                0x0000000008001b7c                tim1_cc_isr
                0x0000000008001b7c                can1_tx_isr
                0x0000000008001b7c                tim1_up_tim10_isr
                0x0000000008001b7c                sdio_isr
                0x0000000008001b7c                eth_isr
                0x0000000008001b7c                spi6_isr
                0x0000000008001b7c                dma2_stream5_isr
                0x0000000008001b7c                pvd_isr
                0x0000000008001b7c                can1_rx0_isr
                0x0000000008001b7c                rcc_isr
                0x0000000008001b7c                dma2_stream3_isr
                0x0000000008001b7c                flash_isr
                0x0000000008001b7c                uart4_isr
                0x0000000008001b7c                lcd_tft_isr
                0x0000000008001b7c                rtc_alarm_isr
                0x0000000008001b7c                exti15_10_isr
                0x0000000008001b7c                hash_rng_isr
                0x0000000008001b7c                tim1_trg_com_tim11_isr
                0x0000000008001b7c                hard_fault_handler
                0x0000000008001b7c                exti1_isr
                0x0000000008001b7c                i2c1_ev_isr
                0x0000000008001b7c                usart6_isr
                0x0000000008001b7c                spi2_isr
                0x0000000008001b7c                cryp_isr
                0x0000000008001b7c                nvic_wwdg_isr
                0x0000000008001b7c                dma1_stream1_isr
                0x0000000008001b7c                dma2_stream4_isr
                0x0000000008001b7c                exti3_isr
                0x0000000008001b7c                tim3_isr
                0x0000000008001b7c                usart2_isr
                0x0000000008001b7c                sai1_isr
                0x0000000008001b7c                fpu_isr
                0x0000000008001b7c                dma1_stream4_isr
                0x0000000008001b7c                i2c2_er_isr
                0x0000000008001b7c                i2c2_ev_isr
                0x0000000008001b7c                uart5_isr
                0x0000000008001b7c                dma2_stream6_isr
                0x0000000008001b7c                spi4_isr
                0x0000000008001b7c                adc_isr
                0x0000000008001b7c                dma2_stream7_isr
                0x0000000008001b7c                tim8_up_tim13_isr
                0x0000000008001b7c                fsmc_isr
                0x0000000008001b7c                exti4_isr
                0x0000000008001b7c                tim6_dac_isr
                0x0000000008001b7c                dma1_stream3_isr
                0x0000000008001b7c                tim8_trg_com_tim14_isr
                0x0000000008001b7c                mem_manage_handler
                0x0000000008001b7c                lcd_tft_err_isr
                0x0000000008001b7c                can2_tx_isr
                0x0000000008001b7c                exti9_5_isr
                0x0000000008001b7c                tim1_brk_tim9_isr
                0x0000000008001b7c                uart7_isr
                0x0000000008001b7c                can2_sce_isr
                0x0000000008001b7c                tim4_isr
                0x0000000008001b7c                otg_hs_wkup_isr
                0x0000000008001b7c                i2c1_er_isr
                0x0000000008001b7c                dma1_stream0_isr
                0x0000000008001b7c                tim8_cc_isr
                0x0000000008001b7c                dcmi_isr
                0x0000000008001b7c                dma2_stream2_isr
                0x0000000008001b7c                eth_wkup_isr
                0x0000000008001b7c                bus_fault_handler
                0x0000000008001b7c                otg_hs_ep1_out_isr
                0x0000000008001b7c                spi3_isr
                0x0000000008001b7c                dma1_stream5_isr
                0x0000000008001b7c                otg_hs_ep1_in_isr
                0x0000000008001b7c                tim2_isr
                0x0000000008001b7c                exti0_isr
 .text.null_handler
                0x0000000008001b7e        0x2 ../../../../../libopencm3//lib/libopencm3_stm32f4.a(vector.o)
                0x0000000008001b7e                null_handler
                0x0000000008001b7e                sv_call_handler
                0x0000000008001b7e                pend_sv_handler
                0x0000000008001b7e                debug_monitor_handler
                0x0000000008001b7e                sys_tick_handler
                0x0000000008001b7e                nmi_handler
 .text.reset_handler
                0x0000000008001b80       0xa0 ../../../../../libopencm3//lib/libopencm3_stm32f4.a(vector.o)
                0x0000000008001b80                reset_handler
 .text.nvic_enable_irq
                0x0000000008001c20       0x1c ../../../../../libopencm3//lib/libopencm3_stm32f4.a(nvic.o)
                0x0000000008001c20                nvic_enable_irq
 .text.nvic_set_priority
                0x0000000008001c3c       0x20 ../../../../../libopencm3//lib/libopencm3_stm32f4.a(nvic.o)
                0x0000000008001c3c                nvic_set_priority
 .text.dwt_enable_cycle_counter
                0x0000000008001c5c       0x30 ../../../../../libopencm3//lib/libopencm3_stm32f4.a(dwt.o)
                0x0000000008001c5c                dwt_enable_cycle_counter
 .text.dwt_read_cycle_counter
                0x0000000008001c8c       0x14 ../../../../../libopencm3//lib/libopencm3_stm32f4.a(dwt.o)
                0x0000000008001c8c                dwt_read_cycle_counter
 .text.flash_set_ws
                0x0000000008001ca0       0x18 ../../../../../libopencm3//lib/libopencm3_stm32f4.a(flash_common_all.o)
                0x0000000008001ca0                flash_set_ws
 .text.flash_dcache_enable
                0x0000000008001cb8       0x14 ../../../../../libopencm3//lib/libopencm3_stm32f4.a(flash_common_idcache.o)
                0x0000000008001cb8                flash_dcache_enable
 .text.flash_dcache_disable
                0x0000000008001ccc       0x14 ../../../../../libopencm3//lib/libopencm3_stm32f4.a(flash_common_idcache.o)
                0x0000000008001ccc                flash_dcache_disable
 .text.flash_icache_enable
                0x0000000008001ce0       0x14 ../../../../../libopencm3//lib/libopencm3_stm32f4.a(flash_common_idcache.o)
                0x0000000008001ce0                flash_icache_enable
 .text.flash_icache_disable
                0x0000000008001cf4       0x14 ../../../../../libopencm3//lib/libopencm3_stm32f4.a(flash_common_idcache.o)
                0x0000000008001cf4                flash_icache_disable
 .text.pwr_set_vos_scale
                0x0000000008001d08       0x18 ../../../../../libopencm3//lib/libopencm3_stm32f4.a(pwr.o)
                0x0000000008001d08                pwr_set_vos_scale
 .text.dwc_set_address
                0x0000000008001d20       0x18 ../../../../../libopencm3//lib/libopencm3_stm32f4.a(usb_dwc_common.o)
                0x0000000008001d20                dwc_set_address
 .text.dwc_ep_setup
                0x0000000008001d38      0x136 ../../../../../libopencm3//lib/libopencm3_stm32f4.a(usb_dwc_common.o)
                0x0000000008001d38                dwc_ep_setup
 .text.dwc_endpoints_reset
                0x0000000008001e6e       0x4c ../../../../../libopencm3//lib/libopencm3_stm32f4.a(usb_dwc_common.o)
                0x0000000008001e6e                dwc_endpoints_reset
 .text.dwc_ep_stall_set
                0x0000000008001eba       0x88 ../../../../../libopencm3//lib/libopencm3_stm32f4.a(usb_dwc_common.o)
                0x0000000008001eba                dwc_ep_stall_set
 .text.dwc_ep_stall_get
                0x0000000008001f42       0x28 ../../../../../libopencm3//lib/libopencm3_stm32f4.a(usb_dwc_common.o)
                0x0000000008001f42                dwc_ep_stall_get
 .text.dwc_ep_nak_set
                0x0000000008001f6a       0x28 ../../../../../libopencm3//lib/libopencm3_stm32f4.a(usb_dwc_common.o)
                0x0000000008001f6a                dwc_ep_nak_set
 .text.dwc_ep_write_packet
                0x0000000008001f92       0x52 ../../../../../libopencm3//lib/libopencm3_stm32f4.a(usb_dwc_common.o)
                0x0000000008001f92                dwc_ep_write_packet
 .text.dwc_ep_read_packet
                0x0000000008001fe4       0x74 ../../../../../libopencm3//lib/libopencm3_stm32f4.a(usb_dwc_common.o)
                0x0000000008001fe4                dwc_ep_read_packet
 .text.dwc_poll
                0x0000000008002058      0x206 ../../../../../libopencm3//lib/libopencm3_stm32f4.a(usb_dwc_common.o)
                0x0000000008002058                dwc_poll
 .text.dwc_disconnect
                0x000000000800225e       0x1c ../../../../../libopencm3//lib/libopencm3_stm32f4.a(usb_dwc_common.o)
                0x000000000800225e                dwc_disconnect
 *fill*         0x000000000800227a        0x2 
 .text          0x000000000800227c       0x10 /usr/lib/gcc/arm-none-eabi/10.3.1/../../../arm-none-eabi/lib/thumb/v7e-m+fp/hard/libc.a(lib_a-abort.o)
                0x000000000800227c                abort
 .text          0x000000000800228c       0x34 /usr/lib/gcc/arm-none-eabi/10.3.1/../../../arm-none-eabi/lib/thumb/v7e-m+fp/hard/libc.a(lib_a-fileno.o)
                0x000000000800228c                fileno
 .text          0x00000000080022c0      0x218 /usr/lib/gcc/arm-none-eabi/10.3.1/../../../arm-none-eabi/lib/thumb/v7e-m+fp/hard/libc.a(lib_a-findfp.o)
                0x00000000080022c4                _cleanup_r
                0x00000000080023ac                __sfmoreglue
                0x00000000080023dc                __sfp
                0x0000000008002484                _cleanup
                0x0000000008002498                __sinit
                0x00000000080024a0                __sfp_lock_acquire
                0x00000000080024a4                __sfp_lock_release
                0x00000000080024a8                __sinit_lock_acquire
                0x00000000080024ac                __sinit_lock_release
                0x00000000080024b0                __fp_lock_all
                0x00000000080024c4                __fp_unlock_all
 .text          0x00000000080024d8       0x88 /usr/lib/gcc/arm-none-eabi/10.3.1/../../../arm-none-eabi/lib/thumb/v7e-m+fp/hard/libc.a(lib_a-fwalk.o)
                0x00000000080024d8                _fwalk
                0x0000000008002518                _fwalk_reent
 .text          0x0000000008002560       0x80 /usr/lib/gcc/arm-none-eabi/10.3.1/../../../arm-none-eabi/lib/thumb/v7e-m+fp/hard/libc.a(lib_a-getc.o)
                0x0000000008002560                _getc_r
                0x000000000800259c                getc
 .text          0x00000000080025e0       0x20 /usr/lib/gcc/arm-none-eabi/10.3.1/../../../arm-none-eabi/lib/thumb/v7e-m+fp/hard/libc.a(lib_a-malloc.o)
                0x00000000080025e0                malloc
                0x00000000080025f0                free
 .text          0x0000000008002600      0x554 /usr/lib/gcc/arm-none-eabi/10.3.1/../../../arm-none-eabi/lib/thumb/v7e-m+fp/hard/libc.a(lib_a-mallocr.o)
                0x0000000008002600                _malloc_r
 .text          0x0000000008002b54       0x64 /usr/lib/gcc/arm-none-eabi/10.3.1/../../../arm-none-eabi/lib/thumb/v7e-m+fp/hard/libc.a(lib_a-memcmp.o)
                0x0000000008002b54                memcmp
 .text          0x0000000008002bb8      0x134 /usr/lib/gcc/arm-none-eabi/10.3.1/../../../arm-none-eabi/lib/thumb/v7e-m+fp/hard/libc.a(lib_a-memcpy.o)
                0x0000000008002bb8                memcpy
 .text          0x0000000008002cec       0xa4 /usr/lib/gcc/arm-none-eabi/10.3.1/../../../arm-none-eabi/lib/thumb/v7e-m+fp/hard/libc.a(lib_a-memset.o)
                0x0000000008002cec                memset
 .text          0x0000000008002d90        0x8 /usr/lib/gcc/arm-none-eabi/10.3.1/../../../arm-none-eabi/lib/thumb/v7e-m+fp/hard/libc.a(lib_a-mlock.o)
                0x0000000008002d90                __malloc_lock
                0x0000000008002d94                __malloc_unlock
 .text          0x0000000008002d98       0x48 /usr/lib/gcc/arm-none-eabi/10.3.1/../../../arm-none-eabi/lib/thumb/v7e-m+fp/hard/libc.a(lib_a-printf.o)
                0x0000000008002d98                _printf_r
                0x0000000008002db8                printf
 .text          0x0000000008002de0       0xb8 /usr/lib/gcc/arm-none-eabi/10.3.1/../../../arm-none-eabi/lib/thumb/v7e-m+fp/hard/libc.a(lib_a-putc.o)
                0x0000000008002de0                _putc_r
                0x0000000008002e38                putc
 .text          0x0000000008002e98       0x70 /usr/lib/gcc/arm-none-eabi/10.3.1/../../../arm-none-eabi/lib/thumb/v7e-m+fp/hard/libc.a(lib_a-rget.o)
                0x0000000008002e98                __srget_r
                0x0000000008002ecc                __srget
 .text          0x0000000008002f08      0x174 /usr/lib/gcc/arm-none-eabi/10.3.1/../../../arm-none-eabi/lib/thumb/v7e-m+fp/hard/libc.a(lib_a-setvbuf.o)
                0x0000000008002f08                setvbuf
 .text          0x000000000800307c      0x288 /usr/lib/gcc/arm-none-eabi/10.3.1/../../../arm-none-eabi/lib/thumb/v7e-m+fp/hard/libc.a(lib_a-signal.o)
                0x000000000800307c                _init_signal_r
                0x00000000080030ac                _signal_r
                0x00000000080030f8                _raise_r
                0x0000000008003150                __sigtramp_r
                0x00000000080031b4                raise
                0x0000000008003210                signal
                0x0000000008003264                _init_signal
                0x000000000800329c                __sigtramp
 .text          0x0000000008003304       0x30 /usr/lib/gcc/arm-none-eabi/10.3.1/../../../arm-none-eabi/lib/thumb/v7e-m+fp/hard/libc.a(lib_a-signalr.o)
                0x0000000008003304                _kill_r
                0x0000000008003330                _getpid_r
 .text          0x0000000008003334       0x90 /usr/lib/gcc/arm-none-eabi/10.3.1/../../../arm-none-eabi/lib/thumb/v7e-m+fp/hard/libc.a(lib_a-stdio.o)
                0x0000000008003334                __sread
                0x0000000008003358                __seofread
                0x000000000800335c                __swrite
                0x000000000800339c                __sseek
                0x00000000080033bc                __sclose
 *fill*         0x00000000080033c4       0x1c 
 .text          0x00000000080033e0      0x2dc /usr/lib/gcc/arm-none-eabi/10.3.1/../../../arm-none-eabi/lib/thumb/v7e-m+fp/hard/libc.a(lib_a-strcmp.o)
                0x00000000080033e8                strcmp
 *fill*         0x00000000080036bc        0x4 
 .text          0x00000000080036c0       0xdc /usr/lib/gcc/arm-none-eabi/10.3.1/../../../arm-none-eabi/lib/thumb/v7e-m+fp/hard/libc.a(lib_a-strlen.o)
                0x00000000080036c0                strlen
 .text          0x000000000800379c       0x80 /usr/lib/gcc/arm-none-eabi/10.3.1/../../../arm-none-eabi/lib/thumb/v7e-m+fp/hard/libc.a(lib_a-strncmp.o)
                0x000000000800379c                strncmp
 *fill*         0x000000000800381c        0x4 
 .text          0x0000000008003820     0x159c /usr/lib/gcc/arm-none-eabi/10.3.1/../../../arm-none-eabi/lib/thumb/v7e-m+fp/hard/libc.a(lib_a-vfprintf.o)
                0x0000000008003820                _vfprintf_r
                0x0000000008004d34                vfprintf
 .text          0x0000000008004dbc       0xc8 /usr/lib/gcc/arm-none-eabi/10.3.1/../../../arm-none-eabi/lib/thumb/v7e-m+fp/hard/libc.a(lib_a-wbuf.o)
                0x0000000008004dbc                __swbuf_r
                0x0000000008004e6c                __swbuf
 .text          0x0000000008004e84       0xd4 /usr/lib/gcc/arm-none-eabi/10.3.1/../../../arm-none-eabi/lib/thumb/v7e-m+fp/hard/libc.a(lib_a-wsetup.o)
                0x0000000008004e84                __swsetup_r
 .text          0x0000000008004f58     0x1064 /usr/lib/gcc/arm-none-eabi/10.3.1/../../../arm-none-eabi/lib/thumb/v7e-m+fp/hard/libc.a(lib_a-dtoa.o)
                0x0000000008005080                _dtoa_r
 .text          0x0000000008005fbc       0xd4 /usr/lib/gcc/arm-none-eabi/10.3.1/../../../arm-none-eabi/lib/thumb/v7e-m+fp/hard/libc.a(lib_a-fclose.o)
                0x0000000008006020                _fclose_r
                0x0000000008006054                fclose
 .text          0x0000000008006090      0x1ac /usr/lib/gcc/arm-none-eabi/10.3.1/../../../arm-none-eabi/lib/thumb/v7e-m+fp/hard/libc.a(lib_a-fflush.o)
                0x0000000008006090                __sflush_r
                0x00000000080061c0                _fflush_r
                0x00000000080061ec                fflush
 .text          0x000000000800623c      0x2ac /usr/lib/gcc/arm-none-eabi/10.3.1/../../../arm-none-eabi/lib/thumb/v7e-m+fp/hard/libc.a(lib_a-freer.o)
                0x000000000800623c                _malloc_trim_r
                0x00000000080062dc                _free_r
 .text          0x00000000080064e8       0x14 /usr/lib/gcc/arm-none-eabi/10.3.1/../../../arm-none-eabi/lib/thumb/v7e-m+fp/hard/libc.a(lib_a-localeconv.o)
                0x00000000080064e8                __localeconv_l
                0x00000000080064ec                _localeconv_r
                0x00000000080064f4                localeconv
 .text          0x00000000080064fc      0x140 /usr/lib/gcc/arm-none-eabi/10.3.1/../../../arm-none-eabi/lib/thumb/v7e-m+fp/hard/libc.a(lib_a-makebuf.o)
                0x00000000080064fc                __smakebuf_r
                0x00000000080065dc                __swhatbuf_r
 *fill*         0x000000000800663c        0x4 
 .text          0x0000000008006640       0xa0 /usr/lib/gcc/arm-none-eabi/10.3.1/../../../arm-none-eabi/lib/thumb/v7e-m+fp/hard/libc.a(lib_a-memchr.o)
                0x0000000008006640                memchr
 .text          0x00000000080066e0      0xaa0 /usr/lib/gcc/arm-none-eabi/10.3.1/../../../arm-none-eabi/lib/thumb/v7e-m+fp/hard/libc.a(lib_a-mprec.o)
                0x00000000080066e0                _Balloc
                0x000000000800672c                _Bfree
                0x0000000008006740                __multadd
                0x00000000080067e8                __s2b
                0x000000000800689c                __hi0bits
                0x00000000080068dc                __lo0bits
                0x000000000800693c                __i2b
                0x0000000008006998                __multiply
                0x0000000008006af4                __pow5mult
                0x0000000008006bb4                __lshift
                0x0000000008006ca4                __mcmp
                0x0000000008006ce8                __mdiff
                0x0000000008006e34                __ulp
                0x0000000008006e94                __b2d
                0x0000000008006f54                __d2b
                0x0000000008007024                __ratio
                0x0000000008007080                _mprec_log10
                0x00000000080070c0                __copybits
                0x000000000800711c                __any_on
 .text          0x0000000008007180      0x128 /usr/lib/gcc/arm-none-eabi/10.3.1/../../../arm-none-eabi/lib/thumb/v7e-m+fp/hard/libc.a(lib_a-refill.o)
                0x0000000008007194                __srefill_r
 .text          0x00000000080072a8      0xd44 /usr/lib/gcc/arm-none-eabi/10.3.1/../../../arm-none-eabi/lib/thumb/v7e-m+fp/hard/libc.a(lib_a-vfiprintf.o)
                0x0000000008007320                __sprint_r
                0x0000000008007338                _vfiprintf_r
                0x0000000008007f64                vfiprintf
 .text          0x0000000008007fec       0x4c /usr/lib/gcc/arm-none-eabi/10.3.1/../../../arm-none-eabi/lib/thumb/v7e-m+fp/hard/libc.a(lib_a-assert.o)
                0x0000000008007fec                __assert_func
                0x000000000800802c                __assert
 .text          0x0000000008008038       0x60 /usr/lib/gcc/arm-none-eabi/10.3.1/../../../arm-none-eabi/lib/thumb/v7e-m+fp/hard/libc.a(lib_a-callocr.o)
                0x0000000008008038                _calloc_r
 .text          0x0000000008008098       0x44 /usr/lib/gcc/arm-none-eabi/10.3.1/../../../arm-none-eabi/lib/thumb/v7e-m+fp/hard/libc.a(lib_a-fiprintf.o)
                0x0000000008008098                _fiprintf_r
                0x00000000080080b4                fiprintf
 .text          0x00000000080080dc      0x118 /usr/lib/gcc/arm-none-eabi/10.3.1/../../../arm-none-eabi/lib/thumb/v7e-m+fp/hard/libc.a(lib_a-fputwc.o)
                0x00000000080080dc                __fputwc
                0x0000000008008184                _fputwc_r
                0x00000000080081ac                fputwc
 .text          0x00000000080081f4      0x2f0 /usr/lib/gcc/arm-none-eabi/10.3.1/../../../arm-none-eabi/lib/thumb/v7e-m+fp/hard/libc.a(lib_a-fvwrite.o)
                0x00000000080081f4                __sfvwrite_r
 .text          0x00000000080084e4       0x24 /usr/lib/gcc/arm-none-eabi/10.3.1/../../../arm-none-eabi/lib/thumb/v7e-m+fp/hard/libc.a(lib_a-isattyr.o)
                0x00000000080084e4                _isatty_r
 .text          0x0000000008008508       0x8c /usr/lib/gcc/arm-none-eabi/10.3.1/../../../arm-none-eabi/lib/thumb/v7e-m+fp/hard/libc.a(lib_a-locale.o)
                0x0000000008008508                _setlocale_r
                0x0000000008008548                __locale_mb_cur_max
                0x0000000008008554                setlocale
 .text          0x0000000008008594       0x40 /usr/lib/gcc/arm-none-eabi/10.3.1/../../../arm-none-eabi/lib/thumb/v7e-m+fp/hard/libc.a(lib_a-mbtowc_r.o)
                0x0000000008008594                _mbtowc_r
                0x00000000080085a8                __ascii_mbtowc
 .text          0x00000000080085d4       0xf8 /usr/lib/gcc/arm-none-eabi/10.3.1/../../../arm-none-eabi/lib/thumb/v7e-m+fp/hard/libc.a(lib_a-memmove.o)
                0x00000000080085d4                memmove
 .text          0x00000000080086cc      0x3d8 /usr/lib/gcc/arm-none-eabi/10.3.1/../../../arm-none-eabi/lib/thumb/v7e-m+fp/hard/libc.a(lib_a-reallocr.o)
                0x00000000080086cc                _realloc_r
 .text          0x0000000008008aa4       0x88 /usr/lib/gcc/arm-none-eabi/10.3.1/../../../arm-none-eabi/lib/thumb/v7e-m+fp/hard/libc.a(lib_a-wcrtomb.o)
                0x0000000008008aa4                _wcrtomb_r
                0x0000000008008ae0                wcrtomb
 .text          0x0000000008008b2c       0x30 /usr/lib/gcc/arm-none-eabi/10.3.1/../../../arm-none-eabi/lib/thumb/v7e-m+fp/hard/libc.a(lib_a-wctomb_r.o)
                0x0000000008008b2c                _wctomb_r
                0x0000000008008b40                __ascii_wctomb
 .text          0x0000000008008b5c      0x378 /usr/lib/gcc/arm-none-eabi/10.3.1/thumb/v7e-m+fp/hard/libgcc.a(_arm_addsubdf3.o)
                0x0000000008008b5c                __aeabi_drsub
                0x0000000008008b64                __aeabi_dsub
                0x0000000008008b64                __subdf3
                0x0000000008008b68                __adddf3
                0x0000000008008b68                __aeabi_dadd
                0x0000000008008de0                __aeabi_ui2d
                0x0000000008008de0                __floatunsidf
                0x0000000008008e00                __floatsidf
                0x0000000008008e00                __aeabi_i2d
                0x0000000008008e24                __extendsfdf2
                0x0000000008008e24                __aeabi_f2d
                0x0000000008008e68                __aeabi_ul2d
                0x0000000008008e68                __floatundidf
                0x0000000008008e78                __floatdidf
                0x0000000008008e78                __aeabi_l2d
 .text          0x0000000008008ed4      0x424 /usr/lib/gcc/arm-none-eabi/10.3.1/thumb/v7e-m+fp/hard/libgcc.a(_arm_muldivdf3.o)
                0x0000000008008ed4                __aeabi_dmul
                0x0000000008008ed4                __muldf3
                0x0000000008009128                __aeabi_ddiv
                0x0000000008009128                __divdf3
 .text          0x00000000080092f8      0x110 /usr/lib/gcc/arm-none-eabi/10.3.1/thumb/v7e-m+fp/hard/libgcc.a(_arm_cmpdf2.o)
                0x00000000080092f8                __gtdf2
                0x00000000080092f8                __gedf2
                0x0000000008009300                __ltdf2
                0x0000000008009300                __ledf2
                0x0000000008009308                __cmpdf2
                0x0000000008009308                __eqdf2
                0x0000000008009308                __nedf2
                0x0000000008009384                __aeabi_cdrcmple
                0x0000000008009394                __aeabi_cdcmple
                0x0000000008009394                __aeabi_cdcmpeq
                0x00000000080093a4                __aeabi_dcmpeq
                0x00000000080093b8                __aeabi_dcmplt
                0x00000000080093cc                __aeabi_dcmple
                0x00000000080093e0                __aeabi_dcmpge
                0x00000000080093f4                __aeabi_dcmpgt
 .text          0x0000000008009408       0x2c /usr/lib/gcc/arm-none-eabi/10.3.1/thumb/v7e-m+fp/hard/libgcc.a(_arm_unorddf2.o)
                0x0000000008009408                __aeabi_dcmpun
                0x0000000008009408                __unorddf2
 .text          0x0000000008009434       0x50 /usr/lib/gcc/arm-none-eabi/10.3.1/thumb/v7e-m+fp/hard/libgcc.a(_arm_fixdfsi.o)
                0x0000000008009434                __fixdfsi
                0x0000000008009434                __aeabi_d2iz
 .text          0x0000000008009484       0x30 /usr/lib/gcc/arm-none-eabi/10.3.1/thumb/v7e-m+fp/hard/libgcc.a(_aeabi_uldivmod.o)
                0x0000000008009484                __aeabi_uldivmod
 .text          0x00000000080094b4      0x2d0 /usr/lib/gcc/arm-none-eabi/10.3.1/thumb/v7e-m+fp/hard/libgcc.a(_udivmoddi4.o)
                0x00000000080094b4                __udivmoddi4
 .text          0x0000000008009784        0x4 /usr/lib/gcc/arm-none-eabi/10.3.1/thumb/v7e-m+fp/hard/libgcc.a(_dvmd_tls.o)
                0x0000000008009784                __aeabi_ldiv0
                0x0000000008009784                __aeabi_idiv0
 .text          0x0000000008009788       0x10 /usr/lib/gcc/arm-none-eabi/10.3.1/../../../arm-none-eabi/lib/thumb/v7e-m+fp/hard/libnosys.a(close.o)
                0x0000000008009788                _close
 .text          0x0000000008009798       0x10 /usr/lib/gcc/arm-none-eabi/10.3.1/../../../arm-none-eabi/lib/thumb/v7e-m+fp/hard/libnosys.a(fstat.o)
                0x0000000008009798                _fstat
 .text          0x00000000080097a8       0x10 /usr/lib/gcc/arm-none-eabi/10.3.1/../../../arm-none-eabi/lib/thumb/v7e-m+fp/hard/libnosys.a(getpid.o)
                0x00000000080097a8                _getpid
 .text          0x00000000080097b8       0x10 /usr/lib/gcc/arm-none-eabi/10.3.1/../../../arm-none-eabi/lib/thumb/v7e-m+fp/hard/libnosys.a(isatty.o)
                0x00000000080097b8                _isatty
 .text          0x00000000080097c8       0x10 /usr/lib/gcc/arm-none-eabi/10.3.1/../../../arm-none-eabi/lib/thumb/v7e-m+fp/hard/libnosys.a(kill.o)
                0x00000000080097c8                _kill
 .text          0x00000000080097d8       0x10 /usr/lib/gcc/arm-none-eabi/10.3.1/../../../arm-none-eabi/lib/thumb/v7e-m+fp/hard/libnosys.a(lseek.o)
                0x00000000080097d8                _lseek
 .text          0x00000000080097e8       0x10 /usr/lib/gcc/arm-none-eabi/10.3.1/../../../arm-none-eabi/lib/thumb/v7e-m+fp/hard/libnosys.a(open.o)
                0x00000000080097e8                _open
 .text          0x00000000080097f8       0x10 /usr/lib/gcc/arm-none-eabi/10.3.1/../../../arm-none-eabi/lib/thumb/v7e-m+fp/hard/libnosys.a(read.o)
                0x00000000080097f8                _read
 .text          0x0000000008009808       0x1c /usr/lib/gcc/arm-none-eabi/10.3.1/../../../arm-none-eabi/lib/thumb/v7e-m+fp/hard/libnosys.a(sbrk.o)
                0x0000000008009808                _sbrk
 .text          0x0000000008009824       0x10 /usr/lib/gcc/arm-none-eabi/10.3.1/../../../arm-none-eabi/lib/thumb/v7e-m+fp/hard/libnosys.a(stat.o)
                0x0000000008009824                _stat
 .text          0x0000000008009834       0x10 /usr/lib/gcc/arm-none-eabi/10.3.1/../../../arm-none-eabi/lib/thumb/v7e-m+fp/hard/libnosys.a(write.o)
                0x0000000008009834                _write
 .text          0x0000000008009844        0x4 /usr/lib/gcc/arm-none-eabi/10.3.1/../../../arm-none-eabi/lib/thumb/v7e-m+fp/hard/libnosys.a(_exit.o)
                0x0000000008009844                _exit
                0x0000000008009848                . = ALIGN (0x4)
 *(.rodata*)
 .rodata.str1.1
                0x0000000008009848        0x7 stm_comm.o
 *fill*         0x000000000800984f        0x1 
 .rodata        0x0000000008009850       0x14 sha1_sw.o
 .rodata.main.str1.1
                0x0000000008009864      0x1f6 main.o
                                        0x200 (size before relaxing)
 *fill*         0x0000000008009a5a        0x2 
 .rodata.expected.0
                0x0000000008009a5c       0x14 main.o
 .rodata.str1.1
                0x0000000008009a70       0x25 ../../../../../libopencm3-plus//lib/libopencm3_plus_stm32f429idiscovery.a(cdcacm.o)
                                         0x2c (size before relaxing)
 .rodata.cdcacm_functional_descriptors
                0x0000000008009a95       0x13 ../../../../../libopencm3-plus//lib/libopencm3_plus_stm32f429idiscovery.a(cdcacm.o)
 .rodata.comm_endp
                0x0000000008009aa8        0xf ../../../../../libopencm3-plus//lib/libopencm3_plus_stm32f429idiscovery.a(cdcacm.o)
 .rodata.comm_iface
                0x0000000008009ab7       0x15 ../../../../../libopencm3-plus//lib/libopencm3_plus_stm32f429idiscovery.a(cdcacm.o)
 .rodata.config
                0x0000000008009acc        0xd ../../../../../libopencm3-plus//lib/libopencm3_plus_stm32f429idiscovery.a(cdcacm.o)
 .rodata.data_endp
                0x0000000008009ad9       0x1e ../../../../../libopencm3-plus//lib/libopencm3_plus_stm32f429idiscovery.a(cdcacm.o)
 .rodata.data_iface
                0x0000000008009af7       0x15 ../../../../../libopencm3-plus//lib/libopencm3_plus_stm32f429idiscovery.a(cdcacm.o)
 .rodata.dev    0x0000000008009b0c       0x12 ../../../../../libopencm3-plus//lib/libopencm3_plus_stm32f429idiscovery.a(cdcacm.o)
 *fill*         0x0000000008009b1e        0x2 
 .rodata.ifaces
                0x0000000008009b20       0x20 ../../../../../libopencm3-plus//lib/libopencm3_plus_stm32f429idiscovery.a(cdcacm.o)
 .rodata.str1.1
                0x0000000008009b40        0x5 ../../../../../libopencm3-plus//lib/libopencm3_plus_stm32f429idiscovery.a(null.o)
 .rodata.desig_get_unique_id_as_string.str1.1
                0x0000000008009b45       0x11 ../../../../../libopencm3//lib/libopencm3_stm32f4.a(desig_common_all.o)
 *fill*         0x0000000008009b56        0x2 
 .rodata.rcc_hse_8mhz_3v3
                0x0000000008009b58       0x54 ../../../../../libopencm3//lib/libopencm3_stm32f4.a(rcc.o)
                0x0000000008009b58                rcc_hse_8mhz_3v3
 .rodata.stm32f107_usb_driver
                0x0000000008009bac       0x34 ../../../../../libopencm3//lib/libopencm3_stm32f4.a(usb_f107.o)
                0x0000000008009bac                stm32f107_usb_driver
 .rodata.stm32f207_usb_driver
                0x0000000008009be0       0x34 ../../../../../libopencm3//lib/libopencm3_stm32f4.a(usb_f207.o)
                0x0000000008009be0                stm32f207_usb_driver
 .rodata        0x0000000008009c14        0x4 /usr/lib/gcc/arm-none-eabi/10.3.1/../../../arm-none-eabi/lib/thumb/v7e-m+fp/hard/libc.a(lib_a-impure.o)
                0x0000000008009c14                _global_impure_ptr
 .rodata.str1.4
                0x0000000008009c18       0x42 /usr/lib/gcc/arm-none-eabi/10.3.1/../../../arm-none-eabi/lib/thumb/v7e-m+fp/hard/libc.a(lib_a-vfprintf.o)
 *fill*         0x0000000008009c5a        0x2 
 .rodata        0x0000000008009c5c       0x20 /usr/lib/gcc/arm-none-eabi/10.3.1/../../../arm-none-eabi/lib/thumb/v7e-m+fp/hard/libc.a(lib_a-vfprintf.o)
 .rodata.str1.4
                0x0000000008009c7c       0x56 /usr/lib/gcc/arm-none-eabi/10.3.1/../../../arm-none-eabi/lib/thumb/v7e-m+fp/hard/libc.a(lib_a-dtoa.o)
                                         0x5a (size before relaxing)
 *fill*         0x0000000008009cd2        0x2 
 .rodata.str1.4
                0x0000000008009cd4       0x33 /usr/lib/gcc/arm-none-eabi/10.3.1/../../../arm-none-eabi/lib/thumb/v7e-m+fp/hard/libc.a(lib_a-mprec.o)
                                         0x47 (size before relaxing)
 *fill*         0x0000000008009d07        0x1 
 .rodata        0x0000000008009d08      0x128 /usr/lib/gcc/arm-none-eabi/10.3.1/../../../arm-none-eabi/lib/thumb/v7e-m+fp/hard/libc.a(lib_a-mprec.o)
                0x0000000008009d18                __mprec_tens
                0x0000000008009de0                __mprec_tinytens
                0x0000000008009e08                __mprec_bigtens
 .rodata.str1.4
                0x0000000008009e30       0x2f /usr/lib/gcc/arm-none-eabi/10.3.1/../../../arm-none-eabi/lib/thumb/v7e-m+fp/hard/libc.a(lib_a-vfiprintf.o)
 .rodata        0x0000000008009e30       0x20 /usr/lib/gcc/arm-none-eabi/10.3.1/../../../arm-none-eabi/lib/thumb/v7e-m+fp/hard/libc.a(lib_a-vfiprintf.o)
 .rodata.str1.4
                0x0000000008009e50       0x3f /usr/lib/gcc/arm-none-eabi/10.3.1/../../../arm-none-eabi/lib/thumb/v7e-m+fp/hard/libc.a(lib_a-assert.o)
                                         0x43 (size before relaxing)
 *fill*         0x0000000008009e8f        0x1 
 .rodata.str1.4
                0x0000000008009e90        0xe /usr/lib/gcc/arm-none-eabi/10.3.1/../../../arm-none-eabi/lib/thumb/v7e-m+fp/hard/libc.a(lib_a-locale.o)
                                         0x12 (size before relaxing)
 *fill*         0x0000000008009e9e        0x2 
 .rodata        0x0000000008009ea0      0x101 /usr/lib/gcc/arm-none-eabi/10.3.1/../../../arm-none-eabi/lib/thumb/v7e-m+fp/hard/libc.a(lib_a-ctype_.o)
                0x0000000008009ea0                _ctype_
                0x0000000008009fa4                . = ALIGN (0x4)
 *fill*         0x0000000008009fa1        0x3 

.glue_7         0x0000000008009fa4        0x0
 .glue_7        0x0000000008009fa4        0x0 linker stubs

.glue_7t        0x0000000008009fa4        0x0
 .glue_7t       0x0000000008009fa4        0x0 linker stubs

.vfp11_veneer   0x0000000008009fa4        0x0
 .vfp11_veneer  0x0000000008009fa4        0x0 linker stubs

.v4_bx          0x0000000008009fa4        0x0
 .v4_bx         0x0000000008009fa4        0x0 linker stubs

.iplt           0x0000000008009fa4        0x0
 .iplt          0x0000000008009fa4        0x0 stm_comm.o

.preinit_array  0x0000000008009fa4        0x0
                0x0000000008009fa4                . = ALIGN (0x4)
                0x0000000008009fa4                __preinit_array_start = .
 *(.preinit_array)
                0x0000000008009fa4                __preinit_array_end = .

.init_array     0x0000000008009fa4        0x0
                0x0000000008009fa4                . = ALIGN (0x4)
                0x0000000008009fa4                __init_array_start = .
 *(SORT_BY_NAME(.init_array.*))
 *(.init_array)
                0x0000000008009fa4                __init_array_end = .

.fini_array     0x0000000008009fa4        0x0
                0x0000000008009fa4                . = ALIGN (0x4)
                0x0000000008009fa4                __fini_array_start = .
 *(.fini_array)
 *(SORT_BY_NAME(.fini_array.*))
                0x0000000008009fa4                __fini_array_end = .

.ARM.extab
 *(.ARM.extab*)

.ARM.exidx      0x0000000008009fa4        0x8
                0x0000000008009fa4                __exidx_start = .
 *(.ARM.exidx*)
 .ARM.exidx     0x0000000008009fa4        0x8 /usr/lib/gcc/arm-none-eabi/10.3.1/thumb/v7e-m+fp/hard/libgcc.a(_udivmoddi4.o)
                0x0000000008009fac                __exidx_end = .

.rel.dyn        0x0000000008009fac        0x0
 .rel.iplt      0x0000000008009fac        0x0 stm_comm.o
                0x0000000008009fac                . = ALIGN (0x4)
                0x0000000008009fac                _etext = .

.noinit
 *(.noinit*)
                0x0000000008009fac                . = ALIGN (0x4)

.data           0x0000000020000000      0xa0c load address 0x0000000008009fac
                0x0000000020000000                _data = .
 *(.data*)
 .data.stm_comm_usb_devoptab
                0x0000000020000000       0x18 stm_comm.o
 .data.cdcacm_sent
                0x0000000020000018        0x4 ../../../../../libopencm3-plus//lib/libopencm3_plus_stm32f429idiscovery.a(cdcacm.o)
                0x0000000020000018                cdcacm_sent
 .data.usb_strings
                0x000000002000001c        0xc ../../../../../libopencm3-plus//lib/libopencm3_plus_stm32f429idiscovery.a(cdcacm.o)
 .data.devoptab_list
                0x0000000020000028       0x10 ../../../../../libopencm3-plus//lib/libopencm3_plus_stm32f429idiscovery.a(syscall.o)
                0x0000000020000028                devoptab_list
 .data.dotab_null
                0x0000000020000038       0x18 ../../../../../libopencm3-plus//lib/libopencm3_plus_stm32f429idiscovery.a(null.o)
                0x0000000020000038                dotab_null
 .data.rcc_ahb_frequency
                0x0000000020000050        0x4 ../../../../../libopencm3//lib/libopencm3_stm32f4.a(rcc.o)
                0x0000000020000050                rcc_ahb_frequency
 .data.rcc_apb1_frequency
                0x0000000020000054        0x4 ../../../../../libopencm3//lib/libopencm3_stm32f4.a(rcc.o)
                0x0000000020000054                rcc_apb1_frequency
 .data.rcc_apb2_frequency
                0x0000000020000058        0x4 ../../../../../libopencm3//lib/libopencm3_stm32f4.a(rcc.o)
                0x0000000020000058                rcc_apb2_frequency
 *fill*         0x000000002000005c        0x4 
 .data          0x0000000020000060      0x430 /usr/lib/gcc/arm-none-eabi/10.3.1/../../../arm-none-eabi/lib/thumb/v7e-m+fp/hard/libc.a(lib_a-impure.o)
                0x0000000020000060                _impure_ptr
 .data          0x0000000020000490      0x410 /usr/lib/gcc/arm-none-eabi/10.3.1/../../../arm-none-eabi/lib/thumb/v7e-m+fp/hard/libc.a(lib_a-mallocr.o)
                0x0000000020000490                __malloc_av_
                0x0000000020000898                __malloc_sbrk_base
                0x000000002000089c                __malloc_trim_threshold
 .data          0x00000000200008a0      0x16c /usr/lib/gcc/arm-none-eabi/10.3.1/../../../arm-none-eabi/lib/thumb/v7e-m+fp/hard/libc.a(lib_a-locale.o)
                0x00000000200008a0                __global_locale
 *(.ramtext*)
                0x0000000020000a0c                . = ALIGN (0x4)
                0x0000000020000a0c                _edata = .
                0x0000000008009fac                _data_loadaddr = LOADADDR (.data)

.igot.plt       0x0000000020000a0c        0x0 load address 0x000000000800a9b8
 .igot.plt      0x0000000020000a0c        0x0 stm_comm.o

.bss            0x0000000020000a0c     0x3340 load address 0x000000000800a9b8
 *(.bss*)
 .bss.length.0  0x0000000020000a0c        0x4 stm_comm.o
 .bss.overflow.1
                0x0000000020000a10        0x1 stm_comm.o
 .bss.skip_next_lf.2
                0x0000000020000a11        0x1 stm_comm.o
 .bss.cycle_counter_available
                0x0000000020000a12        0x1 main.o
 .bss.buf.0     0x0000000020000a13       0x40 ../../../../../libopencm3-plus//lib/libopencm3_plus_stm32f429idiscovery.a(cdcacm.o)
 *fill*         0x0000000020000a53        0x1 
 .bss.cdc_cbuf_in
                0x0000000020000a54       0x1c ../../../../../libopencm3-plus//lib/libopencm3_plus_stm32f429idiscovery.a(cdcacm.o)
                0x0000000020000a54                cdc_cbuf_in
 .bss.configured
                0x0000000020000a70        0x4 ../../../../../libopencm3-plus//lib/libopencm3_plus_stm32f429idiscovery.a(cdcacm.o)
 .bss.serial_no
                0x0000000020000a74        0x9 ../../../../../libopencm3-plus//lib/libopencm3_plus_stm32f429idiscovery.a(cdcacm.o)
                0x0000000020000a74                serial_no
 .bss.usbd_control_buffer
                0x0000000020000a7d       0x80 ../../../../../libopencm3-plus//lib/libopencm3_plus_stm32f429idiscovery.a(cdcacm.o)
                0x0000000020000a7d                usbd_control_buffer
 *fill*         0x0000000020000afd        0x3 
 .bss.usbdev    0x0000000020000b00        0x4 ../../../../../libopencm3-plus//lib/libopencm3_plus_stm32f429idiscovery.a(cdcacm.o)
                0x0000000020000b00                usbdev
 .bss._heap     0x0000000020000b04     0x3000 ../../../../../libopencm3-plus//lib/libopencm3_plus_stm32f429idiscovery.a(syscall.o)
                0x0000000020000b04                _heap
 .bss.heap_end.0
                0x0000000020003b04        0x4 ../../../../../libopencm3-plus//lib/libopencm3_plus_stm32f429idiscovery.a(syscall.o)
 .bss.usbd_dev  0x0000000020003b08      0x104 ../../../../../libopencm3//lib/libopencm3_stm32f4.a(usb_f107.o)
 .bss.usbd_dev  0x0000000020003c0c      0x104 ../../../../../libopencm3//lib/libopencm3_stm32f4.a(usb_f207.o)
 .bss           0x0000000020003d10       0x34 /usr/lib/gcc/arm-none-eabi/10.3.1/../../../arm-none-eabi/lib/thumb/v7e-m+fp/hard/libc.a(lib_a-mallocr.o)
                0x0000000020003d10                __malloc_top_pad
                0x0000000020003d14                __malloc_current_mallinfo
                0x0000000020003d3c                __malloc_max_sbrked_mem
                0x0000000020003d40                __malloc_max_total_mem
 .bss           0x0000000020003d44        0x4 /usr/lib/gcc/arm-none-eabi/10.3.1/../../../arm-none-eabi/lib/thumb/v7e-m+fp/hard/libc.a(lib_a-reent.o)
                0x0000000020003d44                errno
 .bss           0x0000000020003d48        0x4 /usr/lib/gcc/arm-none-eabi/10.3.1/../../../arm-none-eabi/lib/thumb/v7e-m+fp/hard/libnosys.a(sbrk.o)
 *(COMMON)
                0x0000000020003d4c                . = ALIGN (0x4)
                0x0000000020003d4c                _ebss = .

/DISCARD/
 *(.eh_frame)
                0x0000000020003d4c                . = ALIGN (0x4)
                0x0000000020003d4c                end = .
                0x0000000020030000                PROVIDE (_stack = (ORIGIN (ram) + LENGTH (ram)))
OUTPUT(main.elf elf32-littlearm)
LOAD linker stubs

.debug_info     0x0000000000000000    0x30171
 .debug_info    0x0000000000000000      0xdfb stm_comm.o
 .debug_info    0x0000000000000dfb      0x46b sha1_sw.o
 .debug_info    0x0000000000001266     0x1060 main.o
 .debug_info    0x00000000000022c6     0x1093 ../../../../../libopencm3-plus//lib/libopencm3_plus_stm32f429idiscovery.a(cdcacm.o)
 .debug_info    0x0000000000003359      0x76e ../../../../../libopencm3-plus//lib/libopencm3_plus_stm32f429idiscovery.a(stm32f_4_411_429i_discovery.o)
 .debug_info    0x0000000000003ac7      0x352 ../../../../../libopencm3-plus//lib/libopencm3_plus_stm32f429idiscovery.a(data_structs.o)
 .debug_info    0x0000000000003e19      0x4af ../../../../../libopencm3-plus//lib/libopencm3_plus_stm32f429idiscovery.a(misc.o)
 .debug_info    0x00000000000042c8     0x1047 ../../../../../libopencm3-plus//lib/libopencm3_plus_stm32f429idiscovery.a(syscall.o)
 .debug_info    0x000000000000530f      0x2b4 ../../../../../libopencm3-plus//lib/libopencm3_plus_stm32f429idiscovery.a(null.o)
 .debug_info    0x00000000000055c3      0x22c ../../../../../libopencm3//lib/libopencm3_stm32f4.a(desig_common_all.o)
 .debug_info    0x00000000000057ef       0xcf ../../../../../libopencm3//lib/libopencm3_stm32f4.a(desig_common_v1.o)
 .debug_info    0x00000000000058be      0x24e ../../../../../libopencm3//lib/libopencm3_stm32f4.a(gpio_common_all.o)
 .debug_info    0x0000000000005b0c      0x20f ../../../../../libopencm3//lib/libopencm3_stm32f4.a(gpio_common_f0234.o)
 .debug_info    0x0000000000005d1b      0x950 ../../../../../libopencm3//lib/libopencm3_stm32f4.a(rcc_common_all.o)
 .debug_info    0x000000000000666b     0x1020 ../../../../../libopencm3//lib/libopencm3_stm32f4.a(rcc.o)
 .debug_info    0x000000000000768b      0xf56 ../../../../../libopencm3//lib/libopencm3_stm32f4.a(usb.o)
 .debug_info    0x00000000000085e1     0x1668 ../../../../../libopencm3//lib/libopencm3_stm32f4.a(usb_standard.o)
 .debug_info    0x0000000000009c49     0x1023 ../../../../../libopencm3//lib/libopencm3_stm32f4.a(usb_control.o)
 .debug_info    0x000000000000ac6c      0xeb1 ../../../../../libopencm3//lib/libopencm3_stm32f4.a(usb_f107.o)
 .debug_info    0x000000000000bb1d      0xeb1 ../../../../../libopencm3//lib/libopencm3_stm32f4.a(usb_f207.o)
 .debug_info    0x000000000000c9ce      0x2e6 ../../../../../libopencm3//lib/libopencm3_stm32f4.a(vector.o)
 .debug_info    0x000000000000ccb4      0x22d ../../../../../libopencm3//lib/libopencm3_stm32f4.a(nvic.o)
 .debug_info    0x000000000000cee1       0xaf ../../../../../libopencm3//lib/libopencm3_stm32f4.a(dwt.o)
 .debug_info    0x000000000000cf90       0xf0 ../../../../../libopencm3//lib/libopencm3_stm32f4.a(flash_common_all.o)
 .debug_info    0x000000000000d080       0xe8 ../../../../../libopencm3//lib/libopencm3_stm32f4.a(flash_common_idcache.o)
 .debug_info    0x000000000000d168       0xdc ../../../../../libopencm3//lib/libopencm3_stm32f4.a(pwr.o)
 .debug_info    0x000000000000d244      0xf30 ../../../../../libopencm3//lib/libopencm3_stm32f4.a(usb_dwc_common.o)
 .debug_info    0x000000000000e174       0xcb /usr/lib/gcc/arm-none-eabi/10.3.1/../../../arm-none-eabi/lib/thumb/v7e-m+fp/hard/libc.a(lib_a-abort.o)
 .debug_info    0x000000000000e23f      0x97b /usr/lib/gcc/arm-none-eabi/10.3.1/../../../arm-none-eabi/lib/thumb/v7e-m+fp/hard/libc.a(lib_a-fileno.o)
 .debug_info    0x000000000000ebba      0xf66 /usr/lib/gcc/arm-none-eabi/10.3.1/../../../arm-none-eabi/lib/thumb/v7e-m+fp/hard/libc.a(lib_a-findfp.o)
 .debug_info    0x000000000000fb20      0xa66 /usr/lib/gcc/arm-none-eabi/10.3.1/../../../arm-none-eabi/lib/thumb/v7e-m+fp/hard/libc.a(lib_a-fwalk.o)
 .debug_info    0x0000000000010586      0xa4e /usr/lib/gcc/arm-none-eabi/10.3.1/../../../arm-none-eabi/lib/thumb/v7e-m+fp/hard/libc.a(lib_a-getc.o)
 .debug_info    0x0000000000010fd4      0x92a /usr/lib/gcc/arm-none-eabi/10.3.1/../../../arm-none-eabi/lib/thumb/v7e-m+fp/hard/libc.a(lib_a-impure.o)
 .debug_info    0x00000000000118fe      0x998 /usr/lib/gcc/arm-none-eabi/10.3.1/../../../arm-none-eabi/lib/thumb/v7e-m+fp/hard/libc.a(lib_a-malloc.o)
 .debug_info    0x0000000000012296      0xe95 /usr/lib/gcc/arm-none-eabi/10.3.1/../../../arm-none-eabi/lib/thumb/v7e-m+fp/hard/libc.a(lib_a-mallocr.o)
 .debug_info    0x000000000001312b      0x138 /usr/lib/gcc/arm-none-eabi/10.3.1/../../../arm-none-eabi/lib/thumb/v7e-m+fp/hard/libc.a(lib_a-memcmp.o)
 .debug_info    0x0000000000013263       0x26 /usr/lib/gcc/arm-none-eabi/10.3.1/../../../arm-none-eabi/lib/thumb/v7e-m+fp/hard/libc.a(lib_a-memcpy.o)
 .debug_info    0x0000000000013289      0x137 /usr/lib/gcc/arm-none-eabi/10.3.1/../../../arm-none-eabi/lib/thumb/v7e-m+fp/hard/libc.a(lib_a-memset.o)
 .debug_info    0x00000000000133c0      0x942 /usr/lib/gcc/arm-none-eabi/10.3.1/../../../arm-none-eabi/lib/thumb/v7e-m+fp/hard/libc.a(lib_a-mlock.o)
 .debug_info    0x0000000000013d02      0xa31 /usr/lib/gcc/arm-none-eabi/10.3.1/../../../arm-none-eabi/lib/thumb/v7e-m+fp/hard/libc.a(lib_a-printf.o)
 .debug_info    0x0000000000014733      0xb1a /usr/lib/gcc/arm-none-eabi/10.3.1/../../../arm-none-eabi/lib/thumb/v7e-m+fp/hard/libc.a(lib_a-putc.o)
 .debug_info    0x000000000001524d      0xa5d /usr/lib/gcc/arm-none-eabi/10.3.1/../../../arm-none-eabi/lib/thumb/v7e-m+fp/hard/libc.a(lib_a-rget.o)
 .debug_info    0x0000000000015caa      0xade /usr/lib/gcc/arm-none-eabi/10.3.1/../../../arm-none-eabi/lib/thumb/v7e-m+fp/hard/libc.a(lib_a-setvbuf.o)
 .debug_info    0x0000000000016788      0xf32 /usr/lib/gcc/arm-none-eabi/10.3.1/../../../arm-none-eabi/lib/thumb/v7e-m+fp/hard/libc.a(lib_a-signal.o)
 .debug_info    0x00000000000176ba      0x9d7 /usr/lib/gcc/arm-none-eabi/10.3.1/../../../arm-none-eabi/lib/thumb/v7e-m+fp/hard/libc.a(lib_a-signalr.o)
 .debug_info    0x0000000000018091      0xc22 /usr/lib/gcc/arm-none-eabi/10.3.1/../../../arm-none-eabi/lib/thumb/v7e-m+fp/hard/libc.a(lib_a-stdio.o)
 .debug_info    0x0000000000018cb3       0x26 /usr/lib/gcc/arm-none-eabi/10.3.1/../../../arm-none-eabi/lib/thumb/v7e-m+fp/hard/libc.a(lib_a-strcmp.o)
 .debug_info    0x0000000000018cd9       0x26 /usr/lib/gcc/arm-none-eabi/10.3.1/../../../arm-none-eabi/lib/thumb/v7e-m+fp/hard/libc.a(lib_a-strlen.o)
 .debug_info    0x0000000000018cff      0x110 /usr/lib/gcc/arm-none-eabi/10.3.1/../../../arm-none-eabi/lib/thumb/v7e-m+fp/hard/libc.a(lib_a-strncmp.o)
 .debug_info    0x0000000000018e0f     0x1b11 /usr/lib/gcc/arm-none-eabi/10.3.1/../../../arm-none-eabi/lib/thumb/v7e-m+fp/hard/libc.a(lib_a-vfprintf.o)
 .debug_info    0x000000000001a920      0xa5f /usr/lib/gcc/arm-none-eabi/10.3.1/../../../arm-none-eabi/lib/thumb/v7e-m+fp/hard/libc.a(lib_a-wbuf.o)
 .debug_info    0x000000000001b37f      0x9c2 /usr/lib/gcc/arm-none-eabi/10.3.1/../../../arm-none-eabi/lib/thumb/v7e-m+fp/hard/libc.a(lib_a-wsetup.o)
 .debug_info    0x000000000001bd41     0x1a53 /usr/lib/gcc/arm-none-eabi/10.3.1/../../../arm-none-eabi/lib/thumb/v7e-m+fp/hard/libc.a(lib_a-dtoa.o)
 .debug_info    0x000000000001d794      0xb4a /usr/lib/gcc/arm-none-eabi/10.3.1/../../../arm-none-eabi/lib/thumb/v7e-m+fp/hard/libc.a(lib_a-fclose.o)
 .debug_info    0x000000000001e2de      0xbe3 /usr/lib/gcc/arm-none-eabi/10.3.1/../../../arm-none-eabi/lib/thumb/v7e-m+fp/hard/libc.a(lib_a-fflush.o)
 .debug_info    0x000000000001eec1      0xd10 /usr/lib/gcc/arm-none-eabi/10.3.1/../../../arm-none-eabi/lib/thumb/v7e-m+fp/hard/libc.a(lib_a-freer.o)
 .debug_info    0x000000000001fbd1      0xc3e /usr/lib/gcc/arm-none-eabi/10.3.1/../../../arm-none-eabi/lib/thumb/v7e-m+fp/hard/libc.a(lib_a-localeconv.o)
 .debug_info    0x000000000002080f      0xdf2 /usr/lib/gcc/arm-none-eabi/10.3.1/../../../arm-none-eabi/lib/thumb/v7e-m+fp/hard/libc.a(lib_a-makebuf.o)
 .debug_info    0x0000000000021601       0x26 /usr/lib/gcc/arm-none-eabi/10.3.1/../../../arm-none-eabi/lib/thumb/v7e-m+fp/hard/libc.a(lib_a-memchr.o)
 .debug_info    0x0000000000021627     0x20d2 /usr/lib/gcc/arm-none-eabi/10.3.1/../../../arm-none-eabi/lib/thumb/v7e-m+fp/hard/libc.a(lib_a-mprec.o)
 .debug_info    0x00000000000236f9      0xbda /usr/lib/gcc/arm-none-eabi/10.3.1/../../../arm-none-eabi/lib/thumb/v7e-m+fp/hard/libc.a(lib_a-reent.o)
 .debug_info    0x00000000000242d3      0xaab /usr/lib/gcc/arm-none-eabi/10.3.1/../../../arm-none-eabi/lib/thumb/v7e-m+fp/hard/libc.a(lib_a-refill.o)
 .debug_info    0x0000000000024d7e     0x1926 /usr/lib/gcc/arm-none-eabi/10.3.1/../../../arm-none-eabi/lib/thumb/v7e-m+fp/hard/libc.a(lib_a-vfiprintf.o)
 .debug_info    0x00000000000266a4      0xa23 /usr/lib/gcc/arm-none-eabi/10.3.1/../../../arm-none-eabi/lib/thumb/v7e-m+fp/hard/libc.a(lib_a-assert.o)
 .debug_info    0x00000000000270c7      0xa81 /usr/lib/gcc/arm-none-eabi/10.3.1/../../../arm-none-eabi/lib/thumb/v7e-m+fp/hard/libc.a(lib_a-callocr.o)
 .debug_info    0x0000000000027b48      0xa5f /usr/lib/gcc/arm-none-eabi/10.3.1/../../../arm-none-eabi/lib/thumb/v7e-m+fp/hard/libc.a(lib_a-fiprintf.o)
 .debug_info    0x00000000000285a7      0xc12 /usr/lib/gcc/arm-none-eabi/10.3.1/../../../arm-none-eabi/lib/thumb/v7e-m+fp/hard/libc.a(lib_a-fputwc.o)
 .debug_info    0x00000000000291b9      0xcc4 /usr/lib/gcc/arm-none-eabi/10.3.1/../../../arm-none-eabi/lib/thumb/v7e-m+fp/hard/libc.a(lib_a-fvwrite.o)
 .debug_info    0x0000000000029e7d      0x96b /usr/lib/gcc/arm-none-eabi/10.3.1/../../../arm-none-eabi/lib/thumb/v7e-m+fp/hard/libc.a(lib_a-isattyr.o)
 .debug_info    0x000000000002a7e8      0xe0a /usr/lib/gcc/arm-none-eabi/10.3.1/../../../arm-none-eabi/lib/thumb/v7e-m+fp/hard/libc.a(lib_a-locale.o)
 .debug_info    0x000000000002b5f2      0xccd /usr/lib/gcc/arm-none-eabi/10.3.1/../../../arm-none-eabi/lib/thumb/v7e-m+fp/hard/libc.a(lib_a-mbtowc_r.o)
 .debug_info    0x000000000002c2bf      0x152 /usr/lib/gcc/arm-none-eabi/10.3.1/../../../arm-none-eabi/lib/thumb/v7e-m+fp/hard/libc.a(lib_a-memmove.o)
 .debug_info    0x000000000002c411      0xdb4 /usr/lib/gcc/arm-none-eabi/10.3.1/../../../arm-none-eabi/lib/thumb/v7e-m+fp/hard/libc.a(lib_a-reallocr.o)
 .debug_info    0x000000000002d1c5      0xd4f /usr/lib/gcc/arm-none-eabi/10.3.1/../../../arm-none-eabi/lib/thumb/v7e-m+fp/hard/libc.a(lib_a-wcrtomb.o)
 .debug_info    0x000000000002df14      0xc86 /usr/lib/gcc/arm-none-eabi/10.3.1/../../../arm-none-eabi/lib/thumb/v7e-m+fp/hard/libc.a(lib_a-wctomb_r.o)
 .debug_info    0x000000000002eb9a       0xb8 /usr/lib/gcc/arm-none-eabi/10.3.1/../../../arm-none-eabi/lib/thumb/v7e-m+fp/hard/libc.a(lib_a-ctype_.o)
 .debug_info    0x000000000002ec52       0x26 /usr/lib/gcc/arm-none-eabi/10.3.1/thumb/v7e-m+fp/hard/libgcc.a(_arm_addsubdf3.o)
 .debug_info    0x000000000002ec78       0x26 /usr/lib/gcc/arm-none-eabi/10.3.1/thumb/v7e-m+fp/hard/libgcc.a(_arm_muldivdf3.o)
 .debug_info    0x000000000002ec9e       0x26 /usr/lib/gcc/arm-none-eabi/10.3.1/thumb/v7e-m+fp/hard/libgcc.a(_arm_cmpdf2.o)
 .debug_info    0x000000000002ecc4       0x26 /usr/lib/gcc/arm-none-eabi/10.3.1/thumb/v7e-m+fp/hard/libgcc.a(_arm_unorddf2.o)
 .debug_info    0x000000000002ecea       0x26 /usr/lib/gcc/arm-none-eabi/10.3.1/thumb/v7e-m+fp/hard/libgcc.a(_arm_fixdfsi.o)
 .debug_info    0x000000000002ed10       0x26 /usr/lib/gcc/arm-none-eabi/10.3.1/thumb/v7e-m+fp/hard/libgcc.a(_aeabi_uldivmod.o)
 .debug_info    0x000000000002ed36      0x717 /usr/lib/gcc/arm-none-eabi/10.3.1/thumb/v7e-m+fp/hard/libgcc.a(_udivmoddi4.o)
 .debug_info    0x000000000002f44d       0x26 /usr/lib/gcc/arm-none-eabi/10.3.1/thumb/v7e-m+fp/hard/libgcc.a(_dvmd_tls.o)
 .debug_info    0x000000000002f473       0xb1 /usr/lib/gcc/arm-none-eabi/10.3.1/../../../arm-none-eabi/lib/thumb/v7e-m+fp/hard/libnosys.a(close.o)
 .debug_info    0x000000000002f524      0x2cc /usr/lib/gcc/arm-none-eabi/10.3.1/../../../arm-none-eabi/lib/thumb/v7e-m+fp/hard/libnosys.a(fstat.o)
 .debug_info    0x000000000002f7f0       0x9c /usr/lib/gcc/arm-none-eabi/10.3.1/../../../arm-none-eabi/lib/thumb/v7e-m+fp/hard/libnosys.a(getpid.o)
 .debug_info    0x000000000002f88c       0xb1 /usr/lib/gcc/arm-none-eabi/10.3.1/../../../arm-none-eabi/lib/thumb/v7e-m+fp/hard/libnosys.a(isatty.o)
 .debug_info    0x000000000002f93d       0xbf /usr/lib/gcc/arm-none-eabi/10.3.1/../../../arm-none-eabi/lib/thumb/v7e-m+fp/hard/libnosys.a(kill.o)
 .debug_info    0x000000000002f9fc       0xd3 /usr/lib/gcc/arm-none-eabi/10.3.1/../../../arm-none-eabi/lib/thumb/v7e-m+fp/hard/libnosys.a(lseek.o)
 .debug_info    0x000000000002facf       0xd9 /usr/lib/gcc/arm-none-eabi/10.3.1/../../../arm-none-eabi/lib/thumb/v7e-m+fp/hard/libnosys.a(open.o)
 .debug_info    0x000000000002fba8       0xd9 /usr/lib/gcc/arm-none-eabi/10.3.1/../../../arm-none-eabi/lib/thumb/v7e-m+fp/hard/libnosys.a(read.o)
 .debug_info    0x000000000002fc81       0x9d /usr/lib/gcc/arm-none-eabi/10.3.1/../../../arm-none-eabi/lib/thumb/v7e-m+fp/hard/libnosys.a(sbrk.o)
 .debug_info    0x000000000002fd1e      0x2d7 /usr/lib/gcc/arm-none-eabi/10.3.1/../../../arm-none-eabi/lib/thumb/v7e-m+fp/hard/libnosys.a(stat.o)
 .debug_info    0x000000000002fff5       0xd9 /usr/lib/gcc/arm-none-eabi/10.3.1/../../../arm-none-eabi/lib/thumb/v7e-m+fp/hard/libnosys.a(write.o)
 .debug_info    0x00000000000300ce       0xa3 /usr/lib/gcc/arm-none-eabi/10.3.1/../../../arm-none-eabi/lib/thumb/v7e-m+fp/hard/libnosys.a(_exit.o)

.debug_abbrev   0x0000000000000000     0xa6e1
 .debug_abbrev  0x0000000000000000      0x362 stm_comm.o
 .debug_abbrev  0x0000000000000362      0x1a2 sha1_sw.o
 .debug_abbrev  0x0000000000000504      0x2f1 main.o
 .debug_abbrev  0x00000000000007f5      0x39f ../../../../../libopencm3-plus//lib/libopencm3_plus_stm32f429idiscovery.a(cdcacm.o)
 .debug_abbrev  0x0000000000000b94      0x10c ../../../../../libopencm3-plus//lib/libopencm3_plus_stm32f429idiscovery.a(stm32f_4_411_429i_discovery.o)
 .debug_abbrev  0x0000000000000ca0      0x175 ../../../../../libopencm3-plus//lib/libopencm3_plus_stm32f429idiscovery.a(data_structs.o)
 .debug_abbrev  0x0000000000000e15      0x133 ../../../../../libopencm3-plus//lib/libopencm3_plus_stm32f429idiscovery.a(misc.o)
 .debug_abbrev  0x0000000000000f48      0x2ff ../../../../../libopencm3-plus//lib/libopencm3_plus_stm32f429idiscovery.a(syscall.o)
 .debug_abbrev  0x0000000000001247      0x152 ../../../../../libopencm3-plus//lib/libopencm3_plus_stm32f429idiscovery.a(null.o)
 .debug_abbrev  0x0000000000001399       0xdd ../../../../../libopencm3//lib/libopencm3_stm32f4.a(desig_common_all.o)
 .debug_abbrev  0x0000000000001476       0x91 ../../../../../libopencm3//lib/libopencm3_stm32f4.a(desig_common_v1.o)
 .debug_abbrev  0x0000000000001507      0x116 ../../../../../libopencm3//lib/libopencm3_stm32f4.a(gpio_common_all.o)
 .debug_abbrev  0x000000000000161d       0xbf ../../../../../libopencm3//lib/libopencm3_stm32f4.a(gpio_common_f0234.o)
 .debug_abbrev  0x00000000000016dc      0x177 ../../../../../libopencm3//lib/libopencm3_stm32f4.a(rcc_common_all.o)
 .debug_abbrev  0x0000000000001853      0x2ba ../../../../../libopencm3//lib/libopencm3_stm32f4.a(rcc.o)
 .debug_abbrev  0x0000000000001b0d      0x27c ../../../../../libopencm3//lib/libopencm3_stm32f4.a(usb.o)
 .debug_abbrev  0x0000000000001d89      0x4b8 ../../../../../libopencm3//lib/libopencm3_stm32f4.a(usb_standard.o)
 .debug_abbrev  0x0000000000002241      0x3a8 ../../../../../libopencm3//lib/libopencm3_stm32f4.a(usb_control.o)
 .debug_abbrev  0x00000000000025e9      0x213 ../../../../../libopencm3//lib/libopencm3_stm32f4.a(usb_f107.o)
 .debug_abbrev  0x00000000000027fc      0x213 ../../../../../libopencm3//lib/libopencm3_stm32f4.a(usb_f207.o)
 .debug_abbrev  0x0000000000002a0f      0x15b ../../../../../libopencm3//lib/libopencm3_stm32f4.a(vector.o)
 .debug_abbrev  0x0000000000002b6a       0xb5 ../../../../../libopencm3//lib/libopencm3_stm32f4.a(nvic.o)
 .debug_abbrev  0x0000000000002c1f       0x58 ../../../../../libopencm3//lib/libopencm3_stm32f4.a(dwt.o)
 .debug_abbrev  0x0000000000002c77       0x9a ../../../../../libopencm3//lib/libopencm3_stm32f4.a(flash_common_all.o)
 .debug_abbrev  0x0000000000002d11       0x56 ../../../../../libopencm3//lib/libopencm3_stm32f4.a(flash_common_idcache.o)
 .debug_abbrev  0x0000000000002d67       0x9c ../../../../../libopencm3//lib/libopencm3_stm32f4.a(pwr.o)
 .debug_abbrev  0x0000000000002e03      0x399 ../../../../../libopencm3//lib/libopencm3_stm32f4.a(usb_dwc_common.o)
 .debug_abbrev  0x000000000000319c       0x80 /usr/lib/gcc/arm-none-eabi/10.3.1/../../../arm-none-eabi/lib/thumb/v7e-m+fp/hard/libc.a(lib_a-abort.o)
 .debug_abbrev  0x000000000000321c      0x20d /usr/lib/gcc/arm-none-eabi/10.3.1/../../../arm-none-eabi/lib/thumb/v7e-m+fp/hard/libc.a(lib_a-fileno.o)
 .debug_abbrev  0x0000000000003429      0x41a /usr/lib/gcc/arm-none-eabi/10.3.1/../../../arm-none-eabi/lib/thumb/v7e-m+fp/hard/libc.a(lib_a-findfp.o)
 .debug_abbrev  0x0000000000003843      0x1fe /usr/lib/gcc/arm-none-eabi/10.3.1/../../../arm-none-eabi/lib/thumb/v7e-m+fp/hard/libc.a(lib_a-fwalk.o)
 .debug_abbrev  0x0000000000003a41      0x265 /usr/lib/gcc/arm-none-eabi/10.3.1/../../../arm-none-eabi/lib/thumb/v7e-m+fp/hard/libc.a(lib_a-getc.o)
 .debug_abbrev  0x0000000000003ca6      0x1b8 /usr/lib/gcc/arm-none-eabi/10.3.1/../../../arm-none-eabi/lib/thumb/v7e-m+fp/hard/libc.a(lib_a-impure.o)
 .debug_abbrev  0x0000000000003e5e      0x21d /usr/lib/gcc/arm-none-eabi/10.3.1/../../../arm-none-eabi/lib/thumb/v7e-m+fp/hard/libc.a(lib_a-malloc.o)
 .debug_abbrev  0x000000000000407b      0x2f6 /usr/lib/gcc/arm-none-eabi/10.3.1/../../../arm-none-eabi/lib/thumb/v7e-m+fp/hard/libc.a(lib_a-mallocr.o)
 .debug_abbrev  0x0000000000004371       0x8d /usr/lib/gcc/arm-none-eabi/10.3.1/../../../arm-none-eabi/lib/thumb/v7e-m+fp/hard/libc.a(lib_a-memcmp.o)
 .debug_abbrev  0x00000000000043fe       0x14 /usr/lib/gcc/arm-none-eabi/10.3.1/../../../arm-none-eabi/lib/thumb/v7e-m+fp/hard/libc.a(lib_a-memcpy.o)
 .debug_abbrev  0x0000000000004412       0xb4 /usr/lib/gcc/arm-none-eabi/10.3.1/../../../arm-none-eabi/lib/thumb/v7e-m+fp/hard/libc.a(lib_a-memset.o)
 .debug_abbrev  0x00000000000044c6      0x1f0 /usr/lib/gcc/arm-none-eabi/10.3.1/../../../arm-none-eabi/lib/thumb/v7e-m+fp/hard/libc.a(lib_a-mlock.o)
 .debug_abbrev  0x00000000000046b6      0x27a /usr/lib/gcc/arm-none-eabi/10.3.1/../../../arm-none-eabi/lib/thumb/v7e-m+fp/hard/libc.a(lib_a-printf.o)
 .debug_abbrev  0x0000000000004930      0x2c7 /usr/lib/gcc/arm-none-eabi/10.3.1/../../../arm-none-eabi/lib/thumb/v7e-m+fp/hard/libc.a(lib_a-putc.o)
 .debug_abbrev  0x0000000000004bf7      0x28c /usr/lib/gcc/arm-none-eabi/10.3.1/../../../arm-none-eabi/lib/thumb/v7e-m+fp/hard/libc.a(lib_a-rget.o)
 .debug_abbrev  0x0000000000004e83      0x283 /usr/lib/gcc/arm-none-eabi/10.3.1/../../../arm-none-eabi/lib/thumb/v7e-m+fp/hard/libc.a(lib_a-setvbuf.o)
 .debug_abbrev  0x0000000000005106      0x321 /usr/lib/gcc/arm-none-eabi/10.3.1/../../../arm-none-eabi/lib/thumb/v7e-m+fp/hard/libc.a(lib_a-signal.o)
 .debug_abbrev  0x0000000000005427      0x242 /usr/lib/gcc/arm-none-eabi/10.3.1/../../../arm-none-eabi/lib/thumb/v7e-m+fp/hard/libc.a(lib_a-signalr.o)
 .debug_abbrev  0x0000000000005669      0x262 /usr/lib/gcc/arm-none-eabi/10.3.1/../../../arm-none-eabi/lib/thumb/v7e-m+fp/hard/libc.a(lib_a-stdio.o)
 .debug_abbrev  0x00000000000058cb       0x14 /usr/lib/gcc/arm-none-eabi/10.3.1/../../../arm-none-eabi/lib/thumb/v7e-m+fp/hard/libc.a(lib_a-strcmp.o)
 .debug_abbrev  0x00000000000058df       0x14 /usr/lib/gcc/arm-none-eabi/10.3.1/../../../arm-none-eabi/lib/thumb/v7e-m+fp/hard/libc.a(lib_a-strlen.o)
 .debug_abbrev  0x00000000000058f3       0x8f /usr/lib/gcc/arm-none-eabi/10.3.1/../../../arm-none-eabi/lib/thumb/v7e-m+fp/hard/libc.a(lib_a-strncmp.o)
 .debug_abbrev  0x0000000000005982      0x44f /usr/lib/gcc/arm-none-eabi/10.3.1/../../../arm-none-eabi/lib/thumb/v7e-m+fp/hard/libc.a(lib_a-vfprintf.o)
 .debug_abbrev  0x0000000000005dd1      0x286 /usr/lib/gcc/arm-none-eabi/10.3.1/../../../arm-none-eabi/lib/thumb/v7e-m+fp/hard/libc.a(lib_a-wbuf.o)
 .debug_abbrev  0x0000000000006057      0x246 /usr/lib/gcc/arm-none-eabi/10.3.1/../../../arm-none-eabi/lib/thumb/v7e-m+fp/hard/libc.a(lib_a-wsetup.o)
 .debug_abbrev  0x000000000000629d      0x323 /usr/lib/gcc/arm-none-eabi/10.3.1/../../../arm-none-eabi/lib/thumb/v7e-m+fp/hard/libc.a(lib_a-dtoa.o)
 .debug_abbrev  0x00000000000065c0      0x2f1 /usr/lib/gcc/arm-none-eabi/10.3.1/../../../arm-none-eabi/lib/thumb/v7e-m+fp/hard/libc.a(lib_a-fclose.o)
 .debug_abbrev  0x00000000000068b1      0x336 /usr/lib/gcc/arm-none-eabi/10.3.1/../../../arm-none-eabi/lib/thumb/v7e-m+fp/hard/libc.a(lib_a-fflush.o)
 .debug_abbrev  0x0000000000006be7      0x2b1 /usr/lib/gcc/arm-none-eabi/10.3.1/../../../arm-none-eabi/lib/thumb/v7e-m+fp/hard/libc.a(lib_a-freer.o)
 .debug_abbrev  0x0000000000006e98      0x26a /usr/lib/gcc/arm-none-eabi/10.3.1/../../../arm-none-eabi/lib/thumb/v7e-m+fp/hard/libc.a(lib_a-localeconv.o)
 .debug_abbrev  0x0000000000007102      0x2df /usr/lib/gcc/arm-none-eabi/10.3.1/../../../arm-none-eabi/lib/thumb/v7e-m+fp/hard/libc.a(lib_a-makebuf.o)
 .debug_abbrev  0x00000000000073e1       0x14 /usr/lib/gcc/arm-none-eabi/10.3.1/../../../arm-none-eabi/lib/thumb/v7e-m+fp/hard/libc.a(lib_a-memchr.o)
 .debug_abbrev  0x00000000000073f5      0x4ae /usr/lib/gcc/arm-none-eabi/10.3.1/../../../arm-none-eabi/lib/thumb/v7e-m+fp/hard/libc.a(lib_a-mprec.o)
 .debug_abbrev  0x00000000000078a3      0x2f4 /usr/lib/gcc/arm-none-eabi/10.3.1/../../../arm-none-eabi/lib/thumb/v7e-m+fp/hard/libc.a(lib_a-reent.o)
 .debug_abbrev  0x0000000000007b97      0x289 /usr/lib/gcc/arm-none-eabi/10.3.1/../../../arm-none-eabi/lib/thumb/v7e-m+fp/hard/libc.a(lib_a-refill.o)
 .debug_abbrev  0x0000000000007e20      0x430 /usr/lib/gcc/arm-none-eabi/10.3.1/../../../arm-none-eabi/lib/thumb/v7e-m+fp/hard/libc.a(lib_a-vfiprintf.o)
 .debug_abbrev  0x0000000000008250      0x22a /usr/lib/gcc/arm-none-eabi/10.3.1/../../../arm-none-eabi/lib/thumb/v7e-m+fp/hard/libc.a(lib_a-assert.o)
 .debug_abbrev  0x000000000000847a      0x241 /usr/lib/gcc/arm-none-eabi/10.3.1/../../../arm-none-eabi/lib/thumb/v7e-m+fp/hard/libc.a(lib_a-callocr.o)
 .debug_abbrev  0x00000000000086bb      0x255 /usr/lib/gcc/arm-none-eabi/10.3.1/../../../arm-none-eabi/lib/thumb/v7e-m+fp/hard/libc.a(lib_a-fiprintf.o)
 .debug_abbrev  0x0000000000008910      0x34f /usr/lib/gcc/arm-none-eabi/10.3.1/../../../arm-none-eabi/lib/thumb/v7e-m+fp/hard/libc.a(lib_a-fputwc.o)
 .debug_abbrev  0x0000000000008c5f      0x25e /usr/lib/gcc/arm-none-eabi/10.3.1/../../../arm-none-eabi/lib/thumb/v7e-m+fp/hard/libc.a(lib_a-fvwrite.o)
 .debug_abbrev  0x0000000000008ebd      0x212 /usr/lib/gcc/arm-none-eabi/10.3.1/../../../arm-none-eabi/lib/thumb/v7e-m+fp/hard/libc.a(lib_a-isattyr.o)
 .debug_abbrev  0x00000000000090cf      0x2f5 /usr/lib/gcc/arm-none-eabi/10.3.1/../../../arm-none-eabi/lib/thumb/v7e-m+fp/hard/libc.a(lib_a-locale.o)
 .debug_abbrev  0x00000000000093c4      0x247 /usr/lib/gcc/arm-none-eabi/10.3.1/../../../arm-none-eabi/lib/thumb/v7e-m+fp/hard/libc.a(lib_a-mbtowc_r.o)
 .debug_abbrev  0x000000000000960b       0xc0 /usr/lib/gcc/arm-none-eabi/10.3.1/../../../arm-none-eabi/lib/thumb/v7e-m+fp/hard/libc.a(lib_a-memmove.o)
 .debug_abbrev  0x00000000000096cb      0x275 /usr/lib/gcc/arm-none-eabi/10.3.1/../../../arm-none-eabi/lib/thumb/v7e-m+fp/hard/libc.a(lib_a-reallocr.o)
 .debug_abbrev  0x0000000000009940      0x254 /usr/lib/gcc/arm-none-eabi/10.3.1/../../../arm-none-eabi/lib/thumb/v7e-m+fp/hard/libc.a(lib_a-wcrtomb.o)
 .debug_abbrev  0x0000000000009b94      0x251 /usr/lib/gcc/arm-none-eabi/10.3.1/../../../arm-none-eabi/lib/thumb/v7e-m+fp/hard/libc.a(lib_a-wctomb_r.o)
 .debug_abbrev  0x0000000000009de5       0x62 /usr/lib/gcc/arm-none-eabi/10.3.1/../../../arm-none-eabi/lib/thumb/v7e-m+fp/hard/libc.a(lib_a-ctype_.o)
 .debug_abbrev  0x0000000000009e47       0x14 /usr/lib/gcc/arm-none-eabi/10.3.1/thumb/v7e-m+fp/hard/libgcc.a(_arm_addsubdf3.o)
 .debug_abbrev  0x0000000000009e5b       0x14 /usr/lib/gcc/arm-none-eabi/10.3.1/thumb/v7e-m+fp/hard/libgcc.a(_arm_muldivdf3.o)
 .debug_abbrev  0x0000000000009e6f       0x14 /usr/lib/gcc/arm-none-eabi/10.3.1/thumb/v7e-m+fp/hard/libgcc.a(_arm_cmpdf2.o)
 .debug_abbrev  0x0000000000009e83       0x14 /usr/lib/gcc/arm-none-eabi/10.3.1/thumb/v7e-m+fp/hard/libgcc.a(_arm_unorddf2.o)
 .debug_abbrev  0x0000000000009e97       0x14 /usr/lib/gcc/arm-none-eabi/10.3.1/thumb/v7e-m+fp/hard/libgcc.a(_arm_fixdfsi.o)
 .debug_abbrev  0x0000000000009eab       0x14 /usr/lib/gcc/arm-none-eabi/10.3.1/thumb/v7e-m+fp/hard/libgcc.a(_aeabi_uldivmod.o)
 .debug_abbrev  0x0000000000009ebf      0x163 /usr/lib/gcc/arm-none-eabi/10.3.1/thumb/v7e-m+fp/hard/libgcc.a(_udivmoddi4.o)
 .debug_abbrev  0x000000000000a022       0x14 /usr/lib/gcc/arm-none-eabi/10.3.1/thumb/v7e-m+fp/hard/libgcc.a(_dvmd_tls.o)
 .debug_abbrev  0x000000000000a036       0x6d /usr/lib/gcc/arm-none-eabi/10.3.1/../../../arm-none-eabi/lib/thumb/v7e-m+fp/hard/libnosys.a(close.o)
 .debug_abbrev  0x000000000000a0a3       0xcc /usr/lib/gcc/arm-none-eabi/10.3.1/../../../arm-none-eabi/lib/thumb/v7e-m+fp/hard/libnosys.a(fstat.o)
 .debug_abbrev  0x000000000000a16f       0x59 /usr/lib/gcc/arm-none-eabi/10.3.1/../../../arm-none-eabi/lib/thumb/v7e-m+fp/hard/libnosys.a(getpid.o)
 .debug_abbrev  0x000000000000a1c8       0x6d /usr/lib/gcc/arm-none-eabi/10.3.1/../../../arm-none-eabi/lib/thumb/v7e-m+fp/hard/libnosys.a(isatty.o)
 .debug_abbrev  0x000000000000a235       0x7e /usr/lib/gcc/arm-none-eabi/10.3.1/../../../arm-none-eabi/lib/thumb/v7e-m+fp/hard/libnosys.a(kill.o)
 .debug_abbrev  0x000000000000a2b3       0x92 /usr/lib/gcc/arm-none-eabi/10.3.1/../../../arm-none-eabi/lib/thumb/v7e-m+fp/hard/libnosys.a(lseek.o)
 .debug_abbrev  0x000000000000a345       0x87 /usr/lib/gcc/arm-none-eabi/10.3.1/../../../arm-none-eabi/lib/thumb/v7e-m+fp/hard/libnosys.a(open.o)
 .debug_abbrev  0x000000000000a3cc       0x9b /usr/lib/gcc/arm-none-eabi/10.3.1/../../../arm-none-eabi/lib/thumb/v7e-m+fp/hard/libnosys.a(read.o)
 .debug_abbrev  0x000000000000a467       0xa2 /usr/lib/gcc/arm-none-eabi/10.3.1/../../../arm-none-eabi/lib/thumb/v7e-m+fp/hard/libnosys.a(sbrk.o)
 .debug_abbrev  0x000000000000a509       0xd3 /usr/lib/gcc/arm-none-eabi/10.3.1/../../../arm-none-eabi/lib/thumb/v7e-m+fp/hard/libnosys.a(stat.o)
 .debug_abbrev  0x000000000000a5dc       0x9b /usr/lib/gcc/arm-none-eabi/10.3.1/../../../arm-none-eabi/lib/thumb/v7e-m+fp/hard/libnosys.a(write.o)
 .debug_abbrev  0x000000000000a677       0x6a /usr/lib/gcc/arm-none-eabi/10.3.1/../../../arm-none-eabi/lib/thumb/v7e-m+fp/hard/libnosys.a(_exit.o)

.debug_loc      0x0000000000000000    0x19f3d
 .debug_loc     0x0000000000000000      0x2dd stm_comm.o
 .debug_loc     0x00000000000002dd      0x47d sha1_sw.o
 .debug_loc     0x000000000000075a      0x511 main.o
 .debug_loc     0x0000000000000c6b      0x436 ../../../../../libopencm3-plus//lib/libopencm3_plus_stm32f429idiscovery.a(cdcacm.o)
 .debug_loc     0x00000000000010a1      0x26d ../../../../../libopencm3-plus//lib/libopencm3_plus_stm32f429idiscovery.a(data_structs.o)
 .debug_loc     0x000000000000130e      0x5b1 ../../../../../libopencm3-plus//lib/libopencm3_plus_stm32f429idiscovery.a(misc.o)
 .debug_loc     0x00000000000018bf      0x410 ../../../../../libopencm3-plus//lib/libopencm3_plus_stm32f429idiscovery.a(syscall.o)
 .debug_loc     0x0000000000001ccf       0x6f ../../../../../libopencm3-plus//lib/libopencm3_plus_stm32f429idiscovery.a(null.o)
 .debug_loc     0x0000000000001d3e      0x1cc ../../../../../libopencm3//lib/libopencm3_stm32f4.a(desig_common_all.o)
 .debug_loc     0x0000000000001f0a       0x33 ../../../../../libopencm3//lib/libopencm3_stm32f4.a(desig_common_v1.o)
 .debug_loc     0x0000000000001f3d       0xbe ../../../../../libopencm3//lib/libopencm3_stm32f4.a(gpio_common_all.o)
 .debug_loc     0x0000000000001ffb      0x14f ../../../../../libopencm3//lib/libopencm3_stm32f4.a(gpio_common_f0234.o)
 .debug_loc     0x000000000000214a      0x120 ../../../../../libopencm3//lib/libopencm3_stm32f4.a(rcc_common_all.o)
 .debug_loc     0x000000000000226a      0x867 ../../../../../libopencm3//lib/libopencm3_stm32f4.a(rcc.o)
 .debug_loc     0x0000000000002ad1      0x544 ../../../../../libopencm3//lib/libopencm3_stm32f4.a(usb.o)
 .debug_loc     0x0000000000003015     0x13bc ../../../../../libopencm3//lib/libopencm3_stm32f4.a(usb_standard.o)
 .debug_loc     0x00000000000043d1      0x83a ../../../../../libopencm3//lib/libopencm3_stm32f4.a(usb_control.o)
 .debug_loc     0x0000000000004c0b      0x128 ../../../../../libopencm3//lib/libopencm3_stm32f4.a(vector.o)
 .debug_loc     0x0000000000004d33      0x14d ../../../../../libopencm3//lib/libopencm3_stm32f4.a(nvic.o)
 .debug_loc     0x0000000000004e80       0x47 ../../../../../libopencm3//lib/libopencm3_stm32f4.a(flash_common_all.o)
 .debug_loc     0x0000000000004ec7       0x47 ../../../../../libopencm3//lib/libopencm3_stm32f4.a(pwr.o)
 .debug_loc     0x0000000000004f0e      0x8c0 ../../../../../libopencm3//lib/libopencm3_stm32f4.a(usb_dwc_common.o)
 .debug_loc     0x00000000000057ce       0x92 /usr/lib/gcc/arm-none-eabi/10.3.1/../../../arm-none-eabi/lib/thumb/v7e-m+fp/hard/libc.a(lib_a-fileno.o)
 .debug_loc     0x0000000000005860      0x3cc /usr/lib/gcc/arm-none-eabi/10.3.1/../../../arm-none-eabi/lib/thumb/v7e-m+fp/hard/libc.a(lib_a-findfp.o)
 .debug_loc     0x0000000000005c2c      0x1bf /usr/lib/gcc/arm-none-eabi/10.3.1/../../../arm-none-eabi/lib/thumb/v7e-m+fp/hard/libc.a(lib_a-fwalk.o)
 .debug_loc     0x0000000000005deb      0x1da /usr/lib/gcc/arm-none-eabi/10.3.1/../../../arm-none-eabi/lib/thumb/v7e-m+fp/hard/libc.a(lib_a-getc.o)
 .debug_loc     0x0000000000005fc5       0x64 /usr/lib/gcc/arm-none-eabi/10.3.1/../../../arm-none-eabi/lib/thumb/v7e-m+fp/hard/libc.a(lib_a-malloc.o)
 .debug_loc     0x0000000000006029      0xea2 /usr/lib/gcc/arm-none-eabi/10.3.1/../../../arm-none-eabi/lib/thumb/v7e-m+fp/hard/libc.a(lib_a-mallocr.o)
 .debug_loc     0x0000000000006ecb      0x1db /usr/lib/gcc/arm-none-eabi/10.3.1/../../../arm-none-eabi/lib/thumb/v7e-m+fp/hard/libc.a(lib_a-memcmp.o)
 .debug_loc     0x00000000000070a6      0x22c /usr/lib/gcc/arm-none-eabi/10.3.1/../../../arm-none-eabi/lib/thumb/v7e-m+fp/hard/libc.a(lib_a-memset.o)
 .debug_loc     0x00000000000072d2       0x64 /usr/lib/gcc/arm-none-eabi/10.3.1/../../../arm-none-eabi/lib/thumb/v7e-m+fp/hard/libc.a(lib_a-printf.o)
 .debug_loc     0x0000000000007336      0x48c /usr/lib/gcc/arm-none-eabi/10.3.1/../../../arm-none-eabi/lib/thumb/v7e-m+fp/hard/libc.a(lib_a-putc.o)
 .debug_loc     0x00000000000077c2      0x166 /usr/lib/gcc/arm-none-eabi/10.3.1/../../../arm-none-eabi/lib/thumb/v7e-m+fp/hard/libc.a(lib_a-rget.o)